Component: ARM Compiler 5.06 update 7 (build 960) Tool: armlink [4d3601]

==============================================================================

Section Cross References

    startup_stm32f10x_md.o(STACK) refers (Special) to heapauxi.o(.text) for __use_two_region_memory
    startup_stm32f10x_md.o(HEAP) refers (Special) to heapauxi.o(.text) for __use_two_region_memory
    startup_stm32f10x_md.o(RESET) refers (Special) to heapauxi.o(.text) for __use_two_region_memory
    startup_stm32f10x_md.o(RESET) refers to startup_stm32f10x_md.o(STACK) for __initial_sp
    startup_stm32f10x_md.o(RESET) refers to startup_stm32f10x_md.o(.text) for Reset_Handler
    startup_stm32f10x_md.o(RESET) refers to stm32f10x_it.o(i.NMI_Handler) for NMI_Handler
    startup_stm32f10x_md.o(RESET) refers to stm32f10x_it.o(i.HardFault_Handler) for HardFault_Handler
    startup_stm32f10x_md.o(RESET) refers to stm32f10x_it.o(i.MemManage_Handler) for MemManage_Handler
    startup_stm32f10x_md.o(RESET) refers to stm32f10x_it.o(i.BusFault_Handler) for BusFault_Handler
    startup_stm32f10x_md.o(RESET) refers to stm32f10x_it.o(i.UsageFault_Handler) for UsageFault_Handler
    startup_stm32f10x_md.o(RESET) refers to port.o(.emb_text) for SVC_Handler
    startup_stm32f10x_md.o(RESET) refers to stm32f10x_it.o(i.DebugMon_Handler) for DebugMon_Handler
    startup_stm32f10x_md.o(RESET) refers to port.o(i.SysTick_Handler) for SysTick_Handler
    startup_stm32f10x_md.o(RESET) refers to ultrasound.o(i.EXTI0_IRQHandler) for EXTI0_IRQHandler
    startup_stm32f10x_md.o(RESET) refers to pid.o(i.EXTI1_IRQHandler) for EXTI1_IRQHandler
    startup_stm32f10x_md.o(RESET) refers to delay_1.o(i.TIM2_IRQHandler) for TIM2_IRQHandler
    startup_stm32f10x_md.o(RESET) refers to usart.o(i.USART2_IRQHandler) for USART2_IRQHandler
    startup_stm32f10x_md.o(.text) refers (Special) to heapauxi.o(.text) for __use_two_region_memory
    startup_stm32f10x_md.o(.text) refers to system_stm32f10x.o(i.SystemInit) for SystemInit
    startup_stm32f10x_md.o(.text) refers to __main.o(!!!main) for __main
    startup_stm32f10x_md.o(.text) refers to startup_stm32f10x_md.o(HEAP) for Heap_Mem
    startup_stm32f10x_md.o(.text) refers to startup_stm32f10x_md.o(STACK) for Stack_Mem
    system_stm32f10x.o(i.SetSysClock) refers to system_stm32f10x.o(i.SetSysClockTo72) for SetSysClockTo72
    system_stm32f10x.o(i.SystemCoreClockUpdate) refers to system_stm32f10x.o(.data) for SystemCoreClock
    system_stm32f10x.o(i.SystemInit) refers to system_stm32f10x.o(i.SetSysClock) for SetSysClock
    stm32f10x_adc.o(i.ADC_DeInit) refers to stm32f10x_rcc.o(i.RCC_APB2PeriphResetCmd) for RCC_APB2PeriphResetCmd
    stm32f10x_bkp.o(i.BKP_DeInit) refers to stm32f10x_rcc.o(i.RCC_BackupResetCmd) for RCC_BackupResetCmd
    stm32f10x_can.o(i.CAN_DeInit) refers to stm32f10x_rcc.o(i.RCC_APB1PeriphResetCmd) for RCC_APB1PeriphResetCmd
    stm32f10x_can.o(i.CAN_GetITStatus) refers to stm32f10x_can.o(i.CheckITStatus) for CheckITStatus
    stm32f10x_cec.o(i.CEC_DeInit) refers to stm32f10x_rcc.o(i.RCC_APB1PeriphResetCmd) for RCC_APB1PeriphResetCmd
    stm32f10x_dac.o(i.DAC_DeInit) refers to stm32f10x_rcc.o(i.RCC_APB1PeriphResetCmd) for RCC_APB1PeriphResetCmd
    stm32f10x_flash.o(i.FLASH_EnableWriteProtection) refers to stm32f10x_flash.o(i.FLASH_WaitForLastOperation) for FLASH_WaitForLastOperation
    stm32f10x_flash.o(i.FLASH_EraseAllBank1Pages) refers to stm32f10x_flash.o(i.FLASH_WaitForLastBank1Operation) for FLASH_WaitForLastBank1Operation
    stm32f10x_flash.o(i.FLASH_EraseAllPages) refers to stm32f10x_flash.o(i.FLASH_WaitForLastOperation) for FLASH_WaitForLastOperation
    stm32f10x_flash.o(i.FLASH_EraseOptionBytes) refers to stm32f10x_flash.o(i.FLASH_GetReadOutProtectionStatus) for FLASH_GetReadOutProtectionStatus
    stm32f10x_flash.o(i.FLASH_EraseOptionBytes) refers to stm32f10x_flash.o(i.FLASH_WaitForLastOperation) for FLASH_WaitForLastOperation
    stm32f10x_flash.o(i.FLASH_ErasePage) refers to stm32f10x_flash.o(i.FLASH_WaitForLastOperation) for FLASH_WaitForLastOperation
    stm32f10x_flash.o(i.FLASH_ProgramHalfWord) refers to stm32f10x_flash.o(i.FLASH_WaitForLastOperation) for FLASH_WaitForLastOperation
    stm32f10x_flash.o(i.FLASH_ProgramOptionByteData) refers to stm32f10x_flash.o(i.FLASH_WaitForLastOperation) for FLASH_WaitForLastOperation
    stm32f10x_flash.o(i.FLASH_ProgramWord) refers to stm32f10x_flash.o(i.FLASH_WaitForLastOperation) for FLASH_WaitForLastOperation
    stm32f10x_flash.o(i.FLASH_ReadOutProtection) refers to stm32f10x_flash.o(i.FLASH_WaitForLastOperation) for FLASH_WaitForLastOperation
    stm32f10x_flash.o(i.FLASH_UserOptionByteConfig) refers to stm32f10x_flash.o(i.FLASH_WaitForLastOperation) for FLASH_WaitForLastOperation
    stm32f10x_flash.o(i.FLASH_WaitForLastBank1Operation) refers to stm32f10x_flash.o(i.FLASH_GetBank1Status) for FLASH_GetBank1Status
[...]
    Library\stm32f10x_rcc.c                  0x00000000   Number         0  stm32f10x_rcc.o ABSOLUTE
    Library\stm32f10x_rtc.c                  0x00000000   Number         0  stm32f10x_rtc.o ABSOLUTE
    Library\stm32f10x_sdio.c                 0x00000000   Number         0  stm32f10x_sdio.o ABSOLUTE
    Library\stm32f10x_spi.c                  0x00000000   Number         0  stm32f10x_spi.o ABSOLUTE
    Library\stm32f10x_tim.c                  0x00000000   Number         0  stm32f10x_tim.o ABSOLUTE
    Library\stm32f10x_usart.c                0x00000000   Number         0  stm32f10x_usart.o ABSOLUTE
    Library\stm32f10x_wwdg.c                 0x00000000   Number         0  stm32f10x_wwdg.o ABSOLUTE
    Peripheral\ENCODER\ENCODER.c             0x00000000   Number         0  encoder.o ABSOLUTE
    Peripheral\GPIO\GPIO.c                   0x00000000   Number         0  gpio.o ABSOLUTE
    Peripheral\IIC\IIC.c                     0x00000000   Number         0  iic.o ABSOLUTE
    Peripheral\TIM\TIM.c                     0x00000000   Number         0  tim.o ABSOLUTE
    Peripheral\USART\USART.c                 0x00000000   Number         0  usart.o ABSOLUTE
    Software\DMP\inv_mpu.c                   0x00000000   Number         0  inv_mpu.o ABSOLUTE
    Software\DMP\inv_mpu_dmp_motion_driver.c 0x00000000   Number         0  inv_mpu_dmp_motion_driver.o ABSOLUTE
    Software\Delay\Delay.c                   0x00000000   Number         0  delay_1.o ABSOLUTE
    Software\Manual\Manual.c                 0x00000000   Number         0  manual.o ABSOLUTE
    Software\MyTask\MyTask.c                 0x00000000   Number         0  mytask.o ABSOLUTE
    Software\PID\PID.c                       0x00000000   Number         0  pid.o ABSOLUTE
    Software\Receive\Receive.c               0x00000000   Number         0  receive.o ABSOLUTE
    Software\Reply\Reply.c                   0x00000000   Number         0  reply.o ABSOLUTE
    Start\\core_cm3.c                        0x00000000   Number         0  core_cm3.o ABSOLUTE
    Start\core_cm3.c                         0x00000000   Number         0  core_cm3.o ABSOLUTE
    Start\startup_stm32f10x_md.s             0x00000000   Number         0  startup_stm32f10x_md.o ABSOLUTE
    Start\system_stm32f10x.c                 0x00000000   Number         0  system_stm32f10x.o ABSOLUTE
    System\\sys.c                            0x00000000   Number         0  sys.o ABSOLUTE
    System\sys.c                             0x00000000   Number         0  sys.o ABSOLUTE
    User\main.c                              0x00000000   Number         0  main.o ABSOLUTE
    User\stm32f10x_it.c                      0x00000000   Number         0  stm32f10x_it.o ABSOLUTE
    dc.s                                     0x00000000   Number         0  dc.o ABSOLUTE
    RESET                                    0x08000000   Section      236  startup_stm32f10x_md.o(RESET)
    !!!main                                  0x080000ec   Section        8  __main.o(!!!main)
    !!!scatter                               0x080000f4   Section       52  __scatter.o(!!!scatter)
    !!dczerorl2                              0x08000128   Section       90  __dczerorl2.o(!!dczerorl2)
    !!handler_zi                             0x08000184   Section       28  __scatter_zi.o(!!handler_zi)
    .ARM.Collect$$libinit$$00000000          0x080001a0   Section        2  libinit.o(.ARM.Collect$$libinit$$00000000)
    .ARM.Collect$$libinit$$00000002          0x080001a2   Section        0  libinit2.o(.ARM.Collect$$libinit$$00000002)
    .ARM.Collect$$libinit$$00000004          0x080001a2   Section        0  libinit2.o(.ARM.Collect$$libinit$$00000004)
    .ARM.Collect$$libinit$$0000000A          0x080001a2   Section        0  libinit2.o(.ARM.Collect$$libinit$$0000000A)
    .ARM.Collect$$libinit$$0000000C          0x080001a2   Section        0  libinit2.o(.ARM.Collect$$libinit$$0000000C)
    .ARM.Collect$$libinit$$0000000E          0x080001a2   Section        0  libinit2.o(.ARM.Collect$$libinit$$0000000E)
    .ARM.Collect$$libinit$$00000011          0x080001a2   Section        0  libinit2.o(.ARM.Collect$$libinit$$00000011)
    .ARM.Collect$$libinit$$00000013          0x080001a2   Section        0  libinit2.o(.ARM.Collect$$libinit$$00000013)
    .ARM.Collect$$libinit$$00000015          0x080001a2   Section        0  libinit2.o(.ARM.Collect$$libinit$$00000015)
    .ARM.Collect$$libinit$$00000017          0x080001a2   Section        0  libinit2.o(.ARM.Collect$$libinit$$00000017)
    .ARM.Collect$$libinit$$00000019          0x080001a2   Section        0  libinit2.o(.ARM.Collect$$libinit$$00000019)
    .ARM.Collect$$libinit$$0000001B          0x080001a2   Section        0  libinit2.o(.ARM.Collect$$libinit$$0000001B)
    .ARM.Collect$$libinit$$0000001D          0x080001a2   Section        0  libinit2.o(.ARM.Collect$$libinit$$0000001D)
    .ARM.Collect$$libinit$$0000001F          0x080001a2   Section        0  libinit2.o(.ARM.Collect$$libinit$$0000001F)
    .ARM.Collect$$libinit$$00000021          0x080001a2   Section        0  libinit2.o(.ARM.Collect$$libinit$$00000021)
    .ARM.Collect$$libinit$$00000023          0x080001a2   Section        0  libinit2.o(.ARM.Collect$$libinit$$00000023)
    .ARM.Collect$$libinit$$00000025          0x080001a2   Section        0  libinit2.o(.ARM.Collect$$libinit$$00000025)
    .ARM.Collect$$libinit$$0000002C          0x080001a2   Section        0  libinit2.o(.ARM.Collect$$libinit$$0000002C)
    .ARM.Collect$$libinit$$0000002E          0x080001a2   Section        0  libinit2.o(.ARM.Collect$$libinit$$0000002E)
    .ARM.Collect$$libinit$$00000030          0x080001a2   Section        0  libinit2.o(.ARM.Collect$$libinit$$00000030)
    .ARM.Collect$$libinit$$00000032          0x080001a2   Section        0  libinit2.o(.ARM.Collect$$libinit$$00000032)
    .ARM.Collect$$libinit$$00000033          0x080001a2   Section        2  libinit2.o(.ARM.Collect$$libinit$$00000033)
    .ARM.Collect$$libshutdown$$00000000      0x080001a4   Section        2  libshutdown.o(.ARM.Collect$$libshutdown$$00000000)
    .ARM.Collect$$libshutdown$$00000002      0x080001a6   Section        0  libshutdown2.o(.ARM.Collect$$libshutdown$$00000002)
    .ARM.Collect$$libshutdown$$00000004      0x080001a6   Section        0  libshutdown2.o(.ARM.Collect$$libshutdown$$00000004)
    .ARM.Collect$$libshutdown$$00000006      0x080001a6   Section        0  libshutdown2.o(.ARM.Collect$$libshutdown$$00000006)
    .ARM.Collect$$libshutdown$$00000009      0x080001a6   Section        0  libshutdown2.o(.ARM.Collect$$libshutdown$$00000009)
    .ARM.Collect$$libshutdown$$0000000C      0x080001a6   Section        0  libshutdown2.o(.ARM.Collect$$libshutdown$$0000000C)
    .ARM.Collect$$libshutdown$$0000000E      0x080001a6   Section        0  libshutdown2.o(.ARM.Collect$$libshutdown$$0000000E)
    .ARM.Collect$$libshutdown$$00000011      0x080001a6   Section        0  libshutdown2.o(.ARM.Collect$$libshutdown$$00000011)
    .ARM.Collect$$libshutdown$$00000012      0x080001a6   Section        2  libshutdown2.o(.ARM.Collect$$libshutdown$$00000012)
    .ARM.Collect$$rtentry$$00000000          0x080001a8   Section        0  __rtentry.o(.ARM.Collect$$rtentry$$00000000)
    .ARM.Collect$$rtentry$$00000002          0x080001a8   Section        0  __rtentry2.o(.ARM.Collect$$rtentry$$00000002)
    .ARM.Collect$$rtentry$$00000004          0x080001a8   Section        6  __rtentry4.o(.ARM.Collect$$rtentry$$00000004)
    .ARM.Collect$$rtentry$$00000009          0x080001ae   Section        0  __rtentry2.o(.ARM.Collect$$rtentry$$00000009)
    .ARM.Collect$$rtentry$$0000000A          0x080001ae   Section        4  __rtentry2.o(.ARM.Collect$$rtentry$$0000000A)
    .ARM.Collect$$rtentry$$0000000C          0x080001b2   Section        0  __rtentry2.o(.ARM.Collect$$rtentry$$0000000C)
    .ARM.Collect$$rtentry$$0000000D          0x080001b2   Section        8  __rtentry2.o(.ARM.Collect$$rtentry$$0000000D)
    .ARM.Collect$$rtexit$$00000000           0x080001ba   Section        2  rtexit.o(.ARM.Collect$$rtexit$$00000000)
    .ARM.Collect$$rtexit$$00000002           0x080001bc   Section        0  rtexit2.o(.ARM.Collect$$rtexit$$00000002)
    .ARM.Collect$$rtexit$$00000003           0x080001bc   Section        4  rtexit2.o(.ARM.Collect$$rtexit$$00000003)
    .ARM.Collect$$rtexit$$00000004           0x080001c0   Section        6  rtexit2.o(.ARM.Collect$$rtexit$$00000004)
    .emb_text                                0x080001c8   Section      150  port.o(.emb_text)
    .text                                    0x08000260   Section       64  startup_stm32f10x_md.o(.text)
    .text                                    0x080002a0   Section        0  heapauxi.o(.text)
    .text                                    0x080002a8   Section        8  rt_errno_addr_intlibspace.o(.text)
    .text                                    0x080002b0   Section        0  _rserrno.o(.text)
    .text                                    0x080002c8   Section        8  libspace.o(.text)
    .text                                    0x080002d0   Section       74  sys_stackheap_outer.o(.text)
    .text                                    0x0800031a   Section        0  exit.o(.text)
    .text                                    0x0800032c   Section        0  sys_exit.o(.text)
    .text                                    0x08000338   Section        2  use_no_semi.o(.text)
    .text                                    0x0800033a   Section        0  indicate_semi.o(.text)
    i.BusFault_Handler                       0x0800033a   Section        0  stm32f10x_it.o(i.BusFault_Handler)
    i.DebugMon_Handler                       0x0800033e   Section        0  stm32f10x_it.o(i.DebugMon_Handler)
    i.Delay_Getxms                           0x08000340   Section        0  delay_1.o(i.Delay_Getxms)
    i.Delay_ms                               0x0800034c   Section        0  delay_1.o(i.Delay_ms)
    i.Delay_us                               0x08000364   Section        0  delay_1.o(i.Delay_us)
    i.ENCODER_GetSpeed                       0x0800036c   Section        0  encoder.o(i.ENCODER_GetSpeed)
    i.EXTI0_IRQHandler                       0x08000378   Section        0  ultrasound.o(i.EXTI0_IRQHandler)
    i.EXTI1_IRQHandler                       0x080003ac   Section        0  pid.o(i.EXTI1_IRQHandler)
    i.EXTI_ClearITPendingBit                 0x08000480   Section        0  stm32f10x_exti.o(i.EXTI_ClearITPendingBit)
    i.EXTI_GetITStatus                       0x0800048c   Section        0  stm32f10x_exti.o(i.EXTI_GetITStatus)
    i.GPIO_Init                              0x080004b4   Section        0  stm32f10x_gpio.o(i.GPIO_Init)
    i.GPIO_InitPro                           0x080005ca   Section        0  gpio.o(i.GPIO_InitPro)
    i.GPIO_MOTOR_AIN1                        0x080005d4   Section        0  gpio.o(i.GPIO_MOTOR_AIN1)
    i.GPIO_MOTOR_AIN2                        0x080005e8   Section        0  gpio.o(i.GPIO_MOTOR_AIN2)
    i.GPIO_MOTOR_BIN1                        0x080005fc   Section        0  gpio.o(i.GPIO_MOTOR_BIN1)
    i.GPIO_MOTOR_BIN2                        0x08000614   Section        0  gpio.o(i.GPIO_MOTOR_BIN2)
    i.GPIO_MOTOR_Init                        0x0800062c   Section        0  gpio.o(i.GPIO_MOTOR_Init)
    i.GPIO_MOTOR_STBY                        0x08000700   Section        0  gpio.o(i.GPIO_MOTOR_STBY)
    i.GPIO_PinRemapConfig                    0x08000718   Section        0  stm32f10x_gpio.o(i.GPIO_PinRemapConfig)
    i.GPIO_ReadInputDataBit                  0x080007a8   Section        0  stm32f10x_gpio.o(i.GPIO_ReadInputDataBit)
    i.GPIO_SCL_Config                        0x080007bc   Section        0  gpio.o(i.GPIO_SCL_Config)
    i.GPIO_SDA_Config                        0x080007d8   Section        0  gpio.o(i.GPIO_SDA_Config)
    i.GPIO_SDA_Read                          0x080007f4   Section        0  gpio.o(i.GPIO_SDA_Read)
    i.GPIO_UltraSound_Echo                   0x08000808   Section        0  gpio.o(i.GPIO_UltraSound_Echo)
    i.GPIO_WriteBit                          0x08000818   Section        0  stm32f10x_gpio.o(i.GPIO_WriteBit)
    i.HardFault_Handler                      0x08000822   Section        0  stm32f10x_it.o(i.HardFault_Handler)
    i.IIC_ReadReg                            0x08000826   Section        0  iic.o(i.IIC_ReadReg)
    i.IIC_ReceiveAck                         0x080008a8   Section        0  iic.o(i.IIC_ReceiveAck)
    i.IIC_ReceiveByte                        0x080008c6   Section        0  iic.o(i.IIC_ReceiveByte)
    i.IIC_SendAck                            0x08000904   Section        0  iic.o(i.IIC_SendAck)
    i.IIC_SendByte                           0x0800091c   Section        0  iic.o(i.IIC_SendByte)
    i.IIC_Start                              0x08000946   Section        0  iic.o(i.IIC_Start)
    i.IIC_Stop                               0x08000962   Section        0  iic.o(i.IIC_Stop)
    i.IIC_WriteReg                           0x08000978   Section        0  iic.o(i.IIC_WriteReg)
    i.MOTOR_ENABLE                           0x080009dc   Section        0  motor.o(i.MOTOR_ENABLE)
    i.MOTOR_InitPro                          0x080009e6   Section        0  motor.o(i.MOTOR_InitPro)
    i.MOTOR_Left_Negative                    0x080009fa   Section        0  motor.o(i.MOTOR_Left_Negative)
    i.MOTOR_Left_Positive                    0x08000a0a   Section        0  motor.o(i.MOTOR_Left_Positive)
    i.MOTOR_Left_Pulse                       0x08000a1a   Section        0  motor.o(i.MOTOR_Left_Pulse)
    i.MOTOR_Limit                            0x08000a26   Section        0  motor.o(i.MOTOR_Limit)
    i.MOTOR_Pulse_Config                     0x08000a3a   Section        0  motor.o(i.MOTOR_Pulse_Config)
    i.MOTOR_Right_Negative                   0x08000aba   Section        0  motor.o(i.MOTOR_Right_Negative)
    i.MOTOR_Right_Positive                   0x08000aca   Section        0  motor.o(i.MOTOR_Right_Positive)
    i.MOTOR_Right_Pulse                      0x08000ada   Section        0  motor.o(i.MOTOR_Right_Pulse)
    i.MPU6050_DMP_Get_Data                   0x08000ae8   Section        0  mpu6050.o(i.MPU6050_DMP_Get_Data)
    i.MemManage_Handler                      0x08000d48   Section        0  stm32f10x_it.o(i.MemManage_Handler)
    i.NMI_Handler                            0x08000d4c   Section        0  stm32f10x_it.o(i.NMI_Handler)
    i.PID_Return_Function                    0x08000d50   Section        0  pid.o(i.PID_Return_Function)
    i.PID_Speed_Function                     0x08000ed0   Section        0  pid.o(i.PID_Speed_Function)
    i.PID_Vertical_Function                  0x08000fdc   Section        0  pid.o(i.PID_Vertical_Function)
    i.RCC_APB1PeriphClockCmd                 0x08001048   Section        0  stm32f10x_rcc.o(i.RCC_APB1PeriphClockCmd)
    i.RCC_APB2PeriphClockCmd                 0x08001068   Section        0  stm32f10x_rcc.o(i.RCC_APB2PeriphClockCmd)
    i.SetSysClock                            0x08001088   Section        0  system_stm32f10x.o(i.SetSysClock)
    SetSysClock                              0x08001089   Thumb Code     8  system_stm32f10x.o(i.SetSysClock)
    i.SetSysClockTo72                        0x08001090   Section        0  system_stm32f10x.o(i.SetSysClockTo72)
    SetSysClockTo72                          0x08001091   Thumb Code   214  system_stm32f10x.o(i.SetSysClockTo72)
    i.SysTick_Handler                        0x08001170   Section        0  port.o(i.SysTick_Handler)
    i.SystemInit                             0x080011a4   Section        0  system_stm32f10x.o(i.SystemInit)
    i.TIM2_IRQHandler                        0x08001204   Section        0  delay_1.o(i.TIM2_IRQHandler)
    i.TIM_ClearITPendingBit                  0x0800122c   Section        0  stm32f10x_tim.o(i.TIM_ClearITPendingBit)
    i.TIM_Cmd                                0x08001232   Section        0  stm32f10x_tim.o(i.TIM_Cmd)
    i.TIM_Count_OFF                          0x0800124c   Section        0  tim.o(i.TIM_Count_OFF)
    i.TIM_Count_ON                           0x0800125c   Section        0  tim.o(i.TIM_Count_ON)
    i.TIM_GetITStatus                        0x0800126c   Section        0  stm32f10x_tim.o(i.TIM_GetITStatus)
    i.TIM_InitPro                            0x0800128e   Section        0  tim.o(i.TIM_InitPro)
    i.TIM_MOTOR_CH1_Pulse                    0x08001298   Section        0  tim.o(i.TIM_MOTOR_CH1_Pulse)
    i.TIM_MOTOR_CH2_Pulse                    0x080012ac   Section        0  tim.o(i.TIM_MOTOR_CH2_Pulse)
    i.TIM_MOTOR_Init                         0x080012c0   Section        0  tim.o(i.TIM_MOTOR_Init)
    i.TIM_OC1Init                            0x08001348   Section        0  stm32f10x_tim.o(i.TIM_OC1Init)
    i.TIM_OC2Init                            0x080013e0   Section        0  stm32f10x_tim.o(i.TIM_OC2Init)
    i.TIM_OCStructInit                       0x08001484   Section        0  stm32f10x_tim.o(i.TIM_OCStructInit)
    i.TIM_SetCompare1                        0x08001498   Section        0  stm32f10x_tim.o(i.TIM_SetCompare1)
    i.TIM_SetCompare2                        0x0800149c   Section        0  stm32f10x_tim.o(i.TIM_SetCompare2)
    i.TIM_TimeBaseInit                       0x080014a0   Section        0  stm32f10x_tim.o(i.TIM_TimeBaseInit)
    i.USART2_IRQHandler                      0x08001544   Section        0  usart.o(i.USART2_IRQHandler)
    i.USART_ClearITPendingBit                0x08001594   Section        0  stm32f10x_usart.o(i.USART_ClearITPendingBit)
    i.USART_GetITStatus                      0x080015b2   Section        0  stm32f10x_usart.o(i.USART_GetITStatus)
    i.UsageFault_Handler                     0x08001606   Section        0  stm32f10x_it.o(i.UsageFault_Handler)
    i.__ARM_fpclassify                       0x0800160a   Section        0  fpclassify.o(i.__ARM_fpclassify)
    i.__kernel_poly                          0x08001632   Section        0  poly.o(i.__kernel_poly)
    i.__mathlib_dbl_infnan                   0x080016dc   Section        0  dunder.o(i.__mathlib_dbl_infnan)
    i.__mathlib_dbl_infnan2                  0x080016e2   Section        0  dunder.o(i.__mathlib_dbl_infnan2)
    i.__mathlib_dbl_invalid                  0x080016e6   Section        0  dunder.o(i.__mathlib_dbl_invalid)
    i.__mathlib_dbl_underflow                0x080016f4   Section        0  dunder.o(i.__mathlib_dbl_underflow)
    i.asin                                   0x08001704   Section        0  asin.o(i.asin)
    i.atan                                   0x08001974   Section        0  atan.o(i.atan)
    i.atan2                                  0x08001b94   Section        0  atan2.o(i.atan2)
    i.decode_gesture                         0x08001d30   Section        0  inv_mpu_dmp_motion_driver.o(i.decode_gesture)
    decode_gesture                           0x08001d31   Thumb Code    94  inv_mpu_dmp_motion_driver.o(i.decode_gesture)
    i.dmp_read_fifo                          0x08001d94   Section        0  inv_mpu_dmp_motion_driver.o(i.dmp_read_fifo)
    i.main                                   0x08001f60   Section        0  main.o(i.main)
    i.mpu_read_fifo_stream                   0x08001fa0   Section        0  inv_mpu.o(i.mpu_read_fifo_stream)
    i.mpu_reset_fifo                         0x08002060   Section        0  inv_mpu.o(i.mpu_reset_fifo)
    i.prvResetNextTaskUnblockTime            0x08002228   Section        0  tasks.o(i.prvResetNextTaskUnblockTime)
    prvResetNextTaskUnblockTime              0x08002229   Thumb Code    40  tasks.o(i.prvResetNextTaskUnblockTime)
    i.sqrt                                   0x08002258   Section        0  sqrt.o(i.sqrt)
    i.vTaskSwitchContext                     0x080022a4   Section        0  tasks.o(i.vTaskSwitchContext)
    i.xTaskIncrementTick                     0x08002304   Section        0  tasks.o(i.xTaskIncrementTick)
    x$fpl$d2f                                0x08002494   Section       98  d2f.o(x$fpl$d2f)
    x$fpl$dadd                               0x080024f8   Section      336  daddsub_clz.o(x$fpl$dadd)
    _dadd1                                   0x08002509   Thumb Code     0  daddsub_clz.o(x$fpl$dadd)
    x$fpl$dcheck1                            0x08002648   Section       16  dcheck1.o(x$fpl$dcheck1)
    x$fpl$dcmpinf                            0x08002658   Section       24  dcmpi.o(x$fpl$dcmpinf)
    x$fpl$ddiv                               0x08002670   Section      688  ddiv.o(x$fpl$ddiv)
    ddiv_entry                               0x08002677   Thumb Code     0  ddiv.o(x$fpl$ddiv)
    x$fpl$deqf                               0x08002920   Section      120  deqf.o(x$fpl$deqf)
    x$fpl$dmul                               0x08002998   Section      340  dmul.o(x$fpl$dmul)
    x$fpl$dnaninf                            0x08002aec   Section      156  dnaninf.o(x$fpl$dnaninf)
    x$fpl$dretinf                            0x08002b88   Section       12  dretinf.o(x$fpl$dretinf)
    x$fpl$drsb                               0x08002b94   Section       22  daddsub_clz.o(x$fpl$drsb)
    x$fpl$dsqrt                              0x08002bac   Section      460  dsqrt_noumaal.o(x$fpl$dsqrt)
    x$fpl$dsub                               0x08002d78   Section      468  daddsub_clz.o(x$fpl$dsub)
    _dsub1                                   0x08002d89   Thumb Code     0  daddsub_clz.o(x$fpl$dsub)
    x$fpl$f2d                                0x08002f4c   Section       86  f2d.o(x$fpl$f2d)
    x$fpl$fadd                               0x08002fa4   Section      196  faddsub_clz.o(x$fpl$fadd)
    _fadd1                                   0x08002fb3   Thumb Code     0  faddsub_clz.o(x$fpl$fadd)
    x$fpl$fcmpinf                            0x08003068   Section       24  fcmpi.o(x$fpl$fcmpinf)
    x$fpl$fdiv                               0x08003080   Section      388  fdiv.o(x$fpl$fdiv)
    _fdiv1                                   0x08003081   Thumb Code     0  fdiv.o(x$fpl$fdiv)
    x$fpl$ffix                               0x08003204   Section       54  ffix.o(x$fpl$ffix)
    x$fpl$fflt                               0x0800323c   Section       48  fflt_clz.o(x$fpl$fflt)
    x$fpl$fleqf                              0x0800326c   Section      104  fleqf.o(x$fpl$fleqf)
    x$fpl$fmul                               0x080032d4   Section      258  fmul.o(x$fpl$fmul)
    x$fpl$fnaninf                            0x080033d6   Section      140  fnaninf.o(x$fpl$fnaninf)
    x$fpl$fretinf                            0x08003462   Section       10  fretinf.o(x$fpl$fretinf)
    x$fpl$frleqf                             0x0800346c   Section       98  frleqf.o(x$fpl$frleqf)
    x$fpl$frsb                               0x080034ce   Section       20  faddsub_clz.o(x$fpl$frsb)
    x$fpl$fsub                               0x080034e4   Section      234  faddsub_clz.o(x$fpl$fsub)
    _fsub1                                   0x080034f3   Thumb Code     0  faddsub_clz.o(x$fpl$fsub)
    x$fpl$retnan                             0x080035ce   Section      100  retnan.o(x$fpl$retnan)
    x$fpl$scalbn                             0x08003632   Section       92  scalbn.o(x$fpl$scalbn)
    x$fpl$trapveneer                         0x0800368e   Section       48  trapv.o(x$fpl$trapveneer)
    x$fpl$usenofp                            0x080036be   Section        0  usenofp.o(x$fpl$usenofp)
    .constdata                               0x080036c0   Section       84  inv_mpu.o(.constdata)
    .constdata                               0x08003718   Section       80  asin.o(.constdata)
    pS                                       0x08003718   Data          48  asin.o(.constdata)
    qS                                       0x08003748   Data          32  asin.o(.constdata)
    .constdata                               0x08003768   Section      152  atan.o(.constdata)
    atanhi                                   0x08003768   Data          32  atan.o(.constdata)
    atanlo                                   0x08003788   Data          32  atan.o(.constdata)
    aTodd                                    0x080037a8   Data          40  atan.o(.constdata)
    aTeven                                   0x080037d0   Data          48  atan.o(.constdata)
    .constdata                               0x08003800   Section        8  qnan.o(.constdata)
    .data                                    0x20000000   Section        5  usart.o(.data)
    .data                                    0x20000008   Section        8  encoder.o(.data)
    .data                                    0x20000010   Section        8  ultrasound.o(.data)
    .data                                    0x20000018   Section       52  mpu6050.o(.data)
    gyro_orientation                         0x20000027   Data           9  mpu6050.o(.data)
    .data                                    0x2000004c   Section      120  pid.o(.data)
    .data                                    0x200000c4   Section        4  delay_1.o(.data)
    .data                                    0x200000c8   Section       44  inv_mpu.o(.data)
    st                                       0x200000c8   Data          44  inv_mpu.o(.data)
    .data                                    0x200000f4   Section       64  tasks.o(.data)
    pxDelayedTaskList                        0x200000f8   Data           4  tasks.o(.data)
    pxOverflowDelayedTaskList                0x200000fc   Data           4  tasks.o(.data)
    uxDeletedTasksWaitingCleanUp             0x20000100   Data           4  tasks.o(.data)
    uxCurrentNumberOfTasks                   0x20000104   Data           4  tasks.o(.data)
    xTickCount                               0x20000108   Data           4  tasks.o(.data)
    uxTopReadyPriority                       0x2000010c   Data           4  tasks.o(.data)
    xSchedulerRunning                        0x20000110   Data           4  tasks.o(.data)
    xPendedTicks                             0x20000114   Data           4  tasks.o(.data)
    xYieldPending                            0x20000118   Data           4  tasks.o(.data)
    xNumOfOverflows                          0x2000011c   Data           4  tasks.o(.data)
    uxTaskNumber                             0x20000120   Data           4  tasks.o(.data)
    xNextTaskUnblockTime                     0x20000124   Data           4  tasks.o(.data)
    xIdleTaskHandle                          0x20000128   Data           4  tasks.o(.data)
    uxSchedulerSuspended                     0x20000130   Data           4  tasks.o(.data)
    .bss                                     0x20000134   Section     1024  usart.o(.bss)
    .bss                                     0x20000534   Section       16  inv_mpu_dmp_motion_driver.o(.bss)
    dmp                                      0x20000534   Data          16  inv_mpu_dmp_motion_driver.o(.bss)
    .bss                                     0x20000544   Section      200  tasks.o(.bss)
    pxReadyTasksLists                        0x20000544   Data         100  tasks.o(.bss)
    xDelayedTaskList1                        0x200005a8   Data          20  tasks.o(.bss)
    xDelayedTaskList2                        0x200005bc   Data          20  tasks.o(.bss)
    xPendingReadyList                        0x200005d0   Data          20  tasks.o(.bss)
    xTasksWaitingTermination                 0x200005e4   Data          20  tasks.o(.bss)
    xSuspendedTaskList                       0x200005f8   Data          20  tasks.o(.bss)
    .bss                                     0x2000060c   Section       96  libspace.o(.bss)
    HEAP                                     0x20000670   Section      512  startup_stm32f10x_md.o(HEAP)
    Heap_Mem                                 0x20000670   Data         512  startup_stm32f10x_md.o(HEAP)
    STACK                                    0x20000870   Section     1024  startup_stm32f10x_md.o(STACK)
    Stack_Mem                                0x20000870   Data        1024  startup_stm32f10x_md.o(STACK)
    __initial_sp                             0x20000c70   Data           0  startup_stm32f10x_md.o(STACK)

    Global Symbols

    Symbol Name                              Value     Ov Type        Size  Object(Section)

    BuildAttributes$$THM_ISAv4$P$D$K$B$S$PE$A:L22UL41UL21$X:L11$S22US41US21$IEEE1$IW$USESV6$~STKCKD$USESV7$~SHL$OTIME$ROPI$IEEEX$EBA8$UX$STANDARDLIB$REQ8$PRES8$EABIv2 0x00000000   Number         0  anon$$obj.o ABSOLUTE
    __ARM_use_no_argv                        0x00000000   Number         0  main.o ABSOLUTE
    __ARM_exceptions_init                     - Undefined Weak Reference
    __alloca_initialize                       - Undefined Weak Reference
    __arm_fini_                               - Undefined Weak Reference
    __arm_preinit_                            - Undefined Weak Reference
    __cpp_initialize__aeabi_                  - Undefined Weak Reference
    __cxa_finalize                            - Undefined Weak Reference
    __sigvec_lookup                           - Undefined Weak Reference
    _atexit_init                              - Undefined Weak Reference
    _call_atexit_fns                          - Undefined Weak Reference
    _clock_init                               - Undefined Weak Reference
    _fp_trap_init                             - Undefined Weak Reference
    _fp_trap_shutdown                         - Undefined Weak Reference
    _get_lc_collate                           - Undefined Weak Reference
    _get_lc_monetary                          - Undefined Weak Reference
    _get_lc_numeric                           - Undefined Weak Reference
    _get_lc_time                              - Undefined Weak Reference
    _getenv_init                              - Undefined Weak Reference
    _handle_redirection                       - Undefined Weak Reference
    _init_alloc                               - Undefined Weak Reference
    _init_user_alloc                          - Undefined Weak Reference
    _initio                                   - Undefined Weak Reference
    _printf_post_padding                      - Undefined Weak Reference
    _printf_pre_padding                       - Undefined Weak Reference
    _printf_truncate_signed                   - Undefined Weak Reference
    _printf_truncate_unsigned                 - Undefined Weak Reference
    _rand_init                                - Undefined Weak Reference
    _signal_finish                            - Undefined Weak Reference
    _signal_init                              - Undefined Weak Reference
    _terminate_alloc                          - Undefined Weak Reference
    _terminate_user_alloc                     - Undefined Weak Reference
    _terminateio                              - Undefined Weak Reference
    __Vectors_Size                           0x000000ec   Number         0  startup_stm32f10x_md.o ABSOLUTE
    __Vectors                                0x08000000   Data           4  startup_stm32f10x_md.o(RESET)
    __Vectors_End                            0x080000ec   Data           0  startup_stm32f10x_md.o(RESET)
    __main                                   0x080000ed   Thumb Code     8  __main.o(!!!main)
    __scatterload                            0x080000f5   Thumb Code     0  __scatter.o(!!!scatter)
    __scatterload_rt2                        0x080000f5   Thumb Code    44  __scatter.o(!!!scatter)
    __scatterload_rt2_thumb_only             0x080000f5   Thumb Code     0  __scatter.o(!!!scatter)
    __scatterload_null                       0x08000103   Thumb Code     0  __scatter.o(!!!scatter)
    __decompress                             0x08000129   Thumb Code    90  __dczerorl2.o(!!dczerorl2)
    __decompress1                            0x08000129   Thumb Code     0  __dczerorl2.o(!!dczerorl2)
    __scatterload_zeroinit                   0x08000185   Thumb Code    28  __scatter_zi.o(!!handler_zi)
    __rt_lib_init                            0x080001a1   Thumb Code     0  libinit.o(.ARM.Collect$$libinit$$00000000)
    __rt_lib_init_alloca_1                   0x080001a3   Thumb Code     0  libinit2.o(.ARM.Collect$$libinit$$0000002E)
    __rt_lib_init_argv_1                     0x080001a3   Thumb Code     0  libinit2.o(.ARM.Collect$$libinit$$0000002C)
    __rt_lib_init_atexit_1                   0x080001a3   Thumb Code     0  libinit2.o(.ARM.Collect$$libinit$$0000001B)
    __rt_lib_init_clock_1                    0x080001a3   Thumb Code     0  libinit2.o(.ARM.Collect$$libinit$$00000021)
    __rt_lib_init_cpp_1                      0x080001a3   Thumb Code     0  libinit2.o(.ARM.Collect$$libinit$$00000032)
    __rt_lib_init_exceptions_1               0x080001a3   Thumb Code     0  libinit2.o(.ARM.Collect$$libinit$$00000030)
    __rt_lib_init_fp_1                       0x080001a3   Thumb Code     0  libinit2.o(.ARM.Collect$$libinit$$00000002)
    __rt_lib_init_fp_trap_1                  0x080001a3   Thumb Code     0  libinit2.o(.ARM.Collect$$libinit$$0000001F)
    __rt_lib_init_getenv_1                   0x080001a3   Thumb Code     0  libinit2.o(.ARM.Collect$$libinit$$00000023)
    __rt_lib_init_heap_1                     0x080001a3   Thumb Code     0  libinit2.o(.ARM.Collect$$libinit$$0000000A)
    __rt_lib_init_lc_collate_1               0x080001a3   Thumb Code     0  libinit2.o(.ARM.Collect$$libinit$$00000011)
    __rt_lib_init_lc_ctype_1                 0x080001a3   Thumb Code     0  libinit2.o(.ARM.Collect$$libinit$$00000013)
    __rt_lib_init_lc_monetary_1              0x080001a3   Thumb Code     0  libinit2.o(.ARM.Collect$$libinit$$00000015)
    __rt_lib_init_lc_numeric_1               0x080001a3   Thumb Code     0  libinit2.o(.ARM.Collect$$libinit$$00000017)
    __rt_lib_init_lc_time_1                  0x080001a3   Thumb Code     0  libinit2.o(.ARM.Collect$$libinit$$00000019)
    __rt_lib_init_preinit_1                  0x080001a3   Thumb Code     0  libinit2.o(.ARM.Collect$$libinit$$00000004)
    __rt_lib_init_rand_1                     0x080001a3   Thumb Code     0  libinit2.o(.ARM.Collect$$libinit$$0000000E)
    __rt_lib_init_return                     0x080001a3   Thumb Code     0  libinit2.o(.ARM.Collect$$libinit$$00000033)
    __rt_lib_init_signal_1                   0x080001a3   Thumb Code     0  libinit2.o(.ARM.Collect$$libinit$$0000001D)
    __rt_lib_init_stdio_1                    0x080001a3   Thumb Code     0  libinit2.o(.ARM.Collect$$libinit$$00000025)
    __rt_lib_init_user_alloc_1               0x080001a3   Thumb Code     0  libinit2.o(.ARM.Collect$$libinit$$0000000C)
    __rt_lib_shutdown                        0x080001a5   Thumb Code     0  libshutdown.o(.ARM.Collect$$libshutdown$$00000000)
    __rt_lib_shutdown_cpp_1                  0x080001a7   Thumb Code     0  libshutdown2.o(.ARM.Collect$$libshutdown$$00000004)
    __rt_lib_shutdown_fini_1                 0x080001a7   Thumb Code     0  libshutdown2.o(.ARM.Collect$$libshutdown$$00000002)
    __rt_lib_shutdown_fp_trap_1              0x080001a7   Thumb Code     0  libshutdown2.o(.ARM.Collect$$libshutdown$$00000009)
    __rt_lib_shutdown_heap_1                 0x080001a7   Thumb Code     0  libshutdown2.o(.ARM.Collect$$libshutdown$$00000011)
    __rt_lib_shutdown_return                 0x080001a7   Thumb Code     0  libshutdown2.o(.ARM.Collect$$libshutdown$$00000012)
    __rt_lib_shutdown_signal_1               0x080001a7   Thumb Code     0  libshutdown2.o(.ARM.Collect$$libshutdown$$0000000C)
    __rt_lib_shutdown_stdio_1                0x080001a7   Thumb Code     0  libshutdown2.o(.ARM.Collect$$libshutdown$$00000006)
    __rt_lib_shutdown_user_alloc_1           0x080001a7   Thumb Code     0  libshutdown2.o(.ARM.Collect$$libshutdown$$0000000E)
    __rt_entry                               0x080001a9   Thumb Code     0  __rtentry.o(.ARM.Collect$$rtentry$$00000000)
    __rt_entry_presh_1                       0x080001a9   Thumb Code     0  __rtentry2.o(.ARM.Collect$$rtentry$$00000002)
    __rt_entry_sh                            0x080001a9   Thumb Code     0  __rtentry4.o(.ARM.Collect$$rtentry$$00000004)
    __rt_entry_li                            0x080001af   Thumb Code     0  __rtentry2.o(.ARM.Collect$$rtentry$$0000000A)
    __rt_entry_postsh_1                      0x080001af   Thumb Code     0  __rtentry2.o(.ARM.Collect$$rtentry$$00000009)
    __rt_entry_main                          0x080001b3   Thumb Code     0  __rtentry2.o(.ARM.Collect$$rtentry$$0000000D)
    __rt_entry_postli_1                      0x080001b3   Thumb Code     0  __rtentry2.o(.ARM.Collect$$rtentry$$0000000C)
    __rt_exit                                0x080001bb   Thumb Code     0  rtexit.o(.ARM.Collect$$rtexit$$00000000)
    __rt_exit_ls                             0x080001bd   Thumb Code     0  rtexit2.o(.ARM.Collect$$rtexit$$00000003)
    __rt_exit_prels_1                        0x080001bd   Thumb Code     0  rtexit2.o(.ARM.Collect$$rtexit$$00000002)
    __rt_exit_exit                           0x080001c1   Thumb Code     0  rtexit2.o(.ARM.Collect$$rtexit$$00000004)
    SVC_Handler                              0x080001c9   Thumb Code    32  port.o(.emb_text)
    __asm___6_port_c_39a90d8d__prvStartFirstTask 0x080001ed   Thumb Code    28  port.o(.emb_text)
    PendSV_Handler                           0x0800020d   Thumb Code    72  port.o(.emb_text)
    vPortGetIPSR                             0x08000259   Thumb Code     6  port.o(.emb_text)
    Reset_Handler                            0x08000261   Thumb Code     8  startup_stm32f10x_md.o(.text)
    ADC1_2_IRQHandler                        0x0800027b   Thumb Code     0  startup_stm32f10x_md.o(.text)
    CAN1_RX1_IRQHandler                      0x0800027b   Thumb Code     0  startup_stm32f10x_md.o(.text)
    CAN1_SCE_IRQHandler                      0x0800027b   Thumb Code     0  startup_stm32f10x_md.o(.text)
    DMA1_Channel1_IRQHandler                 0x0800027b   Thumb Code     0  startup_stm32f10x_md.o(.text)
    DMA1_Channel2_IRQHandler                 0x0800027b   Thumb Code     0  startup_stm32f10x_md.o(.text)
    DMA1_Channel3_IRQHandler                 0x0800027b   Thumb Code     0  startup_stm32f10x_md.o(.text)
    DMA1_Channel4_IRQHandler                 0x0800027b   Thumb Code     0  startup_stm32f10x_md.o(.text)
    DMA1_Channel5_IRQHandler                 0x0800027b   Thumb Code     0  startup_stm32f10x_md.o(.text)
    DMA1_Channel6_IRQHandler                 0x0800027b   Thumb Code     0  startup_stm32f10x_md.o(.text)
    DMA1_Channel7_IRQHandler                 0x0800027b   Thumb Code     0  startup_stm32f10x_md.o(.text)
    EXTI15_10_IRQHandler                     0x0800027b   Thumb Code     0  startup_stm32f10x_md.o(.text)
    EXTI2_IRQHandler                         0x0800027b   Thumb Code     0  startup_stm32f10x_md.o(.text)
    EXTI3_IRQHandler                         0x0800027b   Thumb Code     0  startup_stm32f10x_md.o(.text)
    EXTI4_IRQHandler                         0x0800027b   Thumb Code     0  startup_stm32f10x_md.o(.text)
    EXTI9_5_IRQHandler                       0x0800027b   Thumb Code     0  startup_stm32f10x_md.o(.text)
    FLASH_IRQHandler                         0x0800027b   Thumb Code     0  startup_stm32f10x_md.o(.text)
    I2C1_ER_IRQHandler                       0x0800027b   Thumb Code     0  startup_stm32f10x_md.o(.text)
    I2C1_EV_IRQHandler                       0x0800027b   Thumb Code     0  startup_stm32f10x_md.o(.text)
    I2C2_ER_IRQHandler                       0x0800027b   Thumb Code     0  startup_stm32f10x_md.o(.text)
    I2C2_EV_IRQHandler                       0x0800027b   Thumb Code     0  startup_stm32f10x_md.o(.text)
    PVD_IRQHandler                           0x0800027b   Thumb Code     0  startup_stm32f10x_md.o(.text)
    RCC_IRQHandler                           0x0800027b   Thumb Code     0  startup_stm32f10x_md.o(.text)
    RTCAlarm_IRQHandler                      0x0800027b   Thumb Code     0  startup_stm32f10x_md.o(.text)
    RTC_IRQHandler                           0x0800027b   Thumb Code     0  startup_stm32f10x_md.o(.text)
    SPI1_IRQHandler                          0x0800027b   Thumb Code     0  startup_stm32f10x_md.o(.text)
    SPI2_IRQHandler                          0x0800027b   Thumb Code     0  startup_stm32f10x_md.o(.text)
    TAMPER_IRQHandler                        0x0800027b   Thumb Code     0  startup_stm32f10x_md.o(.text)
    TIM1_BRK_IRQHandler                      0x0800027b   Thumb Code     0  startup_stm32f10x_md.o(.text)
    TIM1_CC_IRQHandler                       0x0800027b   Thumb Code     0  startup_stm32f10x_md.o(.text)
    TIM1_TRG_COM_IRQHandler                  0x0800027b   Thumb Code     0  startup_stm32f10x_md.o(.text)
    TIM1_UP_IRQHandler                       0x0800027b   Thumb Code     0  startup_stm32f10x_md.o(.text)
    TIM3_IRQHandler                          0x0800027b   Thumb Code     0  startup_stm32f10x_md.o(.text)
    TIM4_IRQHandler                          0x0800027b   Thumb Code     0  startup_stm32f10x_md.o(.text)
    USART1_IRQHandler                        0x0800027b   Thumb Code     0  startup_stm32f10x_md.o(.text)
    USART3_IRQHandler                        0x0800027b   Thumb Code     0  startup_stm32f10x_md.o(.text)
    USBWakeUp_IRQHandler                     0x0800027b   Thumb Code     0  startup_stm32f10x_md.o(.text)
    USB_HP_CAN1_TX_IRQHandler                0x0800027b   Thumb Code     0  startup_stm32f10x_md.o(.text)
    USB_LP_CAN1_RX0_IRQHandler               0x0800027b   Thumb Code     0  startup_stm32f10x_md.o(.text)
    WWDG_IRQHandler                          0x0800027b   Thumb Code     0  startup_stm32f10x_md.o(.text)
    __user_initial_stackheap                 0x0800027d   Thumb Code     0  startup_stm32f10x_md.o(.text)
    __use_two_region_memory                  0x080002a1   Thumb Code     2  heapauxi.o(.text)
    __rt_heap_escrow$2region                 0x080002a3   Thumb Code     2  heapauxi.o(.text)
    __rt_heap_expand$2region                 0x080002a5   Thumb Code     2  heapauxi.o(.text)
    __aeabi_errno_addr                       0x080002a9   Thumb Code     8  rt_errno_addr_intlibspace.o(.text)
    __errno$intlibspace                      0x080002a9   Thumb Code     0  rt_errno_addr_intlibspace.o(.text)
    __rt_errno_addr$intlibspace              0x080002a9   Thumb Code     0  rt_errno_addr_intlibspace.o(.text)
    __read_errno                             0x080002b1   Thumb Code    10  _rserrno.o(.text)
    __set_errno                              0x080002bb   Thumb Code    12  _rserrno.o(.text)
    __user_libspace                          0x080002c9   Thumb Code     8  libspace.o(.text)
    __user_perproc_libspace                  0x080002c9   Thumb Code     0  libspace.o(.text)
    __user_perthread_libspace                0x080002c9   Thumb Code     0  libspace.o(.text)
    __user_setup_stackheap                   0x080002d1   Thumb Code    74  sys_stackheap_outer.o(.text)
    exit                                     0x0800031b   Thumb Code    18  exit.o(.text)
    _sys_exit                                0x0800032d   Thumb Code     8  sys_exit.o(.text)
    __I$use$semihosting                      0x08000339   Thumb Code     0  use_no_semi.o(.text)
    __use_no_semihosting_swi                 0x08000339   Thumb Code     2  use_no_semi.o(.text)
    BusFault_Handler                         0x0800033b   Thumb Code     4  stm32f10x_it.o(i.BusFault_Handler)
    __semihosting_library_function           0x0800033b   Thumb Code     0  indicate_semi.o(.text)
    DebugMon_Handler                         0x0800033f   Thumb Code     2  stm32f10x_it.o(i.DebugMon_Handler)
    Delay_Getxms                             0x08000341   Thumb Code     8  delay_1.o(i.Delay_Getxms)
    Delay_ms                                 0x0800034d   Thumb Code    18  delay_1.o(i.Delay_ms)
    Delay_us                                 0x08000365   Thumb Code     6  delay_1.o(i.Delay_us)
    ENCODER_GetSpeed                         0x0800036d   Thumb Code     8  encoder.o(i.ENCODER_GetSpeed)
    EXTI0_IRQHandler                         0x08000379   Thumb Code    48  ultrasound.o(i.EXTI0_IRQHandler)
    EXTI1_IRQHandler                         0x080003ad   Thumb Code   160  pid.o(i.EXTI1_IRQHandler)
    EXTI_ClearITPendingBit                   0x08000481   Thumb Code     6  stm32f10x_exti.o(i.EXTI_ClearITPendingBit)
    EXTI_GetITStatus                         0x0800048d   Thumb Code    34  stm32f10x_exti.o(i.EXTI_GetITStatus)
    GPIO_Init                                0x080004b5   Thumb Code   278  stm32f10x_gpio.o(i.GPIO_Init)
    GPIO_InitPro                             0x080005cb   Thumb Code     8  gpio.o(i.GPIO_InitPro)
    GPIO_MOTOR_AIN1                          0x080005d5   Thumb Code    16  gpio.o(i.GPIO_MOTOR_AIN1)
    GPIO_MOTOR_AIN2                          0x080005e9   Thumb Code    16  gpio.o(i.GPIO_MOTOR_AIN2)
    GPIO_MOTOR_BIN1                          0x080005fd   Thumb Code    18  gpio.o(i.GPIO_MOTOR_BIN1)
    GPIO_MOTOR_BIN2                          0x08000615   Thumb Code    18  gpio.o(i.GPIO_MOTOR_BIN2)
    GPIO_MOTOR_Init                          0x0800062d   Thumb Code   200  gpio.o(i.GPIO_MOTOR_Init)
    GPIO_MOTOR_STBY                          0x08000701   Thumb Code    18  gpio.o(i.GPIO_MOTOR_STBY)
    GPIO_PinRemapConfig                      0x08000719   Thumb Code   138  stm32f10x_gpio.o(i.GPIO_PinRemapConfig)
    GPIO_ReadInputDataBit                    0x080007a9   Thumb Code    18  stm32f10x_gpio.o(i.GPIO_ReadInputDataBit)
    GPIO_SCL_Config                          0x080007bd   Thumb Code    24  gpio.o(i.GPIO_SCL_Config)
    GPIO_SDA_Config                          0x080007d9   Thumb Code    24  gpio.o(i.GPIO_SDA_Config)
    GPIO_SDA_Read                            0x080007f5   Thumb Code    14  gpio.o(i.GPIO_SDA_Read)
    GPIO_UltraSound_Echo                     0x08000809   Thumb Code    12  gpio.o(i.GPIO_UltraSound_Echo)
    GPIO_WriteBit                            0x08000819   Thumb Code    10  stm32f10x_gpio.o(i.GPIO_WriteBit)
    HardFault_Handler                        0x08000823   Thumb Code     4  stm32f10x_it.o(i.HardFault_Handler)
    IIC_ReadReg                              0x08000827   Thumb Code   130  iic.o(i.IIC_ReadReg)
    IIC_ReceiveAck                           0x080008a9   Thumb Code    30  iic.o(i.IIC_ReceiveAck)
    IIC_ReceiveByte                          0x080008c7   Thumb Code    62  iic.o(i.IIC_ReceiveByte)
    IIC_SendAck                              0x08000905   Thumb Code    24  iic.o(i.IIC_SendAck)
    IIC_SendByte                             0x0800091d   Thumb Code    42  iic.o(i.IIC_SendByte)
    IIC_Start                                0x08000947   Thumb Code    28  iic.o(i.IIC_Start)
    IIC_Stop                                 0x08000963   Thumb Code    22  iic.o(i.IIC_Stop)
    IIC_WriteReg                             0x08000979   Thumb Code   100  iic.o(i.IIC_WriteReg)
    MOTOR_ENABLE                             0x080009dd   Thumb Code    10  motor.o(i.MOTOR_ENABLE)
    MOTOR_InitPro                            0x080009e7   Thumb Code    20  motor.o(i.MOTOR_InitPro)
    MOTOR_Left_Negative                      0x080009fb   Thumb Code    16  motor.o(i.MOTOR_Left_Negative)
    MOTOR_Left_Positive                      0x08000a0b   Thumb Code    16  motor.o(i.MOTOR_Left_Positive)
    MOTOR_Left_Pulse                         0x08000a1b   Thumb Code    12  motor.o(i.MOTOR_Left_Pulse)
    MOTOR_Limit                              0x08000a27   Thumb Code    20  motor.o(i.MOTOR_Limit)
    MOTOR_Pulse_Config                       0x08000a3b   Thumb Code   128  motor.o(i.MOTOR_Pulse_Config)
    MOTOR_Right_Negative                     0x08000abb   Thumb Code    16  motor.o(i.MOTOR_Right_Negative)
    MOTOR_Right_Positive                     0x08000acb   Thumb Code    16  motor.o(i.MOTOR_Right_Positive)
    MOTOR_Right_Pulse                        0x08000adb   Thumb Code    12  motor.o(i.MOTOR_Right_Pulse)
    MPU6050_DMP_Get_Data                     0x08000ae9   Thumb Code   580  mpu6050.o(i.MPU6050_DMP_Get_Data)
    MemManage_Handler                        0x08000d49   Thumb Code     4  stm32f10x_it.o(i.MemManage_Handler)
    NMI_Handler                              0x08000d4d   Thumb Code     2  stm32f10x_it.o(i.NMI_Handler)
    PID_Return_Function                      0x08000d51   Thumb Code   338  pid.o(i.PID_Return_Function)
    PID_Speed_Function                       0x08000ed1   Thumb Code   222  pid.o(i.PID_Speed_Function)
    PID_Vertical_Function                    0x08000fdd   Thumb Code    88  pid.o(i.PID_Vertical_Function)
    RCC_APB1PeriphClockCmd                   0x08001049   Thumb Code    26  stm32f10x_rcc.o(i.RCC_APB1PeriphClockCmd)
    RCC_APB2PeriphClockCmd                   0x08001069   Thumb Code    26  stm32f10x_rcc.o(i.RCC_APB2PeriphClockCmd)
    SysTick_Handler                          0x08001171   Thumb Code    46  port.o(i.SysTick_Handler)
    SystemInit                               0x080011a5   Thumb Code    78  system_stm32f10x.o(i.SystemInit)
    TIM2_IRQHandler                          0x08001205   Thumb Code    34  delay_1.o(i.TIM2_IRQHandler)
    TIM_ClearITPendingBit                    0x0800122d   Thumb Code     6  stm32f10x_tim.o(i.TIM_ClearITPendingBit)
    TIM_Cmd                                  0x08001233   Thumb Code    24  stm32f10x_tim.o(i.TIM_Cmd)
    TIM_Count_OFF                            0x0800124d   Thumb Code    12  tim.o(i.TIM_Count_OFF)
    TIM_Count_ON                             0x0800125d   Thumb Code    12  tim.o(i.TIM_Count_ON)
    TIM_GetITStatus                          0x0800126d   Thumb Code    34  stm32f10x_tim.o(i.TIM_GetITStatus)
    TIM_InitPro                              0x0800128f   Thumb Code     8  tim.o(i.TIM_InitPro)
    TIM_MOTOR_CH1_Pulse                      0x08001299   Thumb Code    14  tim.o(i.TIM_MOTOR_CH1_Pulse)
    TIM_MOTOR_CH2_Pulse                      0x080012ad   Thumb Code    14  tim.o(i.TIM_MOTOR_CH2_Pulse)
    TIM_MOTOR_Init                           0x080012c1   Thumb Code   132  tim.o(i.TIM_MOTOR_Init)
    TIM_OC1Init                              0x08001349   Thumb Code   132  stm32f10x_tim.o(i.TIM_OC1Init)
    TIM_OC2Init                              0x080013e1   Thumb Code   154  stm32f10x_tim.o(i.TIM_OC2Init)
    TIM_OCStructInit                         0x08001485   Thumb Code    20  stm32f10x_tim.o(i.TIM_OCStructInit)
    TIM_SetCompare1                          0x08001499   Thumb Code     4  stm32f10x_tim.o(i.TIM_SetCompare1)
    TIM_SetCompare2                          0x0800149d   Thumb Code     4  stm32f10x_tim.o(i.TIM_SetCompare2)
    TIM_TimeBaseInit                         0x080014a1   Thumb Code   122  stm32f10x_tim.o(i.TIM_TimeBaseInit)
    USART2_IRQHandler                        0x08001545   Thumb Code    68  usart.o(i.USART2_IRQHandler)
    USART_ClearITPendingBit                  0x08001595   Thumb Code    30  stm32f10x_usart.o(i.USART_ClearITPendingBit)
    USART_GetITStatus                        0x080015b3   Thumb Code    84  stm32f10x_usart.o(i.USART_GetITStatus)
    UsageFault_Handler                       0x08001607   Thumb Code     4  stm32f10x_it.o(i.UsageFault_Handler)
    __ARM_fpclassify                         0x0800160b   Thumb Code    40  fpclassify.o(i.__ARM_fpclassify)
    __kernel_poly                            0x08001633   Thumb Code   170  poly.o(i.__kernel_poly)
    __mathlib_dbl_infnan                     0x080016dd   Thumb Code     6  dunder.o(i.__mathlib_dbl_infnan)
    __mathlib_dbl_infnan2                    0x080016e3   Thumb Code     4  dunder.o(i.__mathlib_dbl_infnan2)
    __mathlib_dbl_invalid                    0x080016e7   Thumb Code    12  dunder.o(i.__mathlib_dbl_invalid)
    __mathlib_dbl_underflow                  0x080016f5   Thumb Code    10  dunder.o(i.__mathlib_dbl_underflow)
    asin                                     0x08001705   Thumb Code   572  asin.o(i.asin)
    atan                                     0x08001975   Thumb Code   474  atan.o(i.atan)
    atan2                                    0x08001b95   Thumb Code   374  atan2.o(i.atan2)
    dmp_read_fifo                            0x08001d95   Thumb Code   456  inv_mpu_dmp_motion_driver.o(i.dmp_read_fifo)
    main                                     0x08001f61   Thumb Code    60  main.o(i.main)
    mpu_read_fifo_stream                     0x08001fa1   Thumb Code   186  inv_mpu.o(i.mpu_read_fifo_stream)
    mpu_reset_fifo                           0x08002061   Thumb Code   450  inv_mpu.o(i.mpu_reset_fifo)
    sqrt                                     0x08002259   Thumb Code    76  sqrt.o(i.sqrt)
    vTaskSwitchContext                       0x080022a5   Thumb Code    76  tasks.o(i.vTaskSwitchContext)
    xTaskIncrementTick                       0x08002305   Thumb Code   356  tasks.o(i.xTaskIncrementTick)
    __aeabi_d2f                              0x08002495   Thumb Code     0  d2f.o(x$fpl$d2f)
    _d2f                                     0x08002495   Thumb Code    98  d2f.o(x$fpl$d2f)
    __aeabi_dadd                             0x080024f9   Thumb Code     0  daddsub_clz.o(x$fpl$dadd)
    _dadd                                    0x080024f9   Thumb Code   332  daddsub_clz.o(x$fpl$dadd)
    __fpl_dcheck_NaN1                        0x08002649   Thumb Code    10  dcheck1.o(x$fpl$dcheck1)
    __fpl_dcmp_Inf                           0x08002659   Thumb Code    24  dcmpi.o(x$fpl$dcmpinf)
    __aeabi_ddiv                             0x08002671   Thumb Code     0  ddiv.o(x$fpl$ddiv)
    _ddiv                                    0x08002671   Thumb Code   552  ddiv.o(x$fpl$ddiv)
    __aeabi_cdcmpeq                          0x08002921   Thumb Code     0  deqf.o(x$fpl$deqf)
    _dcmpeq                                  0x08002921   Thumb Code   120  deqf.o(x$fpl$deqf)
    __aeabi_dmul                             0x08002999   Thumb Code     0  dmul.o(x$fpl$dmul)
    _dmul                                    0x08002999   Thumb Code   332  dmul.o(x$fpl$dmul)
    __fpl_dnaninf                            0x08002aed   Thumb Code   156  dnaninf.o(x$fpl$dnaninf)
    __fpl_dretinf                            0x08002b89   Thumb Code    12  dretinf.o(x$fpl$dretinf)
    __aeabi_drsub                            0x08002b95   Thumb Code     0  daddsub_clz.o(x$fpl$drsb)
    _drsb                                    0x08002b95   Thumb Code    22  daddsub_clz.o(x$fpl$drsb)
    _dsqrt                                   0x08002bad   Thumb Code   456  dsqrt_noumaal.o(x$fpl$dsqrt)
    __aeabi_dsub                             0x08002d79   Thumb Code     0  daddsub_clz.o(x$fpl$dsub)
    _dsub                                    0x08002d79   Thumb Code   464  daddsub_clz.o(x$fpl$dsub)
    __aeabi_f2d                              0x08002f4d   Thumb Code     0  f2d.o(x$fpl$f2d)
    _f2d                                     0x08002f4d   Thumb Code    86  f2d.o(x$fpl$f2d)
    __aeabi_fadd                             0x08002fa5   Thumb Code     0  faddsub_clz.o(x$fpl$fadd)
    _fadd                                    0x08002fa5   Thumb Code   196  faddsub_clz.o(x$fpl$fadd)
    __fpl_fcmp_Inf                           0x08003069   Thumb Code    24  fcmpi.o(x$fpl$fcmpinf)
    __aeabi_fdiv                             0x08003081   Thumb Code     0  fdiv.o(x$fpl$fdiv)
    _fdiv                                    0x08003081   Thumb Code   384  fdiv.o(x$fpl$fdiv)
    __aeabi_f2iz                             0x08003205   Thumb Code     0  ffix.o(x$fpl$ffix)
    _ffix                                    0x08003205   Thumb Code    54  ffix.o(x$fpl$ffix)
    __aeabi_i2f                              0x0800323d   Thumb Code     0  fflt_clz.o(x$fpl$fflt)
    _fflt                                    0x0800323d   Thumb Code    48  fflt_clz.o(x$fpl$fflt)
    __aeabi_cfcmple                          0x0800326d   Thumb Code     0  fleqf.o(x$fpl$fleqf)
    _fcmple                                  0x0800326d   Thumb Code   104  fleqf.o(x$fpl$fleqf)
    __fpl_fcmple_InfNaN                      0x080032bf   Thumb Code     0  fleqf.o(x$fpl$fleqf)
    __aeabi_fmul                             0x080032d5   Thumb Code     0  fmul.o(x$fpl$fmul)
    _fmul                                    0x080032d5   Thumb Code   258  fmul.o(x$fpl$fmul)
    __fpl_fnaninf                            0x080033d7   Thumb Code   140  fnaninf.o(x$fpl$fnaninf)
    __fpl_fretinf                            0x08003463   Thumb Code    10  fretinf.o(x$fpl$fretinf)
    __aeabi_cfrcmple                         0x0800346d   Thumb Code     0  frleqf.o(x$fpl$frleqf)
    _frcmple                                 0x0800346d   Thumb Code    98  frleqf.o(x$fpl$frleqf)
    __aeabi_frsub                            0x080034cf   Thumb Code     0  faddsub_clz.o(x$fpl$frsb)
    _frsb                                    0x080034cf   Thumb Code    20  faddsub_clz.o(x$fpl$frsb)
    __aeabi_fsub                             0x080034e5   Thumb Code     0  faddsub_clz.o(x$fpl$fsub)
    _fsub                                    0x080034e5   Thumb Code   234  faddsub_clz.o(x$fpl$fsub)
    __fpl_return_NaN                         0x080035cf   Thumb Code   100  retnan.o(x$fpl$retnan)
    __ARM_scalbn                             0x08003633   Thumb Code    92  scalbn.o(x$fpl$scalbn)
    __fpl_cmpreturn                          0x0800368f   Thumb Code    48  trapv.o(x$fpl$trapveneer)
    __I$use$fp                               0x080036be   Number         0  usenofp.o(x$fpl$usenofp)
    reg                                      0x080036c0   Data          30  inv_mpu.o(.constdata)
    hw                                       0x080036de   Data          12  inv_mpu.o(.constdata)
    test                                     0x080036ec   Data          40  inv_mpu.o(.constdata)
    __mathlib_zero                           0x08003800   Data           8  qnan.o(.constdata)
    Region$$Table$$Base                      0x08003808   Number         0  anon$$obj.o(Region$$Table)
    Region$$Table$$Limit                     0x08003828   Number         0  anon$$obj.o(Region$$Table)
    USART2_Intrrupt_CNT                      0x20000000   Data           2  usart.o(.data)
    USART2_Intrrupt_LastCNT                  0x20000002   Data           2  usart.o(.data)
    USART2_RecFlag                           0x20000004   Data           1  usart.o(.data)
    ENCODER_CNT                              0x20000008   Data           2  encoder.o(.data)
    ENCODER_Speed                            0x2000000c   Data           4  encoder.o(.data)
    UltraSound_MeasureFinish                 0x20000010   Data           1  ultrasound.o(.data)
    UltraSound_Distance                      0x20000014   Data           4  ultrasound.o(.data)
    MPU6050_Pitch                            0x20000018   Data           4  mpu6050.o(.data)
    MPU6050_Roll                             0x2000001c   Data           4  mpu6050.o(.data)
    MPU6050_Yaw                              0x20000020   Data           4  mpu6050.o(.data)
    MPU6050_YawDeviaction_CNT                0x20000024   Data           2  mpu6050.o(.data)
    Debug_InitResult                         0x20000026   Data           1  mpu6050.o(.data)
    q0                                       0x20000030   Data           4  mpu6050.o(.data)
    q1                                       0x20000034   Data           4  mpu6050.o(.data)
    q2                                       0x20000038   Data           4  mpu6050.o(.data)
    q3                                       0x2000003c   Data           4  mpu6050.o(.data)
    gyro                                     0x20000040   Data           6  mpu6050.o(.data)
    accel                                    0x20000046   Data           6  mpu6050.o(.data)
    TargetValue_Speed                        0x2000004c   Data           4  pid.o(.data)
    TargetValue_Turn                         0x20000050   Data           4  pid.o(.data)
    PID_State                                0x20000054   Data           1  pid.o(.data)
    PID_Vertical_P                           0x20000058   Data           4  pid.o(.data)
    PID_Vertical_D                           0x2000005c   Data           4  pid.o(.data)
    PID_vertival_Error                       0x20000060   Data           4  pid.o(.data)
    PID_vertival_Error_Sum                   0x20000064   Data           4  pid.o(.data)
    PID_vertival_Error_Last                  0x20000068   Data           4  pid.o(.data)
    PID_vertival_Error_Difference            0x2000006c   Data           4  pid.o(.data)
    PID_Speed_P                              0x20000070   Data           4  pid.o(.data)
    PID_Speed_I                              0x20000074   Data           4  pid.o(.data)
    PID_Speed_D                              0x20000078   Data           4  pid.o(.data)
    PID_Speed_Error                          0x2000007c   Data           4  pid.o(.data)
    PID_Speed_Error_Sum                      0x20000080   Data           4  pid.o(.data)
    PID_Speed_Error_Last                     0x20000084   Data           4  pid.o(.data)
    PID_Speed_Error_Difference               0x20000088   Data           4  pid.o(.data)
    PID_Turn_P                               0x2000008c   Data           4  pid.o(.data)
    PID_Turn_I                               0x20000090   Data           4  pid.o(.data)
    PID_Turn_D                               0x20000094   Data           4  pid.o(.data)
    PID_Turn_Error                           0x20000098   Data           4  pid.o(.data)
    PID_Turn_Error_Sum                       0x2000009c   Data           4  pid.o(.data)
    PID_Turn_Error_Last                      0x200000a0   Data           4  pid.o(.data)
    PID_Turn_Error_Difference                0x200000a4   Data           4  pid.o(.data)
    PWM_Output                               0x200000a8   Data           4  pid.o(.data)
    PWM_Output_Left                          0x200000ac   Data           4  pid.o(.data)
    PWM_Output_Right                         0x200000b0   Data           4  pid.o(.data)
    speed                                    0x200000b4   Data           4  pid.o(.data)
    PID_Value_vertical                       0x200000b8   Data           4  pid.o(.data)
    PID_Value_speed                          0x200000bc   Data           4  pid.o(.data)
    PID_Value_Turn                           0x200000c0   Data           4  pid.o(.data)
    Delay_CNT                                0x200000c4   Data           4  delay_1.o(.data)
    pxCurrentTCB                             0x200000f4   Data           4  tasks.o(.data)
    uxTopUsedPriority                        0x2000012c   Data           4  tasks.o(.data)
    USART2_RecBuffer                         0x20000134   Data        1024  usart.o(.bss)
    __libspace_start                         0x2000060c   Data          96  libspace.o(.bss)
    __temporary_stack_top$libspace           0x2000066c   Data           0  libspace.o(.bss)



==============================================================================

Memory Map of the image

  Image Entry point : 0x080000ed

  Load Region LR_IROM1 (Base: 0x08000000, Size: 0x0000395c, Max: 0x00010000, ABSOLUTE, COMPRESSED[0x00003858])

    Execution Region ER_IROM1 (Exec base: 0x08000000, Load base: 0x08000000, Size: 0x00003828, Max: 0x00010000, ABSOLUTE)

    Exec Addr    Load Addr    Size         Type   Attr      Idx    E Section Name        Object

    0x08000000   0x08000000   0x000000ec   Data   RO            3    RESET               startup_stm32f10x_md.o
    0x080000ec   0x080000ec   0x00000008   Code   RO         6045  * !!!main             c_w.l(__main.o)
    0x080000f4   0x080000f4   0x00000034   Code   RO         6390    !!!scatter          c_w.l(__scatter.o)
    0x08000128   0x08000128   0x0000005a   Code   RO         6388    !!dczerorl2         c_w.l(__dczerorl2.o)
    0x08000182   0x08000182   0x00000002   PAD
    0x08000184   0x08000184   0x0000001c   Code   RO         6392    !!handler_zi        c_w.l(__scatter_zi.o)
    0x080001a0   0x080001a0   0x00000002   Code   RO         6251    .ARM.Collect$$libinit$$00000000  c_w.l(libinit.o)
    0x080001a2   0x080001a2   0x00000000   Code   RO         6253    .ARM.Collect$$libinit$$00000002  c_w.l(libinit2.o)
    0x080001a2   0x080001a2   0x00000000   Code   RO         6255    .ARM.Collect$$libinit$$00000004  c_w.l(libinit2.o)
    0x080001a2   0x080001a2   0x00000000   Code   RO         6258    .ARM.Collect$$libinit$$0000000A  c_w.l(libinit2.o)
    0x080001a2   0x080001a2   0x00000000   Code   RO         6260    .ARM.Collect$$libinit$$0000000C  c_w.l(libinit2.o)
    0x080001a2   0x080001a2   0x00000000   Code   RO         6262    .ARM.Collect$$libinit$$0000000E  c_w.l(libinit2.o)
    0x080001a2   0x080001a2   0x00000000   Code   RO         6265    .ARM.Collect$$libinit$$00000011  c_w.l(libinit2.o)
    0x080001a2   0x080001a2   0x00000000   Code   RO         6267    .ARM.Collect$$libinit$$00000013  c_w.l(libinit2.o)
    0x080001a2   0x080001a2   0x00000000   Code   RO         6269    .ARM.Collect$$libinit$$00000015  c_w.l(libinit2.o)
    0x080001a2   0x080001a2   0x00000000   Code   RO         6271    .ARM.Collect$$libinit$$00000017  c_w.l(libinit2.o)
    0x080001a2   0x080001a2   0x00000000   Code   RO         6273    .ARM.Collect$$libinit$$00000019  c_w.l(libinit2.o)
    0x080001a2   0x080001a2   0x00000000   Code   RO         6275    .ARM.Collect$$libinit$$0000001B  c_w.l(libinit2.o)
    0x080001a2   0x080001a2   0x00000000   Code   RO         6277    .ARM.Collect$$libinit$$0000001D  c_w.l(libinit2.o)
    0x080001a2   0x080001a2   0x00000000   Code   RO         6279    .ARM.Collect$$libinit$$0000001F  c_w.l(libinit2.o)
    0x080001a2   0x080001a2   0x00000000   Code   RO         6281    .ARM.Collect$$libinit$$00000021  c_w.l(libinit2.o)
    0x080001a2   0x080001a2   0x00000000   Code   RO         6283    .ARM.Collect$$libinit$$00000023  c_w.l(libinit2.o)
    0x080001a2   0x080001a2   0x00000000   Code   RO         6285    .ARM.Collect$$libinit$$00000025  c_w.l(libinit2.o)
    0x080001a2   0x080001a2   0x00000000   Code   RO         6289    .ARM.Collect$$libinit$$0000002C  c_w.l(libinit2.o)
    0x080001a2   0x080001a2   0x00000000   Code   RO         6291    .ARM.Collect$$libinit$$0000002E  c_w.l(libinit2.o)
    0x080001a2   0x080001a2   0x00000000   Code   RO         6293    .ARM.Collect$$libinit$$00000030  c_w.l(libinit2.o)
    0x080001a2   0x080001a2   0x00000000   Code   RO         6295    .ARM.Collect$$libinit$$00000032  c_w.l(libinit2.o)
    0x080001a2   0x080001a2   0x00000002   Code   RO         6296    .ARM.Collect$$libinit$$00000033  c_w.l(libinit2.o)
    0x080001a4   0x080001a4   0x00000002   Code   RO         6344    .ARM.Collect$$libshutdown$$00000000  c_w.l(libshutdown.o)
    0x080001a6   0x080001a6   0x00000000   Code   RO         6355    .ARM.Collect$$libshutdown$$00000002  c_w.l(libshutdown2.o)
    0x080001a6   0x080001a6   0x00000000   Code   RO         6357    .ARM.Collect$$libshutdown$$00000004  c_w.l(libshutdown2.o)
    0x080001a6   0x080001a6   0x00000000   Code   RO         6359    .ARM.Collect$$libshutdown$$00000006  c_w.l(libshutdown2.o)
    0x080001a6   0x080001a6   0x00000000   Code   RO         6362    .ARM.Collect$$libshutdown$$00000009  c_w.l(libshutdown2.o)
    0x080001a6   0x080001a6   0x00000000   Code   RO         6365    .ARM.Collect$$libshutdown$$0000000C  c_w.l(libshutdown2.o)
    0x080001a6   0x080001a6   0x00000000   Code   RO         6367    .ARM.Collect$$libshutdown$$0000000E  c_w.l(libshutdown2.o)
    0x080001a6   0x080001a6   0x00000000   Code   RO         6370    .ARM.Collect$$libshutdown$$00000011  c_w.l(libshutdown2.o)
    0x080001a6   0x080001a6   0x00000002   Code   RO         6371    .ARM.Collect$$libshutdown$$00000012  c_w.l(libshutdown2.o)
    0x080001a8   0x080001a8   0x00000000   Code   RO         6115    .ARM.Collect$$rtentry$$00000000  c_w.l(__rtentry.o)
    0x080001a8   0x080001a8   0x00000000   Code   RO         6200    .ARM.Collect$$rtentry$$00000002  c_w.l(__rtentry2.o)
    0x080001a8   0x080001a8   0x00000006   Code   RO         6212    .ARM.Collect$$rtentry$$00000004  c_w.l(__rtentry4.o)
    0x080001ae   0x080001ae   0x00000000   Code   RO         6202    .ARM.Collect$$rtentry$$00000009  c_w.l(__rtentry2.o)
    0x080001ae   0x080001ae   0x00000004   Code   RO         6203    .ARM.Collect$$rtentry$$0000000A  c_w.l(__rtentry2.o)
    0x080001b2   0x080001b2   0x00000000   Code   RO         6205    .ARM.Collect$$rtentry$$0000000C  c_w.l(__rtentry2.o)
    0x080001b2   0x080001b2   0x00000008   Code   RO         6206    .ARM.Collect$$rtentry$$0000000D  c_w.l(__rtentry2.o)
    0x080001ba   0x080001ba   0x00000002   Code   RO         6299    .ARM.Collect$$rtexit$$00000000  c_w.l(rtexit.o)
    0x080001bc   0x080001bc   0x00000000   Code   RO         6312    .ARM.Collect$$rtexit$$00000002  c_w.l(rtexit2.o)
    0x080001bc   0x080001bc   0x00000004   Code   RO         6313    .ARM.Collect$$rtexit$$00000003  c_w.l(rtexit2.o)
    0x080001c0   0x080001c0   0x00000006   Code   RO         6314    .ARM.Collect$$rtexit$$00000004  c_w.l(rtexit2.o)
    0x080001c6   0x080001c6   0x00000002   PAD
    0x080001c8   0x080001c8   0x00000096   Code   RO         5918    .emb_text           port.o
    0x0800025e   0x0800025e   0x00000002   PAD
    0x08000260   0x08000260   0x00000040   Code   RO            4    .text               startup_stm32f10x_md.o
    0x080002a0   0x080002a0   0x00000006   Code   RO         6043    .text               c_w.l(heapauxi.o)
    0x080002a6   0x080002a6   0x00000002   PAD
    0x080002a8   0x080002a8   0x00000008   Code   RO         6121    .text               c_w.l(rt_errno_addr_intlibspace.o)
    0x080002b0   0x080002b0   0x00000016   Code   RO         6125    .text               c_w.l(_rserrno.o)
    0x080002c6   0x080002c6   0x00000002   PAD
    0x080002c8   0x080002c8   0x00000008   Code   RO         6196    .text               c_w.l(libspace.o)
    0x080002d0   0x080002d0   0x0000004a   Code   RO         6238    .text               c_w.l(sys_stackheap_outer.o)
    0x0800031a   0x0800031a   0x00000012   Code   RO         6242    .text               c_w.l(exit.o)
    0x0800032c   0x0800032c   0x0000000c   Code   RO         6330    .text               c_w.l(sys_exit.o)
    0x08000338   0x08000338   0x00000002   Code   RO         6347    .text               c_w.l(use_no_semi.o)
    0x0800033a   0x0800033a   0x00000000   Code   RO         6349    .text               c_w.l(indicate_semi.o)
    0x0800033a   0x0800033a   0x00000004   Code   RO         5093    i.BusFault_Handler  stm32f10x_it.o
    0x0800033e   0x0800033e   0x00000002   Code   RO         5094    i.DebugMon_Handler  stm32f10x_it.o
    0x08000340   0x08000340   0x0000000c   Code   RO         4260    i.Delay_Getxms      delay_1.o
    0x0800034c   0x0800034c   0x00000018   Code   RO         4261    i.Delay_ms          delay_1.o
    0x08000364   0x08000364   0x00000006   Code   RO         4263    i.Delay_us          delay_1.o
    0x0800036a   0x0800036a   0x00000002   PAD
    0x0800036c   0x0800036c   0x0000000c   Code   RO         3684    i.ENCODER_GetSpeed  encoder.o
    0x08000378   0x08000378   0x00000034   Code   RO         3830    i.EXTI0_IRQHandler  ultrasound.o
    0x080003ac   0x080003ac   0x000000d4   Code   RO         4202    i.EXTI1_IRQHandler  pid.o
    0x08000480   0x08000480   0x0000000c   Code   RO          985    i.EXTI_ClearITPendingBit  stm32f10x_exti.o
    0x0800048c   0x0800048c   0x00000028   Code   RO          989    i.EXTI_GetITStatus  stm32f10x_exti.o
    0x080004b4   0x080004b4   0x00000116   Code   RO         1347    i.GPIO_Init         stm32f10x_gpio.o
    0x080005ca   0x080005ca   0x00000008   Code   RO         3231    i.GPIO_InitPro      gpio.o
    0x080005d2   0x080005d2   0x00000002   PAD
    0x080005d4   0x080005d4   0x00000014   Code   RO         3236    i.GPIO_MOTOR_AIN1   gpio.o
    0x080005e8   0x080005e8   0x00000014   Code   RO         3237    i.GPIO_MOTOR_AIN2   gpio.o
    0x080005fc   0x080005fc   0x00000018   Code   RO         3238    i.GPIO_MOTOR_BIN1   gpio.o
    0x08000614   0x08000614   0x00000018   Code   RO         3239    i.GPIO_MOTOR_BIN2   gpio.o
    0x0800062c   0x0800062c   0x000000d4   Code   RO         3240    i.GPIO_MOTOR_Init   gpio.o
    0x08000700   0x08000700   0x00000018   Code   RO         3241    i.GPIO_MOTOR_STBY   gpio.o
    0x08000718   0x08000718   0x00000090   Code   RO         1349    i.GPIO_PinRemapConfig  stm32f10x_gpio.o
    0x080007a8   0x080007a8   0x00000012   Code   RO         1351    i.GPIO_ReadInputDataBit  stm32f10x_gpio.o
    0x080007ba   0x080007ba   0x00000002   PAD
    0x080007bc   0x080007bc   0x0000001c   Code   RO         3243    i.GPIO_SCL_Config   gpio.o
    0x080007d8   0x080007d8   0x0000001c   Code   RO         3244    i.GPIO_SDA_Config   gpio.o
    0x080007f4   0x080007f4   0x00000014   Code   RO         3245    i.GPIO_SDA_Read     gpio.o
    0x08000808   0x08000808   0x00000010   Code   RO         3247    i.GPIO_UltraSound_Echo  gpio.o
    0x08000818   0x08000818   0x0000000a   Code   RO         1358    i.GPIO_WriteBit     stm32f10x_gpio.o
    0x08000822   0x08000822   0x00000004   Code   RO         5095    i.HardFault_Handler  stm32f10x_it.o
    0x08000826   0x08000826   0x00000082   Code   RO         3543    i.IIC_ReadReg       iic.o
    0x080008a8   0x080008a8   0x0000001e   Code   RO         3544    i.IIC_ReceiveAck    iic.o
    0x080008c6   0x080008c6   0x0000003e   Code   RO         3545    i.IIC_ReceiveByte   iic.o
    0x08000904   0x08000904   0x00000018   Code   RO         3546    i.IIC_SendAck       iic.o
    0x0800091c   0x0800091c   0x0000002a   Code   RO         3547    i.IIC_SendByte      iic.o
    0x08000946   0x08000946   0x0000001c   Code   RO         3548    i.IIC_Start         iic.o
    0x08000962   0x08000962   0x00000016   Code   RO         3549    i.IIC_Stop          iic.o
    0x08000978   0x08000978   0x00000064   Code   RO         3550    i.IIC_WriteReg      iic.o
    0x080009dc   0x080009dc   0x0000000a   Code   RO         3747    i.MOTOR_ENABLE      motor.o
    0x080009e6   0x080009e6   0x00000014   Code   RO         3748    i.MOTOR_InitPro     motor.o
    0x080009fa   0x080009fa   0x00000010   Code   RO         3749    i.MOTOR_Left_Negative  motor.o
    0x08000a0a   0x08000a0a   0x00000010   Code   RO         3750    i.MOTOR_Left_Positive  motor.o
    0x08000a1a   0x08000a1a   0x0000000c   Code   RO         3751    i.MOTOR_Left_Pulse  motor.o
    0x08000a26   0x08000a26   0x00000014   Code   RO         3752    i.MOTOR_Limit       motor.o
    0x08000a3a   0x08000a3a   0x00000080   Code   RO         3753    i.MOTOR_Pulse_Config  motor.o
    0x08000aba   0x08000aba   0x00000010   Code   RO         3754    i.MOTOR_Right_Negative  motor.o
    0x08000aca   0x08000aca   0x00000010   Code   RO         3755    i.MOTOR_Right_Positive  motor.o
    0x08000ada   0x08000ada   0x0000000c   Code   RO         3756    i.MOTOR_Right_Pulse  motor.o
    0x08000ae6   0x08000ae6   0x00000002   PAD
    0x08000ae8   0x08000ae8   0x00000260   Code   RO         3873    i.MPU6050_DMP_Get_Data  mpu6050.o
    0x08000d48   0x08000d48   0x00000004   Code   RO         5096    i.MemManage_Handler  stm32f10x_it.o
    0x08000d4c   0x08000d4c   0x00000002   Code   RO         5097    i.NMI_Handler       stm32f10x_it.o
    0x08000d4e   0x08000d4e   0x00000002   PAD
    0x08000d50   0x08000d50   0x00000180   Code   RO         4204    i.PID_Return_Function  pid.o
    0x08000ed0   0x08000ed0   0x0000010c   Code   RO         4205    i.PID_Speed_Function  pid.o
    0x08000fdc   0x08000fdc   0x0000006c   Code   RO         4206    i.PID_Vertical_Function  pid.o
    0x08001048   0x08001048   0x00000020   Code   RO         1775    i.RCC_APB1PeriphClockCmd  stm32f10x_rcc.o
    0x08001068   0x08001068   0x00000020   Code   RO         1777    i.RCC_APB2PeriphClockCmd  stm32f10x_rcc.o
    0x08001088   0x08001088   0x00000008   Code   RO           24    i.SetSysClock       system_stm32f10x.o
    0x08001090   0x08001090   0x000000e0   Code   RO           25    i.SetSysClockTo72   system_stm32f10x.o
    0x08001170   0x08001170   0x00000034   Code   RO         5919    i.SysTick_Handler   port.o
    0x080011a4   0x080011a4   0x00000060   Code   RO           27    i.SystemInit        system_stm32f10x.o
    0x08001204   0x08001204   0x00000028   Code   RO         4264    i.TIM2_IRQHandler   delay_1.o
    0x0800122c   0x0800122c   0x00000006   Code   RO         2416    i.TIM_ClearITPendingBit  stm32f10x_tim.o
    0x08001232   0x08001232   0x00000018   Code   RO         2421    i.TIM_Cmd           stm32f10x_tim.o
    0x0800124a   0x0800124a   0x00000002   PAD
    0x0800124c   0x0800124c   0x00000010   Code   RO         3462    i.TIM_Count_OFF     tim.o
    0x0800125c   0x0800125c   0x00000010   Code   RO         3463    i.TIM_Count_ON      tim.o
    0x0800126c   0x0800126c   0x00000022   Code   RO         2442    i.TIM_GetITStatus   stm32f10x_tim.o
    0x0800128e   0x0800128e   0x00000008   Code   RO         3469    i.TIM_InitPro       tim.o
    0x08001296   0x08001296   0x00000002   PAD
    0x08001298   0x08001298   0x00000014   Code   RO         3470    i.TIM_MOTOR_CH1_Pulse  tim.o
    0x080012ac   0x080012ac   0x00000014   Code   RO         3471    i.TIM_MOTOR_CH2_Pulse  tim.o
    0x080012c0   0x080012c0   0x00000088   Code   RO         3472    i.TIM_MOTOR_Init    tim.o
    0x08001348   0x08001348   0x00000098   Code   RO         2450    i.TIM_OC1Init       stm32f10x_tim.o
    0x080013e0   0x080013e0   0x000000a4   Code   RO         2455    i.TIM_OC2Init       stm32f10x_tim.o
    0x08001484   0x08001484   0x00000014   Code   RO         2468    i.TIM_OCStructInit  stm32f10x_tim.o
    0x08001498   0x08001498   0x00000004   Code   RO         2482    i.TIM_SetCompare1   stm32f10x_tim.o
    0x0800149c   0x0800149c   0x00000004   Code   RO         2483    i.TIM_SetCompare2   stm32f10x_tim.o
    0x080014a0   0x080014a0   0x000000a4   Code   RO         2492    i.TIM_TimeBaseInit  stm32f10x_tim.o
    0x08001544   0x08001544   0x00000050   Code   RO         3613    i.USART2_IRQHandler  usart.o
    0x08001594   0x08001594   0x0000001e   Code   RO         2957    i.USART_ClearITPendingBit  stm32f10x_usart.o
    0x080015b2   0x080015b2   0x00000054   Code   RO         2964    i.USART_GetITStatus  stm32f10x_usart.o
    0x08001606   0x08001606   0x00000004   Code   RO         5098    i.UsageFault_Handler  stm32f10x_it.o
    0x0800160a   0x0800160a   0x00000028   Code   RO         6183    i.__ARM_fpclassify  m_ws.l(fpclassify.o)
    0x08001632   0x08001632   0x000000aa   Code   RO         6185    i.__kernel_poly     m_ws.l(poly.o)
    0x080016dc   0x080016dc   0x00000006   Code   RO         6170    i.__mathlib_dbl_infnan  m_ws.l(dunder.o)
    0x080016e2   0x080016e2   0x00000004   Code   RO         6171    i.__mathlib_dbl_infnan2  m_ws.l(dunder.o)
    0x080016e6   0x080016e6   0x0000000c   Code   RO         6172    i.__mathlib_dbl_invalid  m_ws.l(dunder.o)
    0x080016f2   0x080016f2   0x00000002   PAD
    0x080016f4   0x080016f4   0x00000010   Code   RO         6175    i.__mathlib_dbl_underflow  m_ws.l(dunder.o)
    0x08001704   0x08001704   0x00000270   Code   RO         6098    i.asin              m_ws.l(asin.o)
    0x08001974   0x08001974   0x00000220   Code   RO         6160    i.atan              m_ws.l(atan.o)
    0x08001b94   0x08001b94   0x0000019c   Code   RO         6108    i.atan2             m_ws.l(atan2.o)
    0x08001d30   0x08001d30   0x00000064   Code   RO         4625    i.decode_gesture    inv_mpu_dmp_motion_driver.o
    0x08001d94   0x08001d94   0x000001cc   Code   RO         4635    i.dmp_read_fifo     inv_mpu_dmp_motion_driver.o
    0x08001f60   0x08001f60   0x00000040   Code   RO         4999    i.main              main.o
    0x08001fa0   0x08001fa0   0x000000c0   Code   RO         4332    i.mpu_read_fifo_stream  inv_mpu.o
    0x08002060   0x08002060   0x000001c8   Code   RO         4336    i.mpu_reset_fifo    inv_mpu.o
    0x08002228   0x08002228   0x00000030   Code   RO         5547    i.prvResetNextTaskUnblockTime  tasks.o
    0x08002258   0x08002258   0x0000004c   Code   RO         6189    i.sqrt              m_ws.l(sqrt.o)
    0x080022a4   0x080022a4   0x00000060   Code   RO         5572    i.vTaskSwitchContext  tasks.o
    0x08002304   0x08002304   0x00000190   Code   RO         5584    i.xTaskIncrementTick  tasks.o
    0x08002494   0x08002494   0x00000062   Code   RO         6047    x$fpl$d2f           fz_ws.l(d2f.o)
    0x080024f6   0x080024f6   0x00000002   PAD
    0x080024f8   0x080024f8   0x00000150   Code   RO         6049    x$fpl$dadd          fz_ws.l(daddsub_clz.o)
    0x08002648   0x08002648   0x00000010   Code   RO         6230    x$fpl$dcheck1       fz_ws.l(dcheck1.o)
    0x08002658   0x08002658   0x00000018   Code   RO         6232    x$fpl$dcmpinf       fz_ws.l(dcmpi.o)
    0x08002670   0x08002670   0x000002b0   Code   RO         6141    x$fpl$ddiv          fz_ws.l(ddiv.o)
    0x08002920   0x08002920   0x00000078   Code   RO         6144    x$fpl$deqf          fz_ws.l(deqf.o)
    0x08002998   0x08002998   0x00000154   Code   RO         6061    x$fpl$dmul          fz_ws.l(dmul.o)
    0x08002aec   0x08002aec   0x0000009c   Code   RO         6146    x$fpl$dnaninf       fz_ws.l(dnaninf.o)
    0x08002b88   0x08002b88   0x0000000c   Code   RO         6148    x$fpl$dretinf       fz_ws.l(dretinf.o)
    0x08002b94   0x08002b94   0x00000016   Code   RO         6050    x$fpl$drsb          fz_ws.l(daddsub_clz.o)
    0x08002baa   0x08002baa   0x00000002   PAD
    0x08002bac   0x08002bac   0x000001cc   Code   RO         6236    x$fpl$dsqrt         fz_ws.l(dsqrt_noumaal.o)
    0x08002d78   0x08002d78   0x000001d4   Code   RO         6051    x$fpl$dsub          fz_ws.l(daddsub_clz.o)
    0x08002f4c   0x08002f4c   0x00000056   Code   RO         6063    x$fpl$f2d           fz_ws.l(f2d.o)
    0x08002fa2   0x08002fa2   0x00000002   PAD
    0x08002fa4   0x08002fa4   0x000000c4   Code   RO         6065    x$fpl$fadd          fz_ws.l(faddsub_clz.o)
    0x08003068   0x08003068   0x00000018   Code   RO         6150    x$fpl$fcmpinf       fz_ws.l(fcmpi.o)
    0x08003080   0x08003080   0x00000184   Code   RO         6072    x$fpl$fdiv          fz_ws.l(fdiv.o)
    0x08003204   0x08003204   0x00000036   Code   RO         6077    x$fpl$ffix          fz_ws.l(ffix.o)
    0x0800323a   0x0800323a   0x00000002   PAD
    0x0800323c   0x0800323c   0x00000030   Code   RO         6086    x$fpl$fflt          fz_ws.l(fflt_clz.o)
    0x0800326c   0x0800326c   0x00000068   Code   RO         6091    x$fpl$fleqf         fz_ws.l(fleqf.o)
    0x080032d4   0x080032d4   0x00000102   Code   RO         6093    x$fpl$fmul          fz_ws.l(fmul.o)
    0x080033d6   0x080033d6   0x0000008c   Code   RO         6152    x$fpl$fnaninf       fz_ws.l(fnaninf.o)
    0x08003462   0x08003462   0x0000000a   Code   RO         6154    x$fpl$fretinf       fz_ws.l(fretinf.o)
    0x0800346c   0x0800346c   0x00000062   Code   RO         6095    x$fpl$frleqf        fz_ws.l(frleqf.o)
    0x080034ce   0x080034ce   0x00000014   Code   RO         6066    x$fpl$frsb          fz_ws.l(faddsub_clz.o)
    0x080034e2   0x080034e2   0x00000002   PAD
    0x080034e4   0x080034e4   0x000000ea   Code   RO         6067    x$fpl$fsub          fz_ws.l(faddsub_clz.o)
    0x080035ce   0x080035ce   0x00000064   Code   RO         6297    x$fpl$retnan        fz_ws.l(retnan.o)
    0x08003632   0x08003632   0x0000005c   Code   RO         6156    x$fpl$scalbn        fz_ws.l(scalbn.o)
    0x0800368e   0x0800368e   0x00000030   Code   RO         6309    x$fpl$trapveneer    fz_ws.l(trapv.o)
    0x080036be   0x080036be   0x00000000   Code   RO         6158    x$fpl$usenofp       fz_ws.l(usenofp.o)
    0x080036be   0x080036be   0x00000002   PAD
    0x080036c0   0x080036c0   0x00000054   Data   RO         4353    .constdata          inv_mpu.o
    0x08003714   0x08003714   0x00000004   PAD
    0x08003718   0x08003718   0x00000050   Data   RO         6099    .constdata          m_ws.l(asin.o)
    0x08003768   0x08003768   0x00000098   Data   RO         6161    .constdata          m_ws.l(atan.o)
    0x08003800   0x08003800   0x00000008   Data   RO         6187    .constdata          m_ws.l(qnan.o)
    0x08003808   0x08003808   0x00000020   Data   RO         6386    Region$$Table       anon$$obj.o


    Execution Region RW_IRAM1 (Exec base: 0x20000000, Load base: 0x08003828, Size: 0x00000c70, Max: 0x00005000, ABSOLUTE, COMPRESSED[0x00000030])

    Exec Addr    Load Addr    Size         Type   Attr      Idx    E Section Name        Object

    0x20000000   COMPRESSED   0x00000005   Data   RW         3621    .data               usart.o
    0x20000005   COMPRESSED   0x00000003   PAD
    0x20000008   COMPRESSED   0x00000008   Data   RW         3686    .data               encoder.o
    0x20000010   COMPRESSED   0x00000008   Data   RW         3835    .data               ultrasound.o
    0x20000018   COMPRESSED   0x00000034   Data   RW         3884    .data               mpu6050.o
    0x2000004c   COMPRESSED   0x00000078   Data   RW         4207    .data               pid.o
    0x200000c4   COMPRESSED   0x00000004   Data   RW         4265    .data               delay_1.o
    0x200000c8   COMPRESSED   0x0000002c   Data   RW         4354    .data               inv_mpu.o
    0x200000f4   COMPRESSED   0x00000040   Data   RW         5589    .data               tasks.o
    0x20000134        -       0x00000400   Zero   RW         3620    .bss                usart.o
    0x20000534        -       0x00000010   Zero   RW         4653    .bss                inv_mpu_dmp_motion_driver.o
    0x20000544        -       0x000000c8   Zero   RW         5588    .bss                tasks.o
    0x2000060c        -       0x00000060   Zero   RW         6197    .bss                c_w.l(libspace.o)
    0x2000066c   COMPRESSED   0x00000004   PAD
    0x20000670        -       0x00000200   Zero   RW            2    HEAP                startup_stm32f10x_md.o
    0x20000870        -       0x00000400   Zero   RW            1    STACK               startup_stm32f10x_md.o


==============================================================================

Image component sizes


      Code (inc. data)   RO Data    RW Data    ZI Data      Debug   Object Name

         0          0          0          0          0       4500   core_cm3.o
        82         16          0          4          0       2479   delay_1.o
        12          4          0          8          0       3015   encoder.o
       424         56          0          0          0      34486   gpio.o
       438          0          0          0          0       5016   iic.o
       648         12         84         44          0       6842   inv_mpu.o
       560         10          0          0         16       7516   inv_mpu_dmp_motion_driver.o
        64          4          0          0          0        483   main.o
         0          0          0          0          0     201700   misc.o
       266          0          0          0          0       5231   motor.o
       608         28          0         52          0       2030   mpu6050.o
       972        164          0        120          0       4236   pid.o
       202         18          0          0          0       3706   port.o
        64         26        236          0       1536        824   startup_stm32f10x_md.o
        52         12          0          0          0       1092   stm32f10x_exti.o
       450          6          0          0          0      12230   stm32f10x_gpio.o
        20          0          0          0          0       2601   stm32f10x_it.o
        64         12          0          0          0       1106   stm32f10x_rcc.o
       572         72          0          0          0      26130   stm32f10x_tim.o
       114          0          0          0          0       8774   stm32f10x_usart.o
       328         28          0          0          0       1885   system_stm32f10x.o
       544         72          0         64        200      18131   tasks.o
       216         24          0          0          0       3106   tim.o
        52          4          0          8          0        866   ultrasound.o
        80         12          0          5       1024       1246   usart.o

    ----------------------------------------------------------------------
      6848        580        356        308       2776     359231   Object Totals
         0          0         32          0          0          0   (incl. Generated)
        16          0          4          3          0          0   (incl. Padding)

    ----------------------------------------------------------------------

      Code (inc. data)   RO Data    RW Data    ZI Data      Debug   Library Member Name

        90          0          0          0          0          0   __dczerorl2.o
         8          0          0          0          0         68   __main.o
         0          0          0          0          0          0   __rtentry.o
        12          0          0          0          0          0   __rtentry2.o
         6          0          0          0          0          0   __rtentry4.o
        52          8          0          0          0          0   __scatter.o
        28          0          0          0          0          0   __scatter_zi.o
        22          0          0          0          0        100   _rserrno.o
        18          0          0          0          0         80   exit.o
         6          0          0          0          0        152   heapauxi.o
         0          0          0          0          0          0   indicate_semi.o
         2          0          0          0          0          0   libinit.o
         2          0          0          0          0          0   libinit2.o
         2          0          0          0          0          0   libshutdown.o
         2          0          0          0          0          0   libshutdown2.o
         8          4          0          0         96         68   libspace.o
         8          4          0          0          0         68   rt_errno_addr_intlibspace.o
         2          0          0          0          0          0   rtexit.o
        10          0          0          0          0          0   rtexit2.o
        12          4          0          0          0         68   sys_exit.o
        74          0          0          0          0         80   sys_stackheap_outer.o
         2          0          0          0          0         68   use_no_semi.o
        98          4          0          0          0         92   d2f.o
       826         16          0          0          0        348   daddsub_clz.o
        16          4          0          0          0         68   dcheck1.o
        24          0          0          0          0         68   dcmpi.o
       688        140          0          0          0        208   ddiv.o
       120          4          0          0          0         92   deqf.o
       340         12          0          0          0        104   dmul.o
       156          4          0          0          0         92   dnaninf.o
        12          0          0          0          0         68   dretinf.o
       460         56          0          0          0        120   dsqrt_noumaal.o
        86          4          0          0          0         84   f2d.o
       450          8          0          0          0        236   faddsub_clz.o
        24          0          0          0          0         68   fcmpi.o
       388         76          0          0          0         96   fdiv.o
        54          4          0          0          0         84   ffix.o
        48          0          0          0          0         68   fflt_clz.o
       104          4          0          0          0         84   fleqf.o
       258          4          0          0          0         84   fmul.o
       140          4          0          0          0         84   fnaninf.o
        10          0          0          0          0         68   fretinf.o
        98          0          0          0          0         68   frleqf.o
       100          0          0          0          0         68   retnan.o
        92          0          0          0          0         68   scalbn.o
        48          0          0          0          0         68   trapv.o
         0          0          0          0          0          0   usenofp.o
       624         52         80          0          0        168   asin.o
       544         70        152          0          0        124   atan.o
       412         38          0          0          0        144   atan2.o
        38          6          0          0          0        272   dunder.o
        40          0          0          0          0         68   fpclassify.o
       170          0          0          0          0         96   poly.o
         0          0          8          0          0          0   qnan.o
        76          0          0          0          0         84   sqrt.o

    ----------------------------------------------------------------------
      6932        530        240          0        100       4196   Library Totals
        22          0          0          0          4          0   (incl. Padding)

    ----------------------------------------------------------------------

      Code (inc. data)   RO Data    RW Data    ZI Data      Debug   Library Name

       366         20          0          0         96        752   c_w.l
      4640        344          0          0          0       2488   fz_ws.l
      1904        166        240          0          0        956   m_ws.l

    ----------------------------------------------------------------------
      6932        530        240          0        100       4196   Library Totals

    ----------------------------------------------------------------------

==============================================================================


      Code (inc. data)   RO Data    RW Data    ZI Data      Debug   

     13780       1110        596        308       2876     357027   Grand Totals
     13780       1110        596         48       2876     357027   ELF Image Totals (compressed)
     13780       1110        596         48          0          0   ROM Totals

==============================================================================

    Total RO  Size (Code + RO Data)                14376 (  14.04kB)
    Total RW  Size (RW Data + ZI Data)              3184 (   3.11kB)
    Total ROM Size (Code + RO Data + RW Data)      14424 (  14.09kB)

==============================================================================

