Component: ARM Compiler 5.06 update 7 (build 960) Tool: armlink [4d3601]

==============================================================================

Section Cross References

    startup_stm32f10x_md.o(RESET) refers to startup_stm32f10x_md.o(STACK) for __initial_sp
    startup_stm32f10x_md.o(RESET) refers to startup_stm32f10x_md.o(.text) for Reset_Handler
    startup_stm32f10x_md.o(RESET) refers to stm32f10x_it.o(i.NMI_Handler) for NMI_Handler
    startup_stm32f10x_md.o(RESET) refers to stm32f10x_it.o(i.HardFault_Handler) for HardFault_Handler
    startup_stm32f10x_md.o(RESET) refers to stm32f10x_it.o(i.MemManage_Handler) for MemManage_Handler
    startup_stm32f10x_md.o(RESET) refers to stm32f10x_it.o(i.BusFault_Handler) for BusFault_Handler
    startup_stm32f10x_md.o(RESET) refers to stm32f10x_it.o(i.UsageFault_Handler) for UsageFault_Handler
    startup_stm32f10x_md.o(RESET) refers to port.o(.emb_text) for SVC_Handler
    startup_stm32f10x_md.o(RESET) refers to stm32f10x_it.o(i.DebugMon_Handler) for DebugMon_Handler
    startup_stm32f10x_md.o(RESET) refers to port.o(i.SysTick_Handler) for SysTick_Handler
    startup_stm32f10x_md.o(RESET) refers to pid.o(i.EXTI1_IRQHandler) for EXTI1_IRQHandler
    startup_stm32f10x_md.o(RESET) refers to encoder.o(i.EXTI9_5_IRQHandler) for EXTI9_5_IRQHandler
    startup_stm32f10x_md.o(RESET) refers to delay_1.o(i.TIM2_IRQHandler) for TIM2_IRQHandler
    startup_stm32f10x_md.o(RESET) refers to usart.o(i.USART2_IRQHandler) for USART2_IRQHandler
    startup_stm32f10x_md.o(RESET) refers to usart.o(i.USART3_IRQHandler) for USART3_IRQHandler
    startup_stm32f10x_md.o(.text) refers to system_stm32f10x.o(i.SystemInit) for SystemInit
    startup_stm32f10x_md.o(.text) refers to entry.o(.ARM.Collect$$$$00000000) for __main
    system_stm32f10x.o(i.SetSysClock) refers to system_stm32f10x.o(i.SetSysClockTo72) for SetSysClockTo72
    system_stm32f10x.o(i.SystemCoreClockUpdate) refers to system_stm32f10x.o(.data) for SystemCoreClock
    system_stm32f10x.o(i.SystemInit) refers to system_stm32f10x.o(i.SetSysClock) for SetSysClock
    stm32f10x_adc.o(i.ADC_DeInit) refers to stm32f10x_rcc.o(i.RCC_APB2PeriphResetCmd) for RCC_APB2PeriphResetCmd
    stm32f10x_bkp.o(i.BKP_DeInit) refers to stm32f10x_rcc.o(i.RCC_BackupResetCmd) for RCC_BackupResetCmd
    stm32f10x_can.o(i.CAN_DeInit) refers to stm32f10x_rcc.o(i.RCC_APB1PeriphResetCmd) for RCC_APB1PeriphResetCmd
    stm32f10x_can.o(i.CAN_GetITStatus) refers to stm32f10x_can.o(i.CheckITStatus) for CheckITStatus
    stm32f10x_cec.o(i.CEC_DeInit) refers to stm32f10x_rcc.o(i.RCC_APB1PeriphResetCmd) for RCC_APB1PeriphResetCmd
    stm32f10x_dac.o(i.DAC_DeInit) refers to stm32f10x_rcc.o(i.RCC_APB1PeriphResetCmd) for RCC_APB1PeriphResetCmd
    stm32f10x_flash.o(i.FLASH_EnableWriteProtection) refers to stm32f10x_flash.o(i.FLASH_WaitForLastOperation) for FLASH_WaitForLastOperation
    stm32f10x_flash.o(i.FLASH_EraseAllBank1Pages) refers to stm32f10x_flash.o(i.FLASH_WaitForLastBank1Operation) for FLASH_WaitForLastBank1Operation
    stm32f10x_flash.o(i.FLASH_EraseAllPages) refers to stm32f10x_flash.o(i.FLASH_WaitForLastOperation) for FLASH_WaitForLastOperation
    stm32f10x_flash.o(i.FLASH_EraseOptionBytes) refers to stm32f10x_flash.o(i.FLASH_GetReadOutProtectionStatus) for FLASH_GetReadOutProtectionStatus
    stm32f10x_flash.o(i.FLASH_EraseOptionBytes) refers to stm32f10x_flash.o(i.FLASH_WaitForLastOperation) for FLASH_WaitForLastOperation
    stm32f10x_flash.o(i.FLASH_ErasePage) refers to stm32f10x_flash.o(i.FLASH_WaitForLastOperation) for FLASH_WaitForLastOperation
    stm32f10x_flash.o(i.FLASH_ProgramHalfWord) refers to stm32f10x_flash.o(i.FLASH_WaitForLastOperation) for FLASH_WaitForLastOperation
    stm32f10x_flash.o(i.FLASH_ProgramOptionByteData) refers to stm32f10x_flash.o(i.FLASH_WaitForLastOperation) for FLASH_WaitForLastOperation
    stm32f10x_flash.o(i.FLASH_ProgramWord) refers to stm32f10x_flash.o(i.FLASH_WaitForLastOperation) for FLASH_WaitForLastOperation
    stm32f10x_flash.o(i.FLASH_ReadOutProtection) refers to stm32f10x_flash.o(i.FLASH_WaitForLastOperation) for FLASH_WaitForLastOperation
    stm32f10x_flash.o(i.FLASH_UserOptionByteConfig) refers to stm32f10x_flash.o(i.FLASH_WaitForLastOperation) for FLASH_WaitForLastOperation
    stm32f10x_flash.o(i.FLASH_WaitForLastBank1Operation) refers to stm32f10x_flash.o(i.FLASH_GetBank1Status) for FLASH_GetBank1Status
    stm32f10x_flash.o(i.FLASH_WaitForLastOperation) refers to stm32f10x_flash.o(i.FLASH_GetBank1Status) for FLASH_GetBank1Status
    stm32f10x_gpio.o(i.GPIO_AFIODeInit) refers to stm32f10x_rcc.o(i.RCC_APB2PeriphResetCmd) for RCC_APB2PeriphResetCmd
    stm32f10x_gpio.o(i.GPIO_DeInit) refers to stm32f10x_rcc.o(i.RCC_APB2PeriphResetCmd) for RCC_APB2PeriphResetCmd
    stm32f10x_i2c.o(i.I2C_DeInit) refers to stm32f10x_rcc.o(i.RCC_APB1PeriphResetCmd) for RCC_APB1PeriphResetCmd
    stm32f10x_i2c.o(i.I2C_Init) refers to stm32f10x_rcc.o(i.RCC_GetClocksFreq) for RCC_GetClocksFreq
[...]
    i.GPIO_EXTILineConfig                    0x08000fe0   Section        0  stm32f10x_gpio.o(i.GPIO_EXTILineConfig)
    i.GPIO_IIC_Init                          0x08001020   Section        0  gpio.o(i.GPIO_IIC_Init)
    i.GPIO_Init                              0x08001060   Section        0  stm32f10x_gpio.o(i.GPIO_Init)
    i.GPIO_InitPro                           0x08001176   Section        0  gpio.o(i.GPIO_InitPro)
    i.GPIO_LED_Init                          0x08001198   Section        0  gpio.o(i.GPIO_LED_Init)
    i.GPIO_LED_TipsLED                       0x080011c8   Section        0  gpio.o(i.GPIO_LED_TipsLED)
    i.GPIO_MOTOR_AIN1                        0x080011e0   Section        0  gpio.o(i.GPIO_MOTOR_AIN1)
    i.GPIO_MOTOR_AIN2                        0x080011f4   Section        0  gpio.o(i.GPIO_MOTOR_AIN2)
    i.GPIO_MOTOR_BIN1                        0x08001208   Section        0  gpio.o(i.GPIO_MOTOR_BIN1)
    i.GPIO_MOTOR_BIN2                        0x08001220   Section        0  gpio.o(i.GPIO_MOTOR_BIN2)
    i.GPIO_MOTOR_Init                        0x08001238   Section        0  gpio.o(i.GPIO_MOTOR_Init)
    i.GPIO_MOTOR_STBY                        0x0800130c   Section        0  gpio.o(i.GPIO_MOTOR_STBY)
    i.GPIO_PinRemapConfig                    0x08001324   Section        0  stm32f10x_gpio.o(i.GPIO_PinRemapConfig)
    i.GPIO_ReadInputDataBit                  0x080013b4   Section        0  stm32f10x_gpio.o(i.GPIO_ReadInputDataBit)
    i.GPIO_SCL_Config                        0x080013c8   Section        0  gpio.o(i.GPIO_SCL_Config)
    i.GPIO_SDA_Config                        0x080013e4   Section        0  gpio.o(i.GPIO_SDA_Config)
    i.GPIO_SDA_Read                          0x08001400   Section        0  gpio.o(i.GPIO_SDA_Read)
    i.GPIO_USART_Init                        0x08001414   Section        0  gpio.o(i.GPIO_USART_Init)
    i.GPIO_WriteBit                          0x0800149c   Section        0  stm32f10x_gpio.o(i.GPIO_WriteBit)
    i.HardFault_Handler                      0x080014a6   Section        0  stm32f10x_it.o(i.HardFault_Handler)
    i.IIC_ReadReg                            0x080014aa   Section        0  iic.o(i.IIC_ReadReg)
    i.IIC_ReceiveAck                         0x0800152c   Section        0  iic.o(i.IIC_ReceiveAck)
    i.IIC_ReceiveByte                        0x0800154a   Section        0  iic.o(i.IIC_ReceiveByte)
    i.IIC_SendAck                            0x08001588   Section        0  iic.o(i.IIC_SendAck)
    i.IIC_SendByte                           0x080015a0   Section        0  iic.o(i.IIC_SendByte)
    i.IIC_Start                              0x080015ca   Section        0  iic.o(i.IIC_Start)
    i.IIC_Stop                               0x080015e6   Section        0  iic.o(i.IIC_Stop)
    i.IIC_WriteReg                           0x080015fc   Section        0  iic.o(i.IIC_WriteReg)
    i.MOTOR_ENABLE                           0x08001660   Section        0  motor.o(i.MOTOR_ENABLE)
    i.MOTOR_InitPro                          0x0800166a   Section        0  motor.o(i.MOTOR_InitPro)
    i.MOTOR_Left_Negative                    0x0800167a   Section        0  motor.o(i.MOTOR_Left_Negative)
    i.MOTOR_Left_Positive                    0x0800168a   Section        0  motor.o(i.MOTOR_Left_Positive)
    i.MOTOR_Left_Pulse                       0x0800169a   Section        0  motor.o(i.MOTOR_Left_Pulse)
    i.MOTOR_Limit                            0x080016a6   Section        0  motor.o(i.MOTOR_Limit)
    i.MOTOR_Pulse_Config                     0x080016ba   Section        0  motor.o(i.MOTOR_Pulse_Config)
    i.MOTOR_Right_Negative                   0x0800173a   Section        0  motor.o(i.MOTOR_Right_Negative)
    i.MOTOR_Right_Positive                   0x0800174a   Section        0  motor.o(i.MOTOR_Right_Positive)
    i.MOTOR_Right_Pulse                      0x0800175a   Section        0  motor.o(i.MOTOR_Right_Pulse)
    i.MPU6050_DMP_Get_Data                   0x08001768   Section        0  mpu6050.o(i.MPU6050_DMP_Get_Data)
    i.MPU6050_Remove_YawDeviaction           0x080019c8   Section        0  mpu6050.o(i.MPU6050_Remove_YawDeviaction)
    i.MemManage_Handler                      0x08001a2c   Section        0  stm32f10x_it.o(i.MemManage_Handler)
    i.NMI_Handler                            0x08001a30   Section        0  stm32f10x_it.o(i.NMI_Handler)
    i.NVIC_Init                              0x08001a34   Section        0  misc.o(i.NVIC_Init)
    i.NVIC_PriorityGroupConfig               0x08001aa4   Section        0  misc.o(i.NVIC_PriorityGroupConfig)
    i.RCC_ADCCLKConfig                       0x08001ab8   Section        0  stm32f10x_rcc.o(i.RCC_ADCCLKConfig)
    i.RCC_AHBPeriphClockCmd                  0x08001ad0   Section        0  stm32f10x_rcc.o(i.RCC_AHBPeriphClockCmd)
    i.RCC_APB1PeriphClockCmd                 0x08001af0   Section        0  stm32f10x_rcc.o(i.RCC_APB1PeriphClockCmd)
    i.RCC_APB2PeriphClockCmd                 0x08001b10   Section        0  stm32f10x_rcc.o(i.RCC_APB2PeriphClockCmd)
    i.RCC_GetClocksFreq                      0x08001b30   Section        0  stm32f10x_rcc.o(i.RCC_GetClocksFreq)
    i.SetSysClock                            0x08001c04   Section        0  system_stm32f10x.o(i.SetSysClock)
    SetSysClock                              0x08001c05   Thumb Code     8  system_stm32f10x.o(i.SetSysClock)
    i.SetSysClockTo72                        0x08001c0c   Section        0  system_stm32f10x.o(i.SetSysClockTo72)
    SetSysClockTo72                          0x08001c0d   Thumb Code   214  system_stm32f10x.o(i.SetSysClockTo72)
    i.SysTick_Handler                        0x08001cec   Section        0  port.o(i.SysTick_Handler)
    i.SystemInit                             0x08001d20   Section        0  system_stm32f10x.o(i.SystemInit)
    i.TASK1                                  0x08001d80   Section        0  mytask.o(i.TASK1)
    i.TASK10                                 0x08001d84   Section        0  mytask.o(i.TASK10)
    i.TASK11                                 0x08001d88   Section        0  mytask.o(i.TASK11)
    i.TASK12                                 0x08001d90   Section        0  mytask.o(i.TASK12)
    i.TASK13                                 0x08001d94   Section        0  mytask.o(i.TASK13)
    i.TASK14                                 0x08001d98   Section        0  mytask.o(i.TASK14)
    i.TASK15                                 0x08001d9c   Section        0  mytask.o(i.TASK15)
    i.TASK2                                  0x08001da0   Section        0  mytask.o(i.TASK2)
    i.TASK3                                  0x08001dae   Section        0  mytask.o(i.TASK3)
    i.TASK4                                  0x08001db2   Section        0  mytask.o(i.TASK4)
    i.TASK5                                  0x08001db6   Section        0  mytask.o(i.TASK5)
    i.TASK6                                  0x08001dba   Section        0  mytask.o(i.TASK6)
    i.TASK7                                  0x08001dbe   Section        0  mytask.o(i.TASK7)
    i.TASK8                                  0x08001dc2   Section        0  mytask.o(i.TASK8)
    i.TASK9                                  0x08001dc6   Section        0  mytask.o(i.TASK9)
    i.TASK_InitPro                           0x08001dcc   Section        0  mytask.o(i.TASK_InitPro)
    i.TIM2_IRQHandler                        0x08001e04   Section        0  delay_1.o(i.TIM2_IRQHandler)
    i.TIM_ClearFlag                          0x08001e2c   Section        0  stm32f10x_tim.o(i.TIM_ClearFlag)
    i.TIM_ClearITPendingBit                  0x08001e32   Section        0  stm32f10x_tim.o(i.TIM_ClearITPendingBit)
    i.TIM_Cmd                                0x08001e38   Section        0  stm32f10x_tim.o(i.TIM_Cmd)
    i.TIM_Delay_Init                         0x08001e50   Section        0  tim.o(i.TIM_Delay_Init)
    i.TIM_GetITStatus                        0x08001ebe   Section        0  stm32f10x_tim.o(i.TIM_GetITStatus)
    i.TIM_ITConfig                           0x08001ee0   Section        0  stm32f10x_tim.o(i.TIM_ITConfig)
    i.TIM_InitPro                            0x08001ef2   Section        0  tim.o(i.TIM_InitPro)
    i.TIM_MOTOR_CH1_Pulse                    0x08001f00   Section        0  tim.o(i.TIM_MOTOR_CH1_Pulse)
    i.TIM_MOTOR_CH2_Pulse                    0x08001f14   Section        0  tim.o(i.TIM_MOTOR_CH2_Pulse)
    i.TIM_MOTOR_Init                         0x08001f28   Section        0  tim.o(i.TIM_MOTOR_Init)
    i.TIM_OC1Init                            0x08001fb0   Section        0  stm32f10x_tim.o(i.TIM_OC1Init)
    i.TIM_OC2Init                            0x08002048   Section        0  stm32f10x_tim.o(i.TIM_OC2Init)
    i.TIM_OCStructInit                       0x080020ec   Section        0  stm32f10x_tim.o(i.TIM_OCStructInit)
    i.TIM_SetCompare1                        0x08002100   Section        0  stm32f10x_tim.o(i.TIM_SetCompare1)
    i.TIM_SetCompare2                        0x08002104   Section        0  stm32f10x_tim.o(i.TIM_SetCompare2)
    i.TIM_SetCounter                         0x08002108   Section        0  stm32f10x_tim.o(i.TIM_SetCounter)
    i.TIM_TimeBaseInit                       0x0800210c   Section        0  stm32f10x_tim.o(i.TIM_TimeBaseInit)
    i.Task_Start                             0x080021b0   Section        0  mytask.o(i.Task_Start)
    i.USART2_Clear_RecBuffer                 0x080023e0   Section        0  usart.o(i.USART2_Clear_RecBuffer)
    i.USART2_IRQHandler                      0x080023f4   Section        0  usart.o(i.USART2_IRQHandler)
    i.USART2_Init                            0x08002444   Section        0  usart.o(i.USART2_Init)
    i.USART2_RecState                        0x080024b8   Section        0  usart.o(i.USART2_RecState)
    i.USART2_SendByte                        0x08002514   Section        0  usart.o(i.USART2_SendByte)
    i.USART2_SendString                      0x08002534   Section        0  usart.o(i.USART2_SendString)
    i.USART3_Clear_RecBuffer                 0x08002550   Section        0  usart.o(i.USART3_Clear_RecBuffer)
    i.USART3_IRQHandler                      0x08002564   Section        0  usart.o(i.USART3_IRQHandler)
    i.USART3_Init                            0x080025b4   Section        0  usart.o(i.USART3_Init)
    i.USART3_SendByte                        0x08002628   Section        0  usart.o(i.USART3_SendByte)
    i.USART3_SendString                      0x08002648   Section        0  usart.o(i.USART3_SendString)
    i.USART_ClearFlag                        0x08002662   Section        0  stm32f10x_usart.o(i.USART_ClearFlag)
    i.USART_ClearITPendingBit                0x08002674   Section        0  stm32f10x_usart.o(i.USART_ClearITPendingBit)
    i.USART_Cmd                              0x08002692   Section        0  stm32f10x_usart.o(i.USART_Cmd)
    i.USART_GetFlagStatus                    0x080026aa   Section        0  stm32f10x_usart.o(i.USART_GetFlagStatus)
    i.USART_GetITStatus                      0x080026c4   Section        0  stm32f10x_usart.o(i.USART_GetITStatus)
    i.USART_ITConfig                         0x08002718   Section        0  stm32f10x_usart.o(i.USART_ITConfig)
    i.USART_Init                             0x08002764   Section        0  stm32f10x_usart.o(i.USART_Init)
    i.USART_InitPro                          0x0800283c   Section        0  usart.o(i.USART_InitPro)
    i.USART_SendData                         0x0800287c   Section        0  stm32f10x_usart.o(i.USART_SendData)
    i.UsageFault_Handler                     0x08002884   Section        0  stm32f10x_it.o(i.UsageFault_Handler)
    i.__ARM_fpclassify                       0x08002888   Section        0  fpclassify.o(i.__ARM_fpclassify)
    i.__kernel_poly                          0x080028b0   Section        0  poly.o(i.__kernel_poly)
    i.__mathlib_dbl_infnan                   0x0800295a   Section        0  dunder.o(i.__mathlib_dbl_infnan)
    i.__mathlib_dbl_infnan2                  0x08002960   Section        0  dunder.o(i.__mathlib_dbl_infnan2)
    i.__mathlib_dbl_invalid                  0x08002964   Section        0  dunder.o(i.__mathlib_dbl_invalid)
    i.__mathlib_dbl_underflow                0x08002970   Section        0  dunder.o(i.__mathlib_dbl_underflow)
    i.__scatterload_copy                     0x08002980   Section       14  handlers.o(i.__scatterload_copy)
    i.__scatterload_null                     0x0800298e   Section        2  handlers.o(i.__scatterload_null)
    i.__scatterload_zeroinit                 0x08002990   Section       14  handlers.o(i.__scatterload_zeroinit)
    i.__set_errno                            0x080029a0   Section        0  errno.o(i.__set_errno)
    i.asin                                   0x080029ac   Section        0  asin.o(i.asin)
    i.atan                                   0x08002c1c   Section        0  atan.o(i.atan)
    i.atan2                                  0x08002e3c   Section        0  atan2.o(i.atan2)
    i.decode_gesture                         0x08002fd8   Section        0  inv_mpu_dmp_motion_driver.o(i.decode_gesture)
    decode_gesture                           0x08002fd9   Thumb Code    94  inv_mpu_dmp_motion_driver.o(i.decode_gesture)
    i.dmp_read_fifo                          0x0800303c   Section        0  inv_mpu_dmp_motion_driver.o(i.dmp_read_fifo)
    i.main                                   0x08003208   Section        0  main.o(i.main)
    i.mpu_read_fifo_stream                   0x08003228   Section        0  inv_mpu.o(i.mpu_read_fifo_stream)
    i.mpu_reset_fifo                         0x080032e8   Section        0  inv_mpu.o(i.mpu_reset_fifo)
    i.prvAddCurrentTaskToDelayedList         0x080034b0   Section        0  tasks.o(i.prvAddCurrentTaskToDelayedList)
    prvAddCurrentTaskToDelayedList           0x080034b1   Thumb Code   164  tasks.o(i.prvAddCurrentTaskToDelayedList)
    i.prvAddNewTaskToReadyList               0x08003570   Section        0  tasks.o(i.prvAddNewTaskToReadyList)
    prvAddNewTaskToReadyList                 0x08003571   Thumb Code   200  tasks.o(i.prvAddNewTaskToReadyList)
    i.prvCheckTasksWaitingTermination        0x08003654   Section        0  tasks.o(i.prvCheckTasksWaitingTermination)
    prvCheckTasksWaitingTermination          0x08003655   Thumb Code    60  tasks.o(i.prvCheckTasksWaitingTermination)
    i.prvDeleteTCB                           0x0800369c   Section        0  tasks.o(i.prvDeleteTCB)
    prvDeleteTCB                             0x0800369d   Thumb Code    18  tasks.o(i.prvDeleteTCB)
    i.prvHeapInit                            0x080036b0   Section        0  heap_4.o(i.prvHeapInit)
    prvHeapInit                              0x080036b1   Thumb Code    90  heap_4.o(i.prvHeapInit)
    i.prvIdleTask                            0x08003720   Section        0  tasks.o(i.prvIdleTask)
    prvIdleTask                              0x08003721   Thumb Code    32  tasks.o(i.prvIdleTask)
    i.prvInitialiseNewTask                   0x08003748   Section        0  tasks.o(i.prvInitialiseNewTask)
    prvInitialiseNewTask                     0x08003749   Thumb Code   136  tasks.o(i.prvInitialiseNewTask)
    i.prvInitialiseTaskLists                 0x080037d0   Section        0  tasks.o(i.prvInitialiseTaskLists)
    prvInitialiseTaskLists                   0x080037d1   Thumb Code    70  tasks.o(i.prvInitialiseTaskLists)
    i.prvInsertBlockIntoFreeList             0x08003838   Section        0  heap_4.o(i.prvInsertBlockIntoFreeList)
    prvInsertBlockIntoFreeList               0x08003839   Thumb Code    96  heap_4.o(i.prvInsertBlockIntoFreeList)
    i.prvResetNextTaskUnblockTime            0x080038a0   Section        0  tasks.o(i.prvResetNextTaskUnblockTime)
    prvResetNextTaskUnblockTime              0x080038a1   Thumb Code    40  tasks.o(i.prvResetNextTaskUnblockTime)
    i.prvTaskExitError                       0x080038d0   Section        0  port.o(i.prvTaskExitError)
    prvTaskExitError                         0x080038d1   Thumb Code    22  port.o(i.prvTaskExitError)
    i.pvPortMalloc                           0x080038e8   Section        0  heap_4.o(i.pvPortMalloc)
    i.pxPortInitialiseStack                  0x080039cc   Section        0  port.o(i.pxPortInitialiseStack)
    i.sqrt                                   0x080039f0   Section        0  sqrt.o(i.sqrt)
    i.uxListRemove                           0x08003a3c   Section        0  list.o(i.uxListRemove)
    i.vListInitialise                        0x08003a64   Section        0  list.o(i.vListInitialise)
    i.vListInitialiseItem                    0x08003a7e   Section        0  list.o(i.vListInitialiseItem)
    i.vListInsert                            0x08003a84   Section        0  list.o(i.vListInsert)
    i.vListInsertEnd                         0x08003ab8   Section        0  list.o(i.vListInsertEnd)
    i.vPortEnterCritical                     0x08003ad0   Section        0  port.o(i.vPortEnterCritical)
    i.vPortExitCritical                      0x08003af4   Section        0  port.o(i.vPortExitCritical)
    i.vPortFree                              0x08003b14   Section        0  heap_4.o(i.vPortFree)
    i.vPortSetupTimerInterrupt               0x08003b60   Section        0  port.o(i.vPortSetupTimerInterrupt)
    i.vTaskDelay                             0x08003b78   Section        0  tasks.o(i.vTaskDelay)
    i.vTaskDelete                            0x08003bac   Section        0  tasks.o(i.vTaskDelete)
    i.vTaskStartScheduler                    0x08003c80   Section        0  tasks.o(i.vTaskStartScheduler)
    i.vTaskSuspendAll                        0x08003cec   Section        0  tasks.o(i.vTaskSuspendAll)
    i.vTaskSwitchContext                     0x08003cfc   Section        0  tasks.o(i.vTaskSwitchContext)
    i.xPortStartScheduler                    0x08003d5c   Section        0  port.o(i.xPortStartScheduler)
    i.xTaskCreate                            0x08003d90   Section        0  tasks.o(i.xTaskCreate)
    i.xTaskIncrementTick                     0x08003df8   Section        0  tasks.o(i.xTaskIncrementTick)
    i.xTaskResumeAll                         0x08003f88   Section        0  tasks.o(i.xTaskResumeAll)
    .constdata                               0x080040e4   Section       84  inv_mpu.o(.constdata)
    .constdata                               0x08004138   Section       80  asin.o(.constdata)
    pS                                       0x08004138   Data          48  asin.o(.constdata)
    qS                                       0x08004168   Data          32  asin.o(.constdata)
    .constdata                               0x08004188   Section      152  atan.o(.constdata)
    atanhi                                   0x08004188   Data          32  atan.o(.constdata)
    atanlo                                   0x080041a8   Data          32  atan.o(.constdata)
    aTodd                                    0x080041c8   Data          40  atan.o(.constdata)
    aTeven                                   0x080041f0   Data          48  atan.o(.constdata)
    .constdata                               0x08004220   Section        8  qnan.o(.constdata)
    .data                                    0x20000000   Section       20  stm32f10x_rcc.o(.data)
    APBAHBPrescTable                         0x20000000   Data          16  stm32f10x_rcc.o(.data)
    ADCPrescTable                            0x20000010   Data           4  stm32f10x_rcc.o(.data)
    .data                                    0x20000014   Section     2059  usart.o(.data)
    .data                                    0x20000820   Section        8  encoder.o(.data)
    .data                                    0x20000828   Section        6  adc.o(.data)
    .data                                    0x20000830   Section       52  mpu6050.o(.data)
    gyro_orientation                         0x2000083f   Data           9  mpu6050.o(.data)
    .data                                    0x20000864   Section       64  mytask.o(.data)
    .data                                    0x200008a4   Section        4  delay_1.o(.data)
    .data                                    0x200008a8   Section       44  inv_mpu.o(.data)
    st                                       0x200008a8   Data          44  inv_mpu.o(.data)
    .data                                    0x200008d4   Section       64  tasks.o(.data)
    pxDelayedTaskList                        0x200008d8   Data           4  tasks.o(.data)
    pxOverflowDelayedTaskList                0x200008dc   Data           4  tasks.o(.data)
    uxDeletedTasksWaitingCleanUp             0x200008e0   Data           4  tasks.o(.data)
    uxCurrentNumberOfTasks                   0x200008e4   Data           4  tasks.o(.data)
    xTickCount                               0x200008e8   Data           4  tasks.o(.data)
    uxTopReadyPriority                       0x200008ec   Data           4  tasks.o(.data)
    xSchedulerRunning                        0x200008f0   Data           4  tasks.o(.data)
    xPendedTicks                             0x200008f4   Data           4  tasks.o(.data)
    xYieldPending                            0x200008f8   Data           4  tasks.o(.data)
    xNumOfOverflows                          0x200008fc   Data           4  tasks.o(.data)
    uxTaskNumber                             0x20000900   Data           4  tasks.o(.data)
    xNextTaskUnblockTime                     0x20000904   Data           4  tasks.o(.data)
    xIdleTaskHandle                          0x20000908   Data           4  tasks.o(.data)
    uxSchedulerSuspended                     0x20000910   Data           4  tasks.o(.data)
    .data                                    0x20000914   Section       28  heap_4.o(.data)
    xStart                                   0x20000914   Data           8  heap_4.o(.data)
    pxEnd                                    0x2000091c   Data           4  heap_4.o(.data)
    xFreeBytesRemaining                      0x20000920   Data           4  heap_4.o(.data)
    xMinimumEverFreeBytesRemaining           0x20000924   Data           4  heap_4.o(.data)
    xNumberOfSuccessfulAllocations           0x20000928   Data           4  heap_4.o(.data)
    xNumberOfSuccessfulFrees                 0x2000092c   Data           4  heap_4.o(.data)
    .data                                    0x20000930   Section        4  port.o(.data)
    uxCriticalNesting                        0x20000930   Data           4  port.o(.data)
    .data                                    0x20000934   Section        4  errno.o(.data)
    _errno                                   0x20000934   Data           4  errno.o(.data)
    .bss                                     0x20000938   Section       16  inv_mpu_dmp_motion_driver.o(.bss)
    dmp                                      0x20000938   Data          16  inv_mpu_dmp_motion_driver.o(.bss)
    .bss                                     0x20000948   Section      200  tasks.o(.bss)
    pxReadyTasksLists                        0x20000948   Data         100  tasks.o(.bss)
    xDelayedTaskList1                        0x200009ac   Data          20  tasks.o(.bss)
    xDelayedTaskList2                        0x200009c0   Data          20  tasks.o(.bss)
    xPendingReadyList                        0x200009d4   Data          20  tasks.o(.bss)
    xTasksWaitingTermination                 0x200009e8   Data          20  tasks.o(.bss)
    xSuspendedTaskList                       0x200009fc   Data          20  tasks.o(.bss)
    .bss                                     0x20000a10   Section    13312  heap_4.o(.bss)
    ucHeap                                   0x20000a10   Data       13312  heap_4.o(.bss)
    STACK                                    0x20003e10   Section     1024  startup_stm32f10x_md.o(STACK)

    Global Symbols

    Symbol Name                              Value     Ov Type        Size  Object(Section)

    BuildAttributes$$THM_ISAv4$P$D$K$B$S$PE$A:L22UL41UL21$X:L11$S22US41US21$IEEE1$IW$USESV6$~STKCKD$USESV7$~SHL$OTIME$ROPI$IEEEX$EBA8$MICROLIB$REQ8$PRES8$EABIv2 0x00000000   Number         0  anon$$obj.o ABSOLUTE
    __ARM_use_no_argv                        0x00000000   Number         0  main.o ABSOLUTE
    _printf_a                                0x00000000   Number         0  stubs.o ABSOLUTE
    _printf_c                                0x00000000   Number         0  stubs.o ABSOLUTE
    _printf_charcount                        0x00000000   Number         0  stubs.o ABSOLUTE
    _printf_d                                0x00000000   Number         0  stubs.o ABSOLUTE
    _printf_e                                0x00000000   Number         0  stubs.o ABSOLUTE
    _printf_f                                0x00000000   Number         0  stubs.o ABSOLUTE
    _printf_flags                            0x00000000   Number         0  stubs.o ABSOLUTE
    _printf_fp_dec                           0x00000000   Number         0  stubs.o ABSOLUTE
    _printf_fp_hex                           0x00000000   Number         0  stubs.o ABSOLUTE
    _printf_g                                0x00000000   Number         0  stubs.o ABSOLUTE
    _printf_i                                0x00000000   Number         0  stubs.o ABSOLUTE
    _printf_int_dec                          0x00000000   Number         0  stubs.o ABSOLUTE
    _printf_l                                0x00000000   Number         0  stubs.o ABSOLUTE
    _printf_lc                               0x00000000   Number         0  stubs.o ABSOLUTE
    _printf_ll                               0x00000000   Number         0  stubs.o ABSOLUTE
    _printf_lld                              0x00000000   Number         0  stubs.o ABSOLUTE
    _printf_lli                              0x00000000   Number         0  stubs.o ABSOLUTE
    _printf_llo                              0x00000000   Number         0  stubs.o ABSOLUTE
    _printf_llu                              0x00000000   Number         0  stubs.o ABSOLUTE
    _printf_llx                              0x00000000   Number         0  stubs.o ABSOLUTE
    _printf_longlong_dec                     0x00000000   Number         0  stubs.o ABSOLUTE
    _printf_longlong_hex                     0x00000000   Number         0  stubs.o ABSOLUTE
    _printf_longlong_oct                     0x00000000   Number         0  stubs.o ABSOLUTE
    _printf_ls                               0x00000000   Number         0  stubs.o ABSOLUTE
    _printf_mbtowc                           0x00000000   Number         0  stubs.o ABSOLUTE
    _printf_n                                0x00000000   Number         0  stubs.o ABSOLUTE
    _printf_o                                0x00000000   Number         0  stubs.o ABSOLUTE
    _printf_p                                0x00000000   Number         0  stubs.o ABSOLUTE
    _printf_percent                          0x00000000   Number         0  stubs.o ABSOLUTE
    _printf_pre_padding                      0x00000000   Number         0  stubs.o ABSOLUTE
    _printf_return_value                     0x00000000   Number         0  stubs.o ABSOLUTE
    _printf_s                                0x00000000   Number         0  stubs.o ABSOLUTE
    _printf_sizespec                         0x00000000   Number         0  stubs.o ABSOLUTE
    _printf_str                              0x00000000   Number         0  stubs.o ABSOLUTE
    _printf_truncate_signed                  0x00000000   Number         0  stubs.o ABSOLUTE
    _printf_truncate_unsigned                0x00000000   Number         0  stubs.o ABSOLUTE
    _printf_u                                0x00000000   Number         0  stubs.o ABSOLUTE
    _printf_wc                               0x00000000   Number         0  stubs.o ABSOLUTE
    _printf_wctomb                           0x00000000   Number         0  stubs.o ABSOLUTE
    _printf_widthprec                        0x00000000   Number         0  stubs.o ABSOLUTE
    _printf_x                                0x00000000   Number         0  stubs.o ABSOLUTE
    __arm_fini_                               - Undefined Weak Reference
    __cpp_initialize__aeabi_                  - Undefined Weak Reference
    __cxa_finalize                            - Undefined Weak Reference
    _clock_init                               - Undefined Weak Reference
    _microlib_exit                            - Undefined Weak Reference
    __Vectors_Size                           0x000000ec   Number         0  startup_stm32f10x_md.o ABSOLUTE
    __Vectors                                0x08000000   Data           4  startup_stm32f10x_md.o(RESET)
    __Vectors_End                            0x080000ec   Data           0  startup_stm32f10x_md.o(RESET)
    __main                                   0x080000ed   Thumb Code     0  entry.o(.ARM.Collect$$$$00000000)
    _main_stk                                0x080000ed   Thumb Code     0  entry2.o(.ARM.Collect$$$$00000001)
    _main_scatterload                        0x080000f1   Thumb Code     0  entry5.o(.ARM.Collect$$$$00000004)
    __main_after_scatterload                 0x080000f5   Thumb Code     0  entry5.o(.ARM.Collect$$$$00000004)
    _main_clock                              0x080000f5   Thumb Code     0  entry7b.o(.ARM.Collect$$$$00000008)
    _main_cpp_init                           0x080000f5   Thumb Code     0  entry8b.o(.ARM.Collect$$$$0000000A)
    _main_init                               0x080000f5   Thumb Code     0  entry9a.o(.ARM.Collect$$$$0000000B)
    __rt_lib_shutdown_fini                   0x080000fd   Thumb Code     0  entry12b.o(.ARM.Collect$$$$0000000E)
    __rt_final_cpp                           0x08000101   Thumb Code     0  entry10a.o(.ARM.Collect$$$$0000000F)
    __rt_final_exit                          0x08000101   Thumb Code     0  entry11a.o(.ARM.Collect$$$$00000011)
    SVC_Handler                              0x08000105   Thumb Code    32  port.o(.emb_text)
    __asm___6_port_c_39a90d8d__prvStartFirstTask 0x08000129   Thumb Code    28  port.o(.emb_text)
    PendSV_Handler                           0x08000149   Thumb Code    72  port.o(.emb_text)
    vPortGetIPSR                             0x08000195   Thumb Code     6  port.o(.emb_text)
    Reset_Handler                            0x0800019d   Thumb Code     8  startup_stm32f10x_md.o(.text)
    ADC1_2_IRQHandler                        0x080001b7   Thumb Code     0  startup_stm32f10x_md.o(.text)
    CAN1_RX1_IRQHandler                      0x080001b7   Thumb Code     0  startup_stm32f10x_md.o(.text)
    CAN1_SCE_IRQHandler                      0x080001b7   Thumb Code     0  startup_stm32f10x_md.o(.text)
    DMA1_Channel1_IRQHandler                 0x080001b7   Thumb Code     0  startup_stm32f10x_md.o(.text)
    DMA1_Channel2_IRQHandler                 0x080001b7   Thumb Code     0  startup_stm32f10x_md.o(.text)
    DMA1_Channel3_IRQHandler                 0x080001b7   Thumb Code     0  startup_stm32f10x_md.o(.text)
    DMA1_Channel4_IRQHandler                 0x080001b7   Thumb Code     0  startup_stm32f10x_md.o(.text)
    DMA1_Channel5_IRQHandler                 0x080001b7   Thumb Code     0  startup_stm32f10x_md.o(.text)
    DMA1_Channel6_IRQHandler                 0x080001b7   Thumb Code     0  startup_stm32f10x_md.o(.text)
    DMA1_Channel7_IRQHandler                 0x080001b7   Thumb Code     0  startup_stm32f10x_md.o(.text)
    EXTI0_IRQHandler                         0x080001b7   Thumb Code     0  startup_stm32f10x_md.o(.text)
    EXTI15_10_IRQHandler                     0x080001b7   Thumb Code     0  startup_stm32f10x_md.o(.text)
    EXTI2_IRQHandler                         0x080001b7   Thumb Code     0  startup_stm32f10x_md.o(.text)
    EXTI3_IRQHandler                         0x080001b7   Thumb Code     0  startup_stm32f10x_md.o(.text)
    EXTI4_IRQHandler                         0x080001b7   Thumb Code     0  startup_stm32f10x_md.o(.text)
    FLASH_IRQHandler                         0x080001b7   Thumb Code     0  startup_stm32f10x_md.o(.text)
    I2C1_ER_IRQHandler                       0x080001b7   Thumb Code     0  startup_stm32f10x_md.o(.text)
    I2C1_EV_IRQHandler                       0x080001b7   Thumb Code     0  startup_stm32f10x_md.o(.text)
    I2C2_ER_IRQHandler                       0x080001b7   Thumb Code     0  startup_stm32f10x_md.o(.text)
    I2C2_EV_IRQHandler                       0x080001b7   Thumb Code     0  startup_stm32f10x_md.o(.text)
    PVD_IRQHandler                           0x080001b7   Thumb Code     0  startup_stm32f10x_md.o(.text)
    RCC_IRQHandler                           0x080001b7   Thumb Code     0  startup_stm32f10x_md.o(.text)
    RTCAlarm_IRQHandler                      0x080001b7   Thumb Code     0  startup_stm32f10x_md.o(.text)
    RTC_IRQHandler                           0x080001b7   Thumb Code     0  startup_stm32f10x_md.o(.text)
    SPI1_IRQHandler                          0x080001b7   Thumb Code     0  startup_stm32f10x_md.o(.text)
    SPI2_IRQHandler                          0x080001b7   Thumb Code     0  startup_stm32f10x_md.o(.text)
    TAMPER_IRQHandler                        0x080001b7   Thumb Code     0  startup_stm32f10x_md.o(.text)
    TIM1_BRK_IRQHandler                      0x080001b7   Thumb Code     0  startup_stm32f10x_md.o(.text)
    TIM1_CC_IRQHandler                       0x080001b7   Thumb Code     0  startup_stm32f10x_md.o(.text)
    TIM1_TRG_COM_IRQHandler                  0x080001b7   Thumb Code     0  startup_stm32f10x_md.o(.text)
    TIM1_UP_IRQHandler                       0x080001b7   Thumb Code     0  startup_stm32f10x_md.o(.text)
    TIM3_IRQHandler                          0x080001b7   Thumb Code     0  startup_stm32f10x_md.o(.text)
    TIM4_IRQHandler                          0x080001b7   Thumb Code     0  startup_stm32f10x_md.o(.text)
    USART1_IRQHandler                        0x080001b7   Thumb Code     0  startup_stm32f10x_md.o(.text)
    USBWakeUp_IRQHandler                     0x080001b7   Thumb Code     0  startup_stm32f10x_md.o(.text)
    USB_HP_CAN1_TX_IRQHandler                0x080001b7   Thumb Code     0  startup_stm32f10x_md.o(.text)
    USB_LP_CAN1_RX0_IRQHandler               0x080001b7   Thumb Code     0  startup_stm32f10x_md.o(.text)
    WWDG_IRQHandler                          0x080001b7   Thumb Code     0  startup_stm32f10x_md.o(.text)
    __aeabi_memset                           0x080001c1   Thumb Code    14  memseta.o(.text)
    __aeabi_memset4                          0x080001c1   Thumb Code     0  memseta.o(.text)
    __aeabi_memset8                          0x080001c1   Thumb Code     0  memseta.o(.text)
    __aeabi_memclr                           0x080001cf   Thumb Code     4  memseta.o(.text)
    __aeabi_memclr4                          0x080001cf   Thumb Code     0  memseta.o(.text)
    __aeabi_memclr8                          0x080001cf   Thumb Code     0  memseta.o(.text)
    _memset$wrapper                          0x080001d3   Thumb Code    18  memseta.o(.text)
    __aeabi_fadd                             0x080001e5   Thumb Code   164  fadd.o(.text)
    __aeabi_fsub                             0x08000289   Thumb Code     6  fadd.o(.text)
    __aeabi_frsub                            0x0800028f   Thumb Code     6  fadd.o(.text)
    __aeabi_fmul                             0x08000295   Thumb Code   100  fmul.o(.text)
    __aeabi_fdiv                             0x080002f9   Thumb Code   124  fdiv.o(.text)
    __aeabi_dadd                             0x08000375   Thumb Code   322  dadd.o(.text)
    __aeabi_dsub                             0x080004b7   Thumb Code     6  dadd.o(.text)
    __aeabi_drsub                            0x080004bd   Thumb Code     6  dadd.o(.text)
    __aeabi_dmul                             0x080004c3   Thumb Code   228  dmul.o(.text)
    __aeabi_i2f                              0x080005a7   Thumb Code    18  fflti.o(.text)
    __aeabi_ui2d                             0x080005b9   Thumb Code    26  dfltui.o(.text)
    __aeabi_f2d                              0x080005d3   Thumb Code    38  f2d.o(.text)
    __aeabi_d2f                              0x080005f9   Thumb Code    56  d2f.o(.text)
    __aeabi_llsl                             0x08000631   Thumb Code    30  llshl.o(.text)
    _ll_shift_l                              0x08000631   Thumb Code     0  llshl.o(.text)
    __aeabi_lasr                             0x0800064f   Thumb Code    36  llsshr.o(.text)
    _ll_sshift_r                             0x0800064f   Thumb Code     0  llsshr.o(.text)
    __I$use$fp                               0x08000673   Thumb Code     0  iusefp.o(.text)
    _float_round                             0x08000673   Thumb Code    18  fepilogue.o(.text)
    _float_epilogue                          0x08000685   Thumb Code    92  fepilogue.o(.text)
    _double_round                            0x080006e1   Thumb Code    30  depilogue.o(.text)
    _double_epilogue                         0x080006ff   Thumb Code   156  depilogue.o(.text)
    __aeabi_ddiv                             0x0800079b   Thumb Code   222  ddiv.o(.text)
    __ARM_scalbn                             0x08000879   Thumb Code    46  dscalb.o(.text)
    scalbn                                   0x08000879   Thumb Code     0  dscalb.o(.text)
    __aeabi_cdcmpeq                          0x080008a9   Thumb Code     0  cdcmple.o(.text)
    __aeabi_cdcmple                          0x080008a9   Thumb Code    48  cdcmple.o(.text)
    __scatterload                            0x080008d9   Thumb Code    28  init.o(.text)
    __scatterload_rt2                        0x080008d9   Thumb Code     0  init.o(.text)
    __aeabi_llsr                             0x080008fd   Thumb Code    32  llushr.o(.text)
    _ll_ushift_r                             0x080008fd   Thumb Code     0  llushr.o(.text)
    _dsqrt                                   0x0800091d   Thumb Code   162  dsqrt.o(.text)
    __decompress                             0x080009bf   Thumb Code     0  __dczerorl2.o(.text)
    __decompress1                            0x080009bf   Thumb Code    86  __dczerorl2.o(.text)
    ADC_Cmd                                  0x08000a15   Thumb Code    22  stm32f10x_adc.o(i.ADC_Cmd)
    ADC_DMACmd                               0x08000a2b   Thumb Code    22  stm32f10x_adc.o(i.ADC_DMACmd)
    ADC_GetCalibrationStatus                 0x08000a41   Thumb Code    20  stm32f10x_adc.o(i.ADC_GetCalibrationStatus)
    ADC_GetResetCalibrationStatus            0x08000a55   Thumb Code    20  stm32f10x_adc.o(i.ADC_GetResetCalibrationStatus)
    ADC_ITR9909_Init                         0x08000a69   Thumb Code   230  adc.o(i.ADC_ITR9909_Init)
    ADC_Init                                 0x08000b5d   Thumb Code    70  stm32f10x_adc.o(i.ADC_Init)
    ADC_InitPro                              0x08000bad   Thumb Code     8  adc.o(i.ADC_InitPro)
    ADC_RegularChannelConfig                 0x08000bb5   Thumb Code   184  stm32f10x_adc.o(i.ADC_RegularChannelConfig)
    ADC_ResetCalibration                     0x08000c6d   Thumb Code    10  stm32f10x_adc.o(i.ADC_ResetCalibration)
    ADC_SoftwareStartConvCmd                 0x08000c77   Thumb Code    22  stm32f10x_adc.o(i.ADC_SoftwareStartConvCmd)
    ADC_StartCalibration                     0x08000c8d   Thumb Code    10  stm32f10x_adc.o(i.ADC_StartCalibration)
    BusFault_Handler                         0x08000c97   Thumb Code     4  stm32f10x_it.o(i.BusFault_Handler)
    DMA_Cmd                                  0x08000c9b   Thumb Code    24  stm32f10x_dma.o(i.DMA_Cmd)
    DMA_Init                                 0x08000cb3   Thumb Code    60  stm32f10x_dma.o(i.DMA_Init)
    DebugMon_Handler                         0x08000cef   Thumb Code     2  stm32f10x_it.o(i.DebugMon_Handler)
    Delay_Getxms                             0x08000cf1   Thumb Code     8  delay_1.o(i.Delay_Getxms)
    Delay_ms                                 0x08000cfd   Thumb Code    18  delay_1.o(i.Delay_ms)
    Delay_us                                 0x08000d15   Thumb Code     6  delay_1.o(i.Delay_us)
    EXTI1_IRQHandler                         0x08000d1d   Thumb Code    30  pid.o(i.EXTI1_IRQHandler)
    EXTI9_5_IRQHandler                       0x08000d49   Thumb Code   180  encoder.o(i.EXTI9_5_IRQHandler)
    EXTI_ClearFlag                           0x08000e09   Thumb Code     6  stm32f10x_exti.o(i.EXTI_ClearFlag)
    EXTI_ClearITPendingBit                   0x08000e15   Thumb Code     6  stm32f10x_exti.o(i.EXTI_ClearITPendingBit)
    EXTI_GetITStatus                         0x08000e21   Thumb Code    34  stm32f10x_exti.o(i.EXTI_GetITStatus)
    EXTI_Init                                0x08000e49   Thumb Code   142  stm32f10x_exti.o(i.EXTI_Init)
    GPIO_ADC_Init                            0x08000edd   Thumb Code    38  gpio.o(i.GPIO_ADC_Init)
    GPIO_Buzzer_Init                         0x08000f09   Thumb Code    38  gpio.o(i.GPIO_Buzzer_Init)
    GPIO_ENCODER_Init                        0x08000f35   Thumb Code   166  gpio.o(i.GPIO_ENCODER_Init)
    GPIO_EXTILineConfig                      0x08000fe1   Thumb Code    60  stm32f10x_gpio.o(i.GPIO_EXTILineConfig)
    GPIO_IIC_Init                            0x08001021   Thumb Code    60  gpio.o(i.GPIO_IIC_Init)
    GPIO_Init                                0x08001061   Thumb Code   278  stm32f10x_gpio.o(i.GPIO_Init)
    GPIO_InitPro                             0x08001177   Thumb Code    32  gpio.o(i.GPIO_InitPro)
    GPIO_LED_Init                            0x08001199   Thumb Code    44  gpio.o(i.GPIO_LED_Init)
    GPIO_LED_TipsLED                         0x080011c9   Thumb Code    18  gpio.o(i.GPIO_LED_TipsLED)
    GPIO_MOTOR_AIN1                          0x080011e1   Thumb Code    16  gpio.o(i.GPIO_MOTOR_AIN1)
    GPIO_MOTOR_AIN2                          0x080011f5   Thumb Code    16  gpio.o(i.GPIO_MOTOR_AIN2)
    GPIO_MOTOR_BIN1                          0x08001209   Thumb Code    18  gpio.o(i.GPIO_MOTOR_BIN1)
    GPIO_MOTOR_BIN2                          0x08001221   Thumb Code    18  gpio.o(i.GPIO_MOTOR_BIN2)
    GPIO_MOTOR_Init                          0x08001239   Thumb Code   200  gpio.o(i.GPIO_MOTOR_Init)
    GPIO_MOTOR_STBY                          0x0800130d   Thumb Code    18  gpio.o(i.GPIO_MOTOR_STBY)
    GPIO_PinRemapConfig                      0x08001325   Thumb Code   138  stm32f10x_gpio.o(i.GPIO_PinRemapConfig)
    GPIO_ReadInputDataBit                    0x080013b5   Thumb Code    18  stm32f10x_gpio.o(i.GPIO_ReadInputDataBit)
    GPIO_SCL_Config                          0x080013c9   Thumb Code    24  gpio.o(i.GPIO_SCL_Config)
    GPIO_SDA_Config                          0x080013e5   Thumb Code    24  gpio.o(i.GPIO_SDA_Config)
    GPIO_SDA_Read                            0x08001401   Thumb Code    14  gpio.o(i.GPIO_SDA_Read)
    GPIO_USART_Init                          0x08001415   Thumb Code   128  gpio.o(i.GPIO_USART_Init)
    GPIO_WriteBit                            0x0800149d   Thumb Code    10  stm32f10x_gpio.o(i.GPIO_WriteBit)
    HardFault_Handler                        0x080014a7   Thumb Code     4  stm32f10x_it.o(i.HardFault_Handler)
    IIC_ReadReg                              0x080014ab   Thumb Code   130  iic.o(i.IIC_ReadReg)
    IIC_ReceiveAck                           0x0800152d   Thumb Code    30  iic.o(i.IIC_ReceiveAck)
    IIC_ReceiveByte                          0x0800154b   Thumb Code    62  iic.o(i.IIC_ReceiveByte)
    IIC_SendAck                              0x08001589   Thumb Code    24  iic.o(i.IIC_SendAck)
    IIC_SendByte                             0x080015a1   Thumb Code    42  iic.o(i.IIC_SendByte)
    IIC_Start                                0x080015cb   Thumb Code    28  iic.o(i.IIC_Start)
    IIC_Stop                                 0x080015e7   Thumb Code    22  iic.o(i.IIC_Stop)
    IIC_WriteReg                             0x080015fd   Thumb Code   100  iic.o(i.IIC_WriteReg)
    MOTOR_ENABLE                             0x08001661   Thumb Code    10  motor.o(i.MOTOR_ENABLE)
    MOTOR_InitPro                            0x0800166b   Thumb Code    16  motor.o(i.MOTOR_InitPro)
    MOTOR_Left_Negative                      0x0800167b   Thumb Code    16  motor.o(i.MOTOR_Left_Negative)
    MOTOR_Left_Positive                      0x0800168b   Thumb Code    16  motor.o(i.MOTOR_Left_Positive)
    MOTOR_Left_Pulse                         0x0800169b   Thumb Code    12  motor.o(i.MOTOR_Left_Pulse)
    MOTOR_Limit                              0x080016a7   Thumb Code    20  motor.o(i.MOTOR_Limit)
    MOTOR_Pulse_Config                       0x080016bb   Thumb Code   128  motor.o(i.MOTOR_Pulse_Config)
    MOTOR_Right_Negative                     0x0800173b   Thumb Code    16  motor.o(i.MOTOR_Right_Negative)
    MOTOR_Right_Positive                     0x0800174b   Thumb Code    16  motor.o(i.MOTOR_Right_Positive)
    MOTOR_Right_Pulse                        0x0800175b   Thumb Code    12  motor.o(i.MOTOR_Right_Pulse)
    MPU6050_DMP_Get_Data                     0x08001769   Thumb Code   580  mpu6050.o(i.MPU6050_DMP_Get_Data)
    MPU6050_Remove_YawDeviaction             0x080019c9   Thumb Code    84  mpu6050.o(i.MPU6050_Remove_YawDeviaction)
    MemManage_Handler                        0x08001a2d   Thumb Code     4  stm32f10x_it.o(i.MemManage_Handler)
    NMI_Handler                              0x08001a31   Thumb Code     2  stm32f10x_it.o(i.NMI_Handler)
    NVIC_Init                                0x08001a35   Thumb Code   100  misc.o(i.NVIC_Init)
    NVIC_PriorityGroupConfig                 0x08001aa5   Thumb Code    10  misc.o(i.NVIC_PriorityGroupConfig)
    RCC_ADCCLKConfig                         0x08001ab9   Thumb Code    18  stm32f10x_rcc.o(i.RCC_ADCCLKConfig)
    RCC_AHBPeriphClockCmd                    0x08001ad1   Thumb Code    26  stm32f10x_rcc.o(i.RCC_AHBPeriphClockCmd)
    RCC_APB1PeriphClockCmd                   0x08001af1   Thumb Code    26  stm32f10x_rcc.o(i.RCC_APB1PeriphClockCmd)
    RCC_APB2PeriphClockCmd                   0x08001b11   Thumb Code    26  stm32f10x_rcc.o(i.RCC_APB2PeriphClockCmd)
    RCC_GetClocksFreq                        0x08001b31   Thumb Code   192  stm32f10x_rcc.o(i.RCC_GetClocksFreq)
    SysTick_Handler                          0x08001ced   Thumb Code    46  port.o(i.SysTick_Handler)
    SystemInit                               0x08001d21   Thumb Code    78  system_stm32f10x.o(i.SystemInit)
    TASK1                                    0x08001d81   Thumb Code     4  mytask.o(i.TASK1)
    TASK10                                   0x08001d85   Thumb Code     4  mytask.o(i.TASK10)
    TASK11                                   0x08001d89   Thumb Code     8  mytask.o(i.TASK11)
    TASK12                                   0x08001d91   Thumb Code     4  mytask.o(i.TASK12)
    TASK13                                   0x08001d95   Thumb Code     4  mytask.o(i.TASK13)
    TASK14                                   0x08001d99   Thumb Code     4  mytask.o(i.TASK14)
    TASK15                                   0x08001d9d   Thumb Code     4  mytask.o(i.TASK15)
    TASK2                                    0x08001da1   Thumb Code    14  mytask.o(i.TASK2)
    TASK3                                    0x08001daf   Thumb Code     4  mytask.o(i.TASK3)
    TASK4                                    0x08001db3   Thumb Code     4  mytask.o(i.TASK4)
    TASK5                                    0x08001db7   Thumb Code     4  mytask.o(i.TASK5)
    TASK6                                    0x08001dbb   Thumb Code     4  mytask.o(i.TASK6)
    TASK7                                    0x08001dbf   Thumb Code     4  mytask.o(i.TASK7)
    TASK8                                    0x08001dc3   Thumb Code     4  mytask.o(i.TASK8)
    TASK9                                    0x08001dc7   Thumb Code     4  mytask.o(i.TASK9)
    TASK_InitPro                             0x08001dcd   Thumb Code    36  mytask.o(i.TASK_InitPro)
    TIM2_IRQHandler                          0x08001e05   Thumb Code    34  delay_1.o(i.TIM2_IRQHandler)
    TIM_ClearFlag                            0x08001e2d   Thumb Code     6  stm32f10x_tim.o(i.TIM_ClearFlag)
    TIM_ClearITPendingBit                    0x08001e33   Thumb Code     6  stm32f10x_tim.o(i.TIM_ClearITPendingBit)
    TIM_Cmd                                  0x08001e39   Thumb Code    24  stm32f10x_tim.o(i.TIM_Cmd)
    TIM_Delay_Init                           0x08001e51   Thumb Code   110  tim.o(i.TIM_Delay_Init)
    TIM_GetITStatus                          0x08001ebf   Thumb Code    34  stm32f10x_tim.o(i.TIM_GetITStatus)
    TIM_ITConfig                             0x08001ee1   Thumb Code    18  stm32f10x_tim.o(i.TIM_ITConfig)
    TIM_InitPro                              0x08001ef3   Thumb Code    12  tim.o(i.TIM_InitPro)
    TIM_MOTOR_CH1_Pulse                      0x08001f01   Thumb Code    14  tim.o(i.TIM_MOTOR_CH1_Pulse)
    TIM_MOTOR_CH2_Pulse                      0x08001f15   Thumb Code    14  tim.o(i.TIM_MOTOR_CH2_Pulse)
    TIM_MOTOR_Init                           0x08001f29   Thumb Code   132  tim.o(i.TIM_MOTOR_Init)
    TIM_OC1Init                              0x08001fb1   Thumb Code   132  stm32f10x_tim.o(i.TIM_OC1Init)
    TIM_OC2Init                              0x08002049   Thumb Code   154  stm32f10x_tim.o(i.TIM_OC2Init)
    TIM_OCStructInit                         0x080020ed   Thumb Code    20  stm32f10x_tim.o(i.TIM_OCStructInit)
    TIM_SetCompare1                          0x08002101   Thumb Code     4  stm32f10x_tim.o(i.TIM_SetCompare1)
    TIM_SetCompare2                          0x08002105   Thumb Code     4  stm32f10x_tim.o(i.TIM_SetCompare2)
    TIM_SetCounter                           0x08002109   Thumb Code     4  stm32f10x_tim.o(i.TIM_SetCounter)
    TIM_TimeBaseInit                         0x0800210d   Thumb Code   122  stm32f10x_tim.o(i.TIM_TimeBaseInit)
    Task_Start                               0x080021b1   Thumb Code   320  mytask.o(i.Task_Start)
    USART2_Clear_RecBuffer                   0x080023e1   Thumb Code    14  usart.o(i.USART2_Clear_RecBuffer)
    USART2_IRQHandler                        0x080023f5   Thumb Code    68  usart.o(i.USART2_IRQHandler)
    USART2_Init                              0x08002445   Thumb Code   112  usart.o(i.USART2_Init)
    USART2_RecState                          0x080024b9   Thumb Code    76  usart.o(i.USART2_RecState)
    USART2_SendByte                          0x08002515   Thumb Code    28  usart.o(i.USART2_SendByte)
    USART2_SendString                        0x08002535   Thumb Code    26  usart.o(i.USART2_SendString)
    USART3_Clear_RecBuffer                   0x08002551   Thumb Code    14  usart.o(i.USART3_Clear_RecBuffer)
    USART3_IRQHandler                        0x08002565   Thumb Code    68  usart.o(i.USART3_IRQHandler)
    USART3_Init                              0x080025b5   Thumb Code   112  usart.o(i.USART3_Init)
    USART3_SendByte                          0x08002629   Thumb Code    28  usart.o(i.USART3_SendByte)
    USART3_SendString                        0x08002649   Thumb Code    26  usart.o(i.USART3_SendString)
    USART_ClearFlag                          0x08002663   Thumb Code    18  stm32f10x_usart.o(i.USART_ClearFlag)
    USART_ClearITPendingBit                  0x08002675   Thumb Code    30  stm32f10x_usart.o(i.USART_ClearITPendingBit)
    USART_Cmd                                0x08002693   Thumb Code    24  stm32f10x_usart.o(i.USART_Cmd)
    USART_GetFlagStatus                      0x080026ab   Thumb Code    26  stm32f10x_usart.o(i.USART_GetFlagStatus)
    USART_GetITStatus                        0x080026c5   Thumb Code    84  stm32f10x_usart.o(i.USART_GetITStatus)
    USART_ITConfig                           0x08002719   Thumb Code    74  stm32f10x_usart.o(i.USART_ITConfig)
    USART_Init                               0x08002765   Thumb Code   210  stm32f10x_usart.o(i.USART_Init)
    USART_InitPro                            0x0800283d   Thumb Code    24  usart.o(i.USART_InitPro)
    USART_SendData                           0x0800287d   Thumb Code     8  stm32f10x_usart.o(i.USART_SendData)
    UsageFault_Handler                       0x08002885   Thumb Code     4  stm32f10x_it.o(i.UsageFault_Handler)
    __ARM_fpclassify                         0x08002889   Thumb Code    40  fpclassify.o(i.__ARM_fpclassify)
    __kernel_poly                            0x080028b1   Thumb Code   170  poly.o(i.__kernel_poly)
    __mathlib_dbl_infnan                     0x0800295b   Thumb Code     6  dunder.o(i.__mathlib_dbl_infnan)
    __mathlib_dbl_infnan2                    0x08002961   Thumb Code     4  dunder.o(i.__mathlib_dbl_infnan2)
    __mathlib_dbl_invalid                    0x08002965   Thumb Code    12  dunder.o(i.__mathlib_dbl_invalid)
    __mathlib_dbl_underflow                  0x08002971   Thumb Code    10  dunder.o(i.__mathlib_dbl_underflow)
    __scatterload_copy                       0x08002981   Thumb Code    14  handlers.o(i.__scatterload_copy)
    __scatterload_null                       0x0800298f   Thumb Code     2  handlers.o(i.__scatterload_null)
    __scatterload_zeroinit                   0x08002991   Thumb Code    14  handlers.o(i.__scatterload_zeroinit)
    __set_errno                              0x080029a1   Thumb Code     6  errno.o(i.__set_errno)
    asin                                     0x080029ad   Thumb Code   572  asin.o(i.asin)
    atan                                     0x08002c1d   Thumb Code   474  atan.o(i.atan)
    atan2                                    0x08002e3d   Thumb Code   374  atan2.o(i.atan2)
    dmp_read_fifo                            0x0800303d   Thumb Code   456  inv_mpu_dmp_motion_driver.o(i.dmp_read_fifo)
    main                                     0x08003209   Thumb Code    30  main.o(i.main)
    mpu_read_fifo_stream                     0x08003229   Thumb Code   186  inv_mpu.o(i.mpu_read_fifo_stream)
    mpu_reset_fifo                           0x080032e9   Thumb Code   450  inv_mpu.o(i.mpu_reset_fifo)
    pvPortMalloc                             0x080038e9   Thumb Code   208  heap_4.o(i.pvPortMalloc)
    pxPortInitialiseStack                    0x080039cd   Thumb Code    30  port.o(i.pxPortInitialiseStack)
    sqrt                                     0x080039f1   Thumb Code    76  sqrt.o(i.sqrt)
    uxListRemove                             0x08003a3d   Thumb Code    40  list.o(i.uxListRemove)
    vListInitialise                          0x08003a65   Thumb Code    26  list.o(i.vListInitialise)
    vListInitialiseItem                      0x08003a7f   Thumb Code     6  list.o(i.vListInitialiseItem)
    vListInsert                              0x08003a85   Thumb Code    52  list.o(i.vListInsert)
    vListInsertEnd                           0x08003ab9   Thumb Code    24  list.o(i.vListInsertEnd)
    vPortEnterCritical                       0x08003ad1   Thumb Code    30  port.o(i.vPortEnterCritical)
    vPortExitCritical                        0x08003af5   Thumb Code    28  port.o(i.vPortExitCritical)
    vPortFree                                0x08003b15   Thumb Code    68  heap_4.o(i.vPortFree)
    vPortSetupTimerInterrupt                 0x08003b61   Thumb Code    20  port.o(i.vPortSetupTimerInterrupt)
    vTaskDelay                               0x08003b79   Thumb Code    46  tasks.o(i.vTaskDelay)
    vTaskDelete                              0x08003bad   Thumb Code   174  tasks.o(i.vTaskDelete)
    vTaskStartScheduler                      0x08003c81   Thumb Code    76  tasks.o(i.vTaskStartScheduler)
    vTaskSuspendAll                          0x08003ced   Thumb Code    12  tasks.o(i.vTaskSuspendAll)
    vTaskSwitchContext                       0x08003cfd   Thumb Code    76  tasks.o(i.vTaskSwitchContext)
    xPortStartScheduler                      0x08003d5d   Thumb Code    42  port.o(i.xPortStartScheduler)
    xTaskCreate                              0x08003d91   Thumb Code   104  tasks.o(i.xTaskCreate)
    xTaskIncrementTick                       0x08003df9   Thumb Code   356  tasks.o(i.xTaskIncrementTick)
    xTaskResumeAll                           0x08003f89   Thumb Code   310  tasks.o(i.xTaskResumeAll)
    reg                                      0x080040e4   Data          30  inv_mpu.o(.constdata)
    hw                                       0x08004102   Data          12  inv_mpu.o(.constdata)
    test                                     0x08004110   Data          40  inv_mpu.o(.constdata)
    __mathlib_zero                           0x08004220   Data           8  qnan.o(.constdata)
    Region$$Table$$Base                      0x08004228   Number         0  anon$$obj.o(Region$$Table)
    Region$$Table$$Limit                     0x08004248   Number         0  anon$$obj.o(Region$$Table)
    USART2_RecBuffer                         0x20000014   Data        1024  usart.o(.data)
    USART2_Intrrupt_CNT                      0x20000414   Data           2  usart.o(.data)
    USART2_Intrrupt_LastCNT                  0x20000416   Data           2  usart.o(.data)
    USART2_RecFlag                           0x20000418   Data           1  usart.o(.data)
    USART3_RecBuffer                         0x20000419   Data        1024  usart.o(.data)
    USART3_Intrrupt_CNT                      0x2000081a   Data           2  usart.o(.data)
    USART3_Intrrupt_LastCNT                  0x2000081c   Data           2  usart.o(.data)
    USART3_RecFlag                           0x2000081e   Data           1  usart.o(.data)
    L_ENCODER_CNT                            0x20000820   Data           2  encoder.o(.data)
    R_ENCODER_CNT                            0x20000822   Data           2  encoder.o(.data)
    ENCODER_Speed                            0x20000824   Data           4  encoder.o(.data)
    ADC_ITR9909_Value                        0x20000828   Data           6  adc.o(.data)
    MPU6050_Pitch                            0x20000830   Data           4  mpu6050.o(.data)
    MPU6050_Roll                             0x20000834   Data           4  mpu6050.o(.data)
    MPU6050_Yaw                              0x20000838   Data           4  mpu6050.o(.data)
    MPU6050_YawDeviaction_CNT                0x2000083c   Data           2  mpu6050.o(.data)
    Debug_InitResult                         0x2000083e   Data           1  mpu6050.o(.data)
    q0                                       0x20000848   Data           4  mpu6050.o(.data)
    q1                                       0x2000084c   Data           4  mpu6050.o(.data)
    q2                                       0x20000850   Data           4  mpu6050.o(.data)
    q3                                       0x20000854   Data           4  mpu6050.o(.data)
    gyro                                     0x20000858   Data           6  mpu6050.o(.data)
    accel                                    0x2000085e   Data           6  mpu6050.o(.data)
    TASK1_Handler                            0x20000864   Data           4  mytask.o(.data)
    TASK2_Handler                            0x20000868   Data           4  mytask.o(.data)
    TASK3_Handler                            0x2000086c   Data           4  mytask.o(.data)
    TASK4_Handler                            0x20000870   Data           4  mytask.o(.data)
    TASK5_Handler                            0x20000874   Data           4  mytask.o(.data)
    TASK6_Handler                            0x20000878   Data           4  mytask.o(.data)
    TASK7_Handler                            0x2000087c   Data           4  mytask.o(.data)
    TASK8_Handler                            0x20000880   Data           4  mytask.o(.data)
    TASK9_Handler                            0x20000884   Data           4  mytask.o(.data)
    TASK10_Handler                           0x20000888   Data           4  mytask.o(.data)
    TASK11_Handler                           0x2000088c   Data           4  mytask.o(.data)
    TASK12_Handler                           0x20000890   Data           4  mytask.o(.data)
    TASK13_Handler                           0x20000894   Data           4  mytask.o(.data)
    TASK14_Handler                           0x20000898   Data           4  mytask.o(.data)
    TASK15_Handler                           0x2000089c   Data           4  mytask.o(.data)
    TASK_START_Handler                       0x200008a0   Data           4  mytask.o(.data)
    Delay_CNT                                0x200008a4   Data           4  delay_1.o(.data)
    pxCurrentTCB                             0x200008d4   Data           4  tasks.o(.data)
    uxTopUsedPriority                        0x2000090c   Data           4  tasks.o(.data)
    __initial_sp                             0x20004210   Data           0  startup_stm32f10x_md.o(STACK)



==============================================================================

Memory Map of the image

  Image Entry point : 0x080000ed

  Load Region LR_IROM1 (Base: 0x08000000, Size: 0x00004b80, Max: 0x00010000, ABSOLUTE, COMPRESSED[0x00004298])

    Execution Region ER_IROM1 (Exec base: 0x08000000, Load base: 0x08000000, Size: 0x00004248, Max: 0x00010000, ABSOLUTE)

    Exec Addr    Load Addr    Size         Type   Attr      Idx    E Section Name        Object

    0x08000000   0x08000000   0x000000ec   Data   RO            3    RESET               startup_stm32f10x_md.o
    0x080000ec   0x080000ec   0x00000000   Code   RO         5679  * .ARM.Collect$$$$00000000  mc_w.l(entry.o)
    0x080000ec   0x080000ec   0x00000004   Code   RO         6018    .ARM.Collect$$$$00000001  mc_w.l(entry2.o)
    0x080000f0   0x080000f0   0x00000004   Code   RO         6021    .ARM.Collect$$$$00000004  mc_w.l(entry5.o)
    0x080000f4   0x080000f4   0x00000000   Code   RO         6023    .ARM.Collect$$$$00000008  mc_w.l(entry7b.o)
    0x080000f4   0x080000f4   0x00000000   Code   RO         6025    .ARM.Collect$$$$0000000A  mc_w.l(entry8b.o)
    0x080000f4   0x080000f4   0x00000008   Code   RO         6026    .ARM.Collect$$$$0000000B  mc_w.l(entry9a.o)
    0x080000fc   0x080000fc   0x00000004   Code   RO         6033    .ARM.Collect$$$$0000000E  mc_w.l(entry12b.o)
    0x08000100   0x08000100   0x00000000   Code   RO         6028    .ARM.Collect$$$$0000000F  mc_w.l(entry10a.o)
    0x08000100   0x08000100   0x00000000   Code   RO         6030    .ARM.Collect$$$$00000011  mc_w.l(entry11a.o)
    0x08000100   0x08000100   0x00000004   Code   RO         6019    .ARM.Collect$$$$00002712  mc_w.l(entry2.o)
    0x08000104   0x08000104   0x00000096   Code   RO         5590    .emb_text           port.o
    0x0800019a   0x0800019a   0x00000002   PAD
    0x0800019c   0x0800019c   0x00000024   Code   RO            4    .text               startup_stm32f10x_md.o
    0x080001c0   0x080001c0   0x00000024   Code   RO         5686    .text               mc_w.l(memseta.o)
    0x080001e4   0x080001e4   0x000000b0   Code   RO         5953    .text               mf_w.l(fadd.o)
    0x08000294   0x08000294   0x00000064   Code   RO         5955    .text               mf_w.l(fmul.o)
    0x080002f8   0x080002f8   0x0000007c   Code   RO         5957    .text               mf_w.l(fdiv.o)
    0x08000374   0x08000374   0x0000014e   Code   RO         5959    .text               mf_w.l(dadd.o)
    0x080004c2   0x080004c2   0x000000e4   Code   RO         5961    .text               mf_w.l(dmul.o)
    0x080005a6   0x080005a6   0x00000012   Code   RO         5963    .text               mf_w.l(fflti.o)
    0x080005b8   0x080005b8   0x0000001a   Code   RO         5967    .text               mf_w.l(dfltui.o)
    0x080005d2   0x080005d2   0x00000026   Code   RO         5973    .text               mf_w.l(f2d.o)
    0x080005f8   0x080005f8   0x00000038   Code   RO         5975    .text               mf_w.l(d2f.o)
    0x08000630   0x08000630   0x0000001e   Code   RO         6041    .text               mc_w.l(llshl.o)
    0x0800064e   0x0800064e   0x00000024   Code   RO         6043    .text               mc_w.l(llsshr.o)
    0x08000672   0x08000672   0x00000000   Code   RO         6052    .text               mc_w.l(iusefp.o)
    0x08000672   0x08000672   0x0000006e   Code   RO         6053    .text               mf_w.l(fepilogue.o)
    0x080006e0   0x080006e0   0x000000ba   Code   RO         6055    .text               mf_w.l(depilogue.o)
    0x0800079a   0x0800079a   0x000000de   Code   RO         6057    .text               mf_w.l(ddiv.o)
    0x08000878   0x08000878   0x0000002e   Code   RO         6059    .text               mf_w.l(dscalb.o)
    0x080008a6   0x080008a6   0x00000002   PAD
    0x080008a8   0x080008a8   0x00000030   Code   RO         6063    .text               mf_w.l(cdcmple.o)
    0x080008d8   0x080008d8   0x00000024   Code   RO         6067    .text               mc_w.l(init.o)
    0x080008fc   0x080008fc   0x00000020   Code   RO         6070    .text               mc_w.l(llushr.o)
    0x0800091c   0x0800091c   0x000000a2   Code   RO         6073    .text               mf_w.l(dsqrt.o)
    0x080009be   0x080009be   0x00000056   Code   RO         6083    .text               mc_w.l(__dczerorl2.o)
    0x08000a14   0x08000a14   0x00000016   Code   RO          202    i.ADC_Cmd           stm32f10x_adc.o
    0x08000a2a   0x08000a2a   0x00000016   Code   RO          203    i.ADC_DMACmd        stm32f10x_adc.o
    0x08000a40   0x08000a40   0x00000014   Code   RO          210    i.ADC_GetCalibrationStatus  stm32f10x_adc.o
    0x08000a54   0x08000a54   0x00000014   Code   RO          216    i.ADC_GetResetCalibrationStatus  stm32f10x_adc.o
    0x08000a68   0x08000a68   0x000000f4   Code   RO         3682    i.ADC_ITR9909_Init  adc.o
    0x08000b5c   0x08000b5c   0x00000050   Code   RO          220    i.ADC_Init          stm32f10x_adc.o
    0x08000bac   0x08000bac   0x00000008   Code   RO         3683    i.ADC_InitPro       adc.o
    0x08000bb4   0x08000bb4   0x000000b8   Code   RO          224    i.ADC_RegularChannelConfig  stm32f10x_adc.o
    0x08000c6c   0x08000c6c   0x0000000a   Code   RO          225    i.ADC_ResetCalibration  stm32f10x_adc.o
    0x08000c76   0x08000c76   0x00000016   Code   RO          227    i.ADC_SoftwareStartConvCmd  stm32f10x_adc.o
    0x08000c8c   0x08000c8c   0x0000000a   Code   RO          229    i.ADC_StartCalibration  stm32f10x_adc.o
    0x08000c96   0x08000c96   0x00000004   Code   RO         4765    i.BusFault_Handler  stm32f10x_it.o
    0x08000c9a   0x08000c9a   0x00000018   Code   RO          911    i.DMA_Cmd           stm32f10x_dma.o
    0x08000cb2   0x08000cb2   0x0000003c   Code   RO          917    i.DMA_Init          stm32f10x_dma.o
    0x08000cee   0x08000cee   0x00000002   Code   RO         4766    i.DebugMon_Handler  stm32f10x_it.o
    0x08000cf0   0x08000cf0   0x0000000c   Code   RO         4157    i.Delay_Getxms      delay_1.o
    0x08000cfc   0x08000cfc   0x00000018   Code   RO         4158    i.Delay_ms          delay_1.o
    0x08000d14   0x08000d14   0x00000006   Code   RO         4160    i.Delay_us          delay_1.o
    0x08000d1a   0x08000d1a   0x00000002   PAD
    0x08000d1c   0x08000d1c   0x0000002c   Code   RO         4099    i.EXTI1_IRQHandler  pid.o
    0x08000d48   0x08000d48   0x000000c0   Code   RO         3626    i.EXTI9_5_IRQHandler  encoder.o
    0x08000e08   0x08000e08   0x0000000c   Code   RO          984    i.EXTI_ClearFlag    stm32f10x_exti.o
    0x08000e14   0x08000e14   0x0000000c   Code   RO          985    i.EXTI_ClearITPendingBit  stm32f10x_exti.o
    0x08000e20   0x08000e20   0x00000028   Code   RO          989    i.EXTI_GetITStatus  stm32f10x_exti.o
    0x08000e48   0x08000e48   0x00000094   Code   RO          990    i.EXTI_Init         stm32f10x_exti.o
    0x08000edc   0x08000edc   0x0000002c   Code   RO         3227    i.GPIO_ADC_Init     gpio.o
    0x08000f08   0x08000f08   0x0000002c   Code   RO         3229    i.GPIO_Buzzer_Init  gpio.o
    0x08000f34   0x08000f34   0x000000ac   Code   RO         3230    i.GPIO_ENCODER_Init  gpio.o
    0x08000fe0   0x08000fe0   0x00000040   Code   RO         1344    i.GPIO_EXTILineConfig  stm32f10x_gpio.o
    0x08001020   0x08001020   0x00000040   Code   RO         3231    i.GPIO_IIC_Init     gpio.o
    0x08001060   0x08001060   0x00000116   Code   RO         1347    i.GPIO_Init         stm32f10x_gpio.o
    0x08001176   0x08001176   0x00000020   Code   RO         3232    i.GPIO_InitPro      gpio.o
    0x08001196   0x08001196   0x00000002   PAD
    0x08001198   0x08001198   0x00000030   Code   RO         3233    i.GPIO_LED_Init     gpio.o
    0x080011c8   0x080011c8   0x00000018   Code   RO         3234    i.GPIO_LED_TipsLED  gpio.o
    0x080011e0   0x080011e0   0x00000014   Code   RO         3235    i.GPIO_MOTOR_AIN1   gpio.o
    0x080011f4   0x080011f4   0x00000014   Code   RO         3236    i.GPIO_MOTOR_AIN2   gpio.o
    0x08001208   0x08001208   0x00000018   Code   RO         3237    i.GPIO_MOTOR_BIN1   gpio.o
    0x08001220   0x08001220   0x00000018   Code   RO         3238    i.GPIO_MOTOR_BIN2   gpio.o
    0x08001238   0x08001238   0x000000d4   Code   RO         3239    i.GPIO_MOTOR_Init   gpio.o
    0x0800130c   0x0800130c   0x00000018   Code   RO         3240    i.GPIO_MOTOR_STBY   gpio.o
    0x08001324   0x08001324   0x00000090   Code   RO         1349    i.GPIO_PinRemapConfig  stm32f10x_gpio.o
    0x080013b4   0x080013b4   0x00000012   Code   RO         1351    i.GPIO_ReadInputDataBit  stm32f10x_gpio.o
    0x080013c6   0x080013c6   0x00000002   PAD
    0x080013c8   0x080013c8   0x0000001c   Code   RO         3242    i.GPIO_SCL_Config   gpio.o
    0x080013e4   0x080013e4   0x0000001c   Code   RO         3243    i.GPIO_SDA_Config   gpio.o
    0x08001400   0x08001400   0x00000014   Code   RO         3244    i.GPIO_SDA_Read     gpio.o
    0x08001414   0x08001414   0x00000088   Code   RO         3245    i.GPIO_USART_Init   gpio.o
    0x0800149c   0x0800149c   0x0000000a   Code   RO         1358    i.GPIO_WriteBit     stm32f10x_gpio.o
    0x080014a6   0x080014a6   0x00000004   Code   RO         4767    i.HardFault_Handler  stm32f10x_it.o
    0x080014aa   0x080014aa   0x00000082   Code   RO         3436    i.IIC_ReadReg       iic.o
    0x0800152c   0x0800152c   0x0000001e   Code   RO         3437    i.IIC_ReceiveAck    iic.o
    0x0800154a   0x0800154a   0x0000003e   Code   RO         3438    i.IIC_ReceiveByte   iic.o
    0x08001588   0x08001588   0x00000018   Code   RO         3439    i.IIC_SendAck       iic.o
    0x080015a0   0x080015a0   0x0000002a   Code   RO         3440    i.IIC_SendByte      iic.o
    0x080015ca   0x080015ca   0x0000001c   Code   RO         3441    i.IIC_Start         iic.o
    0x080015e6   0x080015e6   0x00000016   Code   RO         3442    i.IIC_Stop          iic.o
    0x080015fc   0x080015fc   0x00000064   Code   RO         3443    i.IIC_WriteReg      iic.o
    0x08001660   0x08001660   0x0000000a   Code   RO         3707    i.MOTOR_ENABLE      motor.o
    0x0800166a   0x0800166a   0x00000010   Code   RO         3708    i.MOTOR_InitPro     motor.o
    0x0800167a   0x0800167a   0x00000010   Code   RO         3709    i.MOTOR_Left_Negative  motor.o
    0x0800168a   0x0800168a   0x00000010   Code   RO         3710    i.MOTOR_Left_Positive  motor.o
    0x0800169a   0x0800169a   0x0000000c   Code   RO         3711    i.MOTOR_Left_Pulse  motor.o
    0x080016a6   0x080016a6   0x00000014   Code   RO         3712    i.MOTOR_Limit       motor.o
    0x080016ba   0x080016ba   0x00000080   Code   RO         3713    i.MOTOR_Pulse_Config  motor.o
    0x0800173a   0x0800173a   0x00000010   Code   RO         3714    i.MOTOR_Right_Negative  motor.o
    0x0800174a   0x0800174a   0x00000010   Code   RO         3715    i.MOTOR_Right_Positive  motor.o
    0x0800175a   0x0800175a   0x0000000c   Code   RO         3716    i.MOTOR_Right_Pulse  motor.o
    0x08001766   0x08001766   0x00000002   PAD
    0x08001768   0x08001768   0x00000260   Code   RO         3788    i.MPU6050_DMP_Get_Data  mpu6050.o
    0x080019c8   0x080019c8   0x00000064   Code   RO         3794    i.MPU6050_Remove_YawDeviaction  mpu6050.o
    0x08001a2c   0x08001a2c   0x00000004   Code   RO         4768    i.MemManage_Handler  stm32f10x_it.o
    0x08001a30   0x08001a30   0x00000002   Code   RO         4769    i.NMI_Handler       stm32f10x_it.o
    0x08001a32   0x08001a32   0x00000002   PAD
    0x08001a34   0x08001a34   0x00000070   Code   RO          137    i.NVIC_Init         misc.o
    0x08001aa4   0x08001aa4   0x00000014   Code   RO          138    i.NVIC_PriorityGroupConfig  misc.o
    0x08001ab8   0x08001ab8   0x00000018   Code   RO         1773    i.RCC_ADCCLKConfig  stm32f10x_rcc.o
    0x08001ad0   0x08001ad0   0x00000020   Code   RO         1774    i.RCC_AHBPeriphClockCmd  stm32f10x_rcc.o
    0x08001af0   0x08001af0   0x00000020   Code   RO         1775    i.RCC_APB1PeriphClockCmd  stm32f10x_rcc.o
    0x08001b10   0x08001b10   0x00000020   Code   RO         1777    i.RCC_APB2PeriphClockCmd  stm32f10x_rcc.o
    0x08001b30   0x08001b30   0x000000d4   Code   RO         1785    i.RCC_GetClocksFreq  stm32f10x_rcc.o
    0x08001c04   0x08001c04   0x00000008   Code   RO           24    i.SetSysClock       system_stm32f10x.o
    0x08001c0c   0x08001c0c   0x000000e0   Code   RO           25    i.SetSysClockTo72   system_stm32f10x.o
    0x08001cec   0x08001cec   0x00000034   Code   RO         5591    i.SysTick_Handler   port.o
    0x08001d20   0x08001d20   0x00000060   Code   RO           27    i.SystemInit        system_stm32f10x.o
    0x08001d80   0x08001d80   0x00000004   Code   RO         3953    i.TASK1             mytask.o
    0x08001d84   0x08001d84   0x00000004   Code   RO         3954    i.TASK10            mytask.o
    0x08001d88   0x08001d88   0x00000008   Code   RO         3955    i.TASK11            mytask.o
    0x08001d90   0x08001d90   0x00000004   Code   RO         3956    i.TASK12            mytask.o
    0x08001d94   0x08001d94   0x00000004   Code   RO         3957    i.TASK13            mytask.o
    0x08001d98   0x08001d98   0x00000004   Code   RO         3958    i.TASK14            mytask.o
    0x08001d9c   0x08001d9c   0x00000004   Code   RO         3959    i.TASK15            mytask.o
    0x08001da0   0x08001da0   0x0000000e   Code   RO         3960    i.TASK2             mytask.o
    0x08001dae   0x08001dae   0x00000004   Code   RO         3961    i.TASK3             mytask.o
    0x08001db2   0x08001db2   0x00000004   Code   RO         3962    i.TASK4             mytask.o
    0x08001db6   0x08001db6   0x00000004   Code   RO         3963    i.TASK5             mytask.o
    0x08001dba   0x08001dba   0x00000004   Code   RO         3964    i.TASK6             mytask.o
    0x08001dbe   0x08001dbe   0x00000004   Code   RO         3965    i.TASK7             mytask.o
    0x08001dc2   0x08001dc2   0x00000004   Code   RO         3966    i.TASK8             mytask.o
    0x08001dc6   0x08001dc6   0x00000004   Code   RO         3967    i.TASK9             mytask.o
    0x08001dca   0x08001dca   0x00000002   PAD
    0x08001dcc   0x08001dcc   0x00000038   Code   RO         3968    i.TASK_InitPro      mytask.o
    0x08001e04   0x08001e04   0x00000028   Code   RO         4161    i.TIM2_IRQHandler   delay_1.o
    0x08001e2c   0x08001e2c   0x00000006   Code   RO         2415    i.TIM_ClearFlag     stm32f10x_tim.o
    0x08001e32   0x08001e32   0x00000006   Code   RO         2416    i.TIM_ClearITPendingBit  stm32f10x_tim.o
    0x08001e38   0x08001e38   0x00000018   Code   RO         2421    i.TIM_Cmd           stm32f10x_tim.o
    0x08001e50   0x08001e50   0x0000006e   Code   RO         3358    i.TIM_Delay_Init    tim.o
    0x08001ebe   0x08001ebe   0x00000022   Code   RO         2442    i.TIM_GetITStatus   stm32f10x_tim.o
    0x08001ee0   0x08001ee0   0x00000012   Code   RO         2446    i.TIM_ITConfig      stm32f10x_tim.o
    0x08001ef2   0x08001ef2   0x0000000c   Code   RO         3362    i.TIM_InitPro       tim.o
    0x08001efe   0x08001efe   0x00000002   PAD
    0x08001f00   0x08001f00   0x00000014   Code   RO         3363    i.TIM_MOTOR_CH1_Pulse  tim.o
    0x08001f14   0x08001f14   0x00000014   Code   RO         3364    i.TIM_MOTOR_CH2_Pulse  tim.o
    0x08001f28   0x08001f28   0x00000088   Code   RO         3365    i.TIM_MOTOR_Init    tim.o
    0x08001fb0   0x08001fb0   0x00000098   Code   RO         2450    i.TIM_OC1Init       stm32f10x_tim.o
    0x08002048   0x08002048   0x000000a4   Code   RO         2455    i.TIM_OC2Init       stm32f10x_tim.o
    0x080020ec   0x080020ec   0x00000014   Code   RO         2468    i.TIM_OCStructInit  stm32f10x_tim.o
    0x08002100   0x08002100   0x00000004   Code   RO         2482    i.TIM_SetCompare1   stm32f10x_tim.o
    0x08002104   0x08002104   0x00000004   Code   RO         2483    i.TIM_SetCompare2   stm32f10x_tim.o
    0x08002108   0x08002108   0x00000004   Code   RO         2486    i.TIM_SetCounter    stm32f10x_tim.o
    0x0800210c   0x0800210c   0x000000a4   Code   RO         2492    i.TIM_TimeBaseInit  stm32f10x_tim.o
    0x080021b0   0x080021b0   0x00000230   Code   RO         3969    i.Task_Start        mytask.o
    0x080023e0   0x080023e0   0x00000014   Code   RO         3501    i.USART2_Clear_RecBuffer  usart.o
    0x080023f4   0x080023f4   0x00000050   Code   RO         3503    i.USART2_IRQHandler  usart.o
    0x08002444   0x08002444   0x00000074   Code   RO         3504    i.USART2_Init       usart.o
    0x080024b8   0x080024b8   0x0000005c   Code   RO         3505    i.USART2_RecState   usart.o
    0x08002514   0x08002514   0x00000020   Code   RO         3506    i.USART2_SendByte   usart.o
    0x08002534   0x08002534   0x0000001a   Code   RO         3508    i.USART2_SendString  usart.o
    0x0800254e   0x0800254e   0x00000002   PAD
    0x08002550   0x08002550   0x00000014   Code   RO         3509    i.USART3_Clear_RecBuffer  usart.o
    0x08002564   0x08002564   0x00000050   Code   RO         3511    i.USART3_IRQHandler  usart.o
    0x080025b4   0x080025b4   0x00000074   Code   RO         3512    i.USART3_Init       usart.o
    0x08002628   0x08002628   0x00000020   Code   RO         3514    i.USART3_SendByte   usart.o
    0x08002648   0x08002648   0x0000001a   Code   RO         3516    i.USART3_SendString  usart.o
    0x08002662   0x08002662   0x00000012   Code   RO         2956    i.USART_ClearFlag   stm32f10x_usart.o
    0x08002674   0x08002674   0x0000001e   Code   RO         2957    i.USART_ClearITPendingBit  stm32f10x_usart.o
    0x08002692   0x08002692   0x00000018   Code   RO         2960    i.USART_Cmd         stm32f10x_usart.o
    0x080026aa   0x080026aa   0x0000001a   Code   RO         2963    i.USART_GetFlagStatus  stm32f10x_usart.o
    0x080026c4   0x080026c4   0x00000054   Code   RO         2964    i.USART_GetITStatus  stm32f10x_usart.o
    0x08002718   0x08002718   0x0000004a   Code   RO         2966    i.USART_ITConfig    stm32f10x_usart.o
    0x08002762   0x08002762   0x00000002   PAD
    0x08002764   0x08002764   0x000000d8   Code   RO         2967    i.USART_Init        stm32f10x_usart.o
    0x0800283c   0x0800283c   0x00000040   Code   RO         3517    i.USART_InitPro     usart.o
    0x0800287c   0x0800287c   0x00000008   Code   RO         2977    i.USART_SendData    stm32f10x_usart.o
    0x08002884   0x08002884   0x00000004   Code   RO         4770    i.UsageFault_Handler  stm32f10x_it.o
    0x08002888   0x08002888   0x00000028   Code   RO         6005    i.__ARM_fpclassify  m_ws.l(fpclassify.o)
    0x080028b0   0x080028b0   0x000000aa   Code   RO         6007    i.__kernel_poly     m_ws.l(poly.o)
    0x0800295a   0x0800295a   0x00000006   Code   RO         5992    i.__mathlib_dbl_infnan  m_ws.l(dunder.o)
    0x08002960   0x08002960   0x00000004   Code   RO         5993    i.__mathlib_dbl_infnan2  m_ws.l(dunder.o)
    0x08002964   0x08002964   0x0000000c   Code   RO         5994    i.__mathlib_dbl_invalid  m_ws.l(dunder.o)
    0x08002970   0x08002970   0x00000010   Code   RO         5997    i.__mathlib_dbl_underflow  m_ws.l(dunder.o)
    0x08002980   0x08002980   0x0000000e   Code   RO         6077    i.__scatterload_copy  mc_w.l(handlers.o)
    0x0800298e   0x0800298e   0x00000002   Code   RO         6078    i.__scatterload_null  mc_w.l(handlers.o)
    0x08002990   0x08002990   0x0000000e   Code   RO         6079    i.__scatterload_zeroinit  mc_w.l(handlers.o)
    0x0800299e   0x0800299e   0x00000002   PAD
    0x080029a0   0x080029a0   0x0000000c   Code   RO         6047    i.__set_errno       mc_w.l(errno.o)
    0x080029ac   0x080029ac   0x00000270   Code   RO         5662    i.asin              m_ws.l(asin.o)
    0x08002c1c   0x08002c1c   0x00000220   Code   RO         5982    i.atan              m_ws.l(atan.o)
    0x08002e3c   0x08002e3c   0x0000019c   Code   RO         5672    i.atan2             m_ws.l(atan2.o)
    0x08002fd8   0x08002fd8   0x00000064   Code   RO         4522    i.decode_gesture    inv_mpu_dmp_motion_driver.o
    0x0800303c   0x0800303c   0x000001cc   Code   RO         4532    i.dmp_read_fifo     inv_mpu_dmp_motion_driver.o
    0x08003208   0x08003208   0x0000001e   Code   RO         4743    i.main              main.o
    0x08003226   0x08003226   0x00000002   PAD
    0x08003228   0x08003228   0x000000c0   Code   RO         4229    i.mpu_read_fifo_stream  inv_mpu.o
    0x080032e8   0x080032e8   0x000001c8   Code   RO         4233    i.mpu_reset_fifo    inv_mpu.o
    0x080034b0   0x080034b0   0x000000c0   Code   RO         5212    i.prvAddCurrentTaskToDelayedList  tasks.o
    0x08003570   0x08003570   0x000000e4   Code   RO         5213    i.prvAddNewTaskToReadyList  tasks.o
    0x08003654   0x08003654   0x00000048   Code   RO         5214    i.prvCheckTasksWaitingTermination  tasks.o
    0x0800369c   0x0800369c   0x00000012   Code   RO         5215    i.prvDeleteTCB      tasks.o
    0x080036ae   0x080036ae   0x00000002   PAD
    0x080036b0   0x080036b0   0x00000070   Code   RO         5529    i.prvHeapInit       heap_4.o
    0x08003720   0x08003720   0x00000028   Code   RO         5216    i.prvIdleTask       tasks.o
    0x08003748   0x08003748   0x00000088   Code   RO         5217    i.prvInitialiseNewTask  tasks.o
    0x080037d0   0x080037d0   0x00000068   Code   RO         5218    i.prvInitialiseTaskLists  tasks.o
    0x08003838   0x08003838   0x00000068   Code   RO         5530    i.prvInsertBlockIntoFreeList  heap_4.o
    0x080038a0   0x080038a0   0x00000030   Code   RO         5219    i.prvResetNextTaskUnblockTime  tasks.o
    0x080038d0   0x080038d0   0x00000016   Code   RO         5592    i.prvTaskExitError  port.o
    0x080038e6   0x080038e6   0x00000002   PAD
    0x080038e8   0x080038e8   0x000000e4   Code   RO         5532    i.pvPortMalloc      heap_4.o
    0x080039cc   0x080039cc   0x00000024   Code   RO         5593    i.pxPortInitialiseStack  port.o
    0x080039f0   0x080039f0   0x0000004c   Code   RO         6011    i.sqrt              m_ws.l(sqrt.o)
    0x08003a3c   0x08003a3c   0x00000028   Code   RO         4902    i.uxListRemove      list.o
    0x08003a64   0x08003a64   0x0000001a   Code   RO         4903    i.vListInitialise   list.o
    0x08003a7e   0x08003a7e   0x00000006   Code   RO         4904    i.vListInitialiseItem  list.o
    0x08003a84   0x08003a84   0x00000034   Code   RO         4905    i.vListInsert       list.o
    0x08003ab8   0x08003ab8   0x00000018   Code   RO         4906    i.vListInsertEnd    list.o
    0x08003ad0   0x08003ad0   0x00000024   Code   RO         5595    i.vPortEnterCritical  port.o
    0x08003af4   0x08003af4   0x00000020   Code   RO         5596    i.vPortExitCritical  port.o
    0x08003b14   0x08003b14   0x0000004c   Code   RO         5533    i.vPortFree         heap_4.o
    0x08003b60   0x08003b60   0x00000018   Code   RO         5597    i.vPortSetupTimerInterrupt  port.o
    0x08003b78   0x08003b78   0x00000034   Code   RO         5229    i.vTaskDelay        tasks.o
    0x08003bac   0x08003bac   0x000000d4   Code   RO         5230    i.vTaskDelete       tasks.o
    0x08003c80   0x08003c80   0x0000006c   Code   RO         5241    i.vTaskStartScheduler  tasks.o
    0x08003cec   0x08003cec   0x00000010   Code   RO         5243    i.vTaskSuspendAll   tasks.o
    0x08003cfc   0x08003cfc   0x00000060   Code   RO         5244    i.vTaskSwitchContext  tasks.o
    0x08003d5c   0x08003d5c   0x00000034   Code   RO         5598    i.xPortStartScheduler  port.o
    0x08003d90   0x08003d90   0x00000068   Code   RO         5247    i.xTaskCreate       tasks.o
    0x08003df8   0x08003df8   0x00000190   Code   RO         5256    i.xTaskIncrementTick  tasks.o
    0x08003f88   0x08003f88   0x0000015c   Code   RO         5258    i.xTaskResumeAll    tasks.o
    0x080040e4   0x080040e4   0x00000054   Data   RO         4250    .constdata          inv_mpu.o
    0x08004138   0x08004138   0x00000050   Data   RO         5663    .constdata          m_ws.l(asin.o)
    0x08004188   0x08004188   0x00000098   Data   RO         5983    .constdata          m_ws.l(atan.o)
    0x08004220   0x08004220   0x00000008   Data   RO         6009    .constdata          m_ws.l(qnan.o)
    0x08004228   0x08004228   0x00000020   Data   RO         6075    Region$$Table       anon$$obj.o


    Execution Region RW_IRAM1 (Exec base: 0x20000000, Load base: 0x08004248, Size: 0x00004210, Max: 0x00005000, ABSOLUTE, COMPRESSED[0x00000050])

    Exec Addr    Load Addr    Size         Type   Attr      Idx    E Section Name        Object

    0x20000000   COMPRESSED   0x00000014   Data   RW         1805    .data               stm32f10x_rcc.o
    0x20000014   COMPRESSED   0x0000080b   Data   RW         3518    .data               usart.o
    0x2000081f   COMPRESSED   0x00000001   PAD
    0x20000820   COMPRESSED   0x00000008   Data   RW         3627    .data               encoder.o
    0x20000828   COMPRESSED   0x00000006   Data   RW         3684    .data               adc.o
    0x2000082e   COMPRESSED   0x00000002   PAD
    0x20000830   COMPRESSED   0x00000034   Data   RW         3799    .data               mpu6050.o
    0x20000864   COMPRESSED   0x00000040   Data   RW         3970    .data               mytask.o
    0x200008a4   COMPRESSED   0x00000004   Data   RW         4162    .data               delay_1.o
    0x200008a8   COMPRESSED   0x0000002c   Data   RW         4251    .data               inv_mpu.o
    0x200008d4   COMPRESSED   0x00000040   Data   RW         5261    .data               tasks.o
    0x20000914   COMPRESSED   0x0000001c   Data   RW         5539    .data               heap_4.o
    0x20000930   COMPRESSED   0x00000004   Data   RW         5599    .data               port.o
    0x20000934   COMPRESSED   0x00000004   Data   RW         6048    .data               mc_w.l(errno.o)
    0x20000938        -       0x00000010   Zero   RW         4550    .bss                inv_mpu_dmp_motion_driver.o
    0x20000948        -       0x000000c8   Zero   RW         5260    .bss                tasks.o
    0x20000a10        -       0x00003400   Zero   RW         5538    .bss                heap_4.o
    0x20003e10        -       0x00000400   Zero   RW            1    STACK               startup_stm32f10x_md.o


==============================================================================

Image component sizes


      Code (inc. data)   RO Data    RW Data    ZI Data      Debug   Object Name

       252         14          0          6          0       1729   adc.o
         0          0          0          0          0       4500   core_cm3.o
        82         16          0          4          0       2539   delay_1.o
       192         12          0          8          0      15349   encoder.o
       964         92          0          0          0       9131   gpio.o
       520         58          0         28      13312       4683   heap_4.o
       438          0          0          0          0       5092   iic.o
       648         12         84         44          0       6882   inv_mpu.o
       560         10          0          0         16       7556   inv_mpu_dmp_motion_driver.o
       148          0          0          0          0       3378   list.o
        30          0          0          0          0        479   main.o
       132         22          0          0          0     216083   misc.o
       262          0          0          0          0       6695   motor.o
       708         44          0         52          0       2621   mpu6050.o
       690        260          0         64          0       9055   mytask.o
        44         14          0          0          0       1551   pid.o
       404         48          0          4          0       9216   port.o
        36          8        236          0       1024        820   startup_stm32f10x_md.o
       390         10          0          0          0      18001   stm32f10x_adc.o
        84          0          0          0          0      12549   stm32f10x_dma.o
       212         24          0          0          0       4709   stm32f10x_exti.o
       514         10          0          0          0      12896   stm32f10x_gpio.o
        20          0          0          0          0       2657   stm32f10x_it.o
       332         44          0         20          0      14217   stm32f10x_rcc.o
       600         72          0          0          0      27846   stm32f10x_tim.o
       480          6          0          0          0      12741   stm32f10x_usart.o
       328         28          0          0          0      55249   system_stm32f10x.o
      2174        300          0         64        200      27313   tasks.o
       298         16          0          0          0       2764   tim.o
       704        108          0       2059          0       7506   usart.o

    ----------------------------------------------------------------------
     12272       1228        352       2356      14552     505807   Object Totals
         0          0         32          0          0          0   (incl. Generated)
        26          0          0          3          0          0   (incl. Padding)

    ----------------------------------------------------------------------

      Code (inc. data)   RO Data    RW Data    ZI Data      Debug   Library Member Name

       624         52         80          0          0        168   asin.o
       544         70        152          0          0        124   atan.o
       412         38          0          0          0        144   atan2.o
        38          6          0          0          0        272   dunder.o
        40          0          0          0          0         68   fpclassify.o
       170          0          0          0          0         96   poly.o
         0          0          8          0          0          0   qnan.o
        76          0          0          0          0         84   sqrt.o
        86          0          0          0          0          0   __dczerorl2.o
         0          0          0          0          0          0   entry.o
         0          0          0          0          0          0   entry10a.o
         0          0          0          0          0          0   entry11a.o
         4          0          0          0          0          0   entry12b.o
         8          4          0          0          0          0   entry2.o
         4          0          0          0          0          0   entry5.o
         0          0          0          0          0          0   entry7b.o
         0          0          0          0          0          0   entry8b.o
         8          4          0          0          0          0   entry9a.o
        12          6          0          4          0         68   errno.o
        30          0          0          0          0          0   handlers.o
        36          8          0          0          0         68   init.o
         0          0          0          0          0          0   iusefp.o
        30          0          0          0          0         68   llshl.o
        36          0          0          0          0         68   llsshr.o
        32          0          0          0          0         68   llushr.o
        36          0          0          0          0        108   memseta.o
        48          0          0          0          0         68   cdcmple.o
        56          0          0          0          0         88   d2f.o
       334          0          0          0          0        148   dadd.o
       222          0          0          0          0        100   ddiv.o
       186          0          0          0          0        176   depilogue.o
        26          0          0          0          0         76   dfltui.o
       228          0          0          0          0         96   dmul.o
        46          0          0          0          0         80   dscalb.o
       162          0          0          0          0        100   dsqrt.o
        38          0          0          0          0         68   f2d.o
       176          0          0          0          0        140   fadd.o
       124          0          0          0          0         88   fdiv.o
       110          0          0          0          0        168   fepilogue.o
        18          0          0          0          0         68   fflti.o
       100          0          0          0          0         76   fmul.o

    ----------------------------------------------------------------------
      4104        188        240          4          0       2944   Library Totals
         4          0          0          0          0          0   (incl. Padding)

    ----------------------------------------------------------------------

      Code (inc. data)   RO Data    RW Data    ZI Data      Debug   Library Name

      1904        166        240          0          0        956   m_ws.l
       322         22          0          4          0        448   mc_w.l
      1874          0          0          0          0       1540   mf_w.l

    ----------------------------------------------------------------------
      4104        188        240          4          0       2944   Library Totals

    ----------------------------------------------------------------------

==============================================================================


      Code (inc. data)   RO Data    RW Data    ZI Data      Debug   

     16376       1416        592       2360      14552     498739   Grand Totals
     16376       1416        592         80      14552     498739   ELF Image Totals (compressed)
     16376       1416        592         80          0          0   ROM Totals

==============================================================================

    Total RO  Size (Code + RO Data)                16968 (  16.57kB)
    Total RW  Size (RW Data + ZI Data)             16912 (  16.52kB)
    Total ROM Size (Code + RO Data + RW Data)      17048 (  16.65kB)

==============================================================================

